Archive member included to satisfy reference by file (symbol)

c:/intelfpga_lite/19.1/nios2eds/bin/gnu/h-x86_64-mingw32/bin/../lib/gcc/nios2-elf/8.3.1/../../../../../H-x86_64-mingw32/nios2-elf/lib\libstdc++.a(new_op.o)
                              obj/default/updater.o (operator new(unsigned int))
c:/intelfpga_lite/19.1/nios2eds/bin/gnu/h-x86_64-mingw32/bin/../lib/gcc/nios2-elf/8.3.1/../../../../../H-x86_64-mingw32/nios2-elf/lib\libstdc++.a(new_handler.o)
                              c:/intelfpga_lite/19.1/nios2eds/bin/gnu/h-x86_64-mingw32/bin/../lib/gcc/nios2-elf/8.3.1/../../../../../H-x86_64-mingw32/nios2-elf/lib\libstdc++.a(new_op.o) (std::get_new_handler())
c:/intelfpga_lite/19.1/nios2eds/bin/gnu/h-x86_64-mingw32/bin/../lib/gcc/nios2-elf/8.3.1/../../../../../H-x86_64-mingw32/nios2-elf/lib\libstdc++.a(eh_catch.o)
                              obj/default/updater.o (__cxa_begin_catch)
c:/intelfpga_lite/19.1/nios2eds/bin/gnu/h-x86_64-mingw32/bin/../lib/gcc/nios2-elf/8.3.1/../../../../../H-x86_64-mingw32/nios2-elf/lib\libstdc++.a(eh_terminate.o)
                              c:/intelfpga_lite/19.1/nios2eds/bin/gnu/h-x86_64-mingw32/bin/../lib/gcc/nios2-elf/8.3.1/../../../../../H-x86_64-mingw32/nios2-elf/lib\libstdc++.a(eh_catch.o) (std::terminate())
c:/intelfpga_lite/19.1/nios2eds/bin/gnu/h-x86_64-mingw32/bin/../lib/gcc/nios2-elf/8.3.1/../../../../../H-x86_64-mingw32/nios2-elf/lib\libstdc++.a(eh_unex_handler.o)
                              c:/intelfpga_lite/19.1/nios2eds/bin/gnu/h-x86_64-mingw32/bin/../lib/gcc/nios2-elf/8.3.1/../../../../../H-x86_64-mingw32/nios2-elf/lib\libstdc++.a(eh_terminate.o) (__cxxabiv1::__unexpected_handler)
c:/intelfpga_lite/19.1/nios2eds/bin/gnu/h-x86_64-mingw32/bin/../lib/gcc/nios2-elf/8.3.1/../../../../../H-x86_64-mingw32/nios2-elf/lib\libstdc++.a(eh_throw.o)
                              c:/intelfpga_lite/19.1/nios2eds/bin/gnu/h-x86_64-mingw32/bin/../lib/gcc/nios2-elf/8.3.1/../../../../../H-x86_64-mingw32/nios2-elf/lib\libstdc++.a(new_op.o) (__cxa_throw)
c:/intelfpga_lite/19.1/nios2eds/bin/gnu/h-x86_64-mingw32/bin/../lib/gcc/nios2-elf/8.3.1/../../../../../H-x86_64-mingw32/nios2-elf/lib\libstdc++.a(del_op.o)
                              obj/default/updater.o (operator delete(void*))
c:/intelfpga_lite/19.1/nios2eds/bin/gnu/h-x86_64-mingw32/bin/../lib/gcc/nios2-elf/8.3.1/../../../../../H-x86_64-mingw32/nios2-elf/lib\libstdc++.a(bad_alloc.o)
                              c:/intelfpga_lite/19.1/nios2eds/bin/gnu/h-x86_64-mingw32/bin/../lib/gcc/nios2-elf/8.3.1/../../../../../H-x86_64-mingw32/nios2-elf/lib\libstdc++.a(new_op.o) (vtable for std::bad_alloc)
c:/intelfpga_lite/19.1/nios2eds/bin/gnu/h-x86_64-mingw32/bin/../lib/gcc/nios2-elf/8.3.1/../../../../../H-x86_64-mingw32/nios2-elf/lib\libstdc++.a(eh_personality.o)
                              obj/default/updater.o (__gxx_personality_sj0)
c:/intelfpga_lite/19.1/nios2eds/bin/gnu/h-x86_64-mingw32/bin/../lib/gcc/nios2-elf/8.3.1/../../../../../H-x86_64-mingw32/nios2-elf/lib\libstdc++.a(eh_alloc.o)
                              c:/intelfpga_lite/19.1/nios2eds/bin/gnu/h-x86_64-mingw32/bin/../lib/gcc/nios2-elf/8.3.1/../../../../../H-x86_64-mingw32/nios2-elf/lib\libstdc++.a(new_op.o) (__cxa_allocate_exception)
c:/intelfpga_lite/19.1/nios2eds/bin/gnu/h-x86_64-mingw32/bin/../lib/gcc/nios2-elf/8.3.1/../../../../../H-x86_64-mingw32/nios2-elf/lib\libstdc++.a(tree.o)
                              obj/default/updater.o (std::_Rb_tree_increment(std::_Rb_tree_node_base const*))
c:/intelfpga_lite/19.1/nios2eds/bin/gnu/h-x86_64-mingw32/bin/../lib/gcc/nios2-elf/8.3.1/../../../../../H-x86_64-mingw32/nios2-elf/lib\libstdc++.a(functexcept.o)
                              obj/default/updater.o (std::__throw_bad_alloc())
c:/intelfpga_lite/19.1/nios2eds/bin/gnu/h-x86_64-mingw32/bin/../lib/gcc/nios2-elf/8.3.1/../../../../../H-x86_64-mingw32/nios2-elf/lib\libstdc++.a(snprintf_lite.o)
                              c:/intelfpga_lite/19.1/nios2eds/bin/gnu/h-x86_64-mingw32/bin/../lib/gcc/nios2-elf/8.3.1/../../../../../H-x86_64-mingw32/nios2-elf/lib\libstdc++.a(functexcept.o) (__gnu_cxx::__snprintf_lite(char*, unsigned int, char const*, void*))
c:/intelfpga_lite/19.1/nios2eds/bin/gnu/h-x86_64-mingw32/bin/../lib/gcc/nios2-elf/8.3.1/../../../../../H-x86_64-mingw32/nios2-elf/lib\libstdc++.a(cow-stdexcept.o)
                              c:/intelfpga_lite/19.1/nios2eds/bin/gnu/h-x86_64-mingw32/bin/../lib/gcc/nios2-elf/8.3.1/../../../../../H-x86_64-mingw32/nios2-elf/lib\libstdc++.a(functexcept.o) (std::logic_error::logic_error(char const*))
c:/intelfpga_lite/19.1/nios2eds/bin/gnu/h-x86_64-mingw32/bin/../lib/gcc/nios2-elf/8.3.1/../../../../../H-x86_64-mingw32/nios2-elf/lib\libstdc++.a(eh_call.o)
                              c:/intelfpga_lite/19.1/nios2eds/bin/gnu/h-x86_64-mingw32/bin/../lib/gcc/nios2-elf/8.3.1/../../../../../H-x86_64-mingw32/nios2-elf/lib\libstdc++.a(eh_personality.o) (__cxa_call_terminate)
[...]
Memory Configuration

Name             Origin             Length             Attributes
onchip_memory2_0 0x0000000000000000 0x0000000000000010
reset            0x0000000010000000 0x0000000000000020
sdram            0x0000000010000020 0x0000000007ffffe0
*default*        0x0000000000000000 0xffffffffffffffff

Linker script and memory map

LOAD C:/Lab7/final_project/software/final_project_bsp/obj/HAL/src/crt0.o
LOAD obj/default/aesop.o
LOAD obj/default/core.o
LOAD obj/default/io_handler.o
LOAD obj/default/logic.o
LOAD obj/default/main.o
LOAD obj/default/tile_eng_driver.o
LOAD obj/default/usb.o
LOAD obj/default/updater.o
LOAD c:/intelfpga_lite/19.1/nios2eds/bin/gnu/h-x86_64-mingw32/bin/../lib/gcc/nios2-elf/8.3.1/../../../../../H-x86_64-mingw32/nios2-elf/lib\libstdc++.a
LOAD c:/intelfpga_lite/19.1/nios2eds/bin/gnu/h-x86_64-mingw32/bin/../lib/gcc/nios2-elf/8.3.1/../../../../../H-x86_64-mingw32/nios2-elf/lib\libm.a
LOAD c:/intelfpga_lite/19.1/nios2eds/bin/gnu/h-x86_64-mingw32/bin/../lib/gcc/nios2-elf/8.3.1\libgcc.a
START GROUP
LOAD c:/intelfpga_lite/19.1/nios2eds/bin/gnu/h-x86_64-mingw32/bin/../lib/gcc/nios2-elf/8.3.1/../../../../../H-x86_64-mingw32/nios2-elf/lib\libc.a
LOAD c:/intelfpga_lite/19.1/nios2eds/bin/gnu/h-x86_64-mingw32/bin/../lib/gcc/nios2-elf/8.3.1\libgcc.a
LOAD C:/Lab7/final_project/software/final_project_bsp\libhal_bsp.a
LOAD c:/intelfpga_lite/19.1/nios2eds/bin/gnu/h-x86_64-mingw32/bin/../lib/gcc/nios2-elf/8.3.1/../../../../../H-x86_64-mingw32/nios2-elf/lib\libm.a
END GROUP
LOAD c:/intelfpga_lite/19.1/nios2eds/bin/gnu/h-x86_64-mingw32/bin/../lib/gcc/nios2-elf/8.3.1\libgcc.a
                0x0000000000000000                __alt_mem_onchip_memory2_0 = 0x0
                0x0000000010000000                __alt_mem_sdram = 0x10000000

.entry          0x0000000010000000       0x20
 *(.entry)
 .entry         0x0000000010000000       0x20 C:/Lab7/final_project/software/final_project_bsp/obj/HAL/src/crt0.o
                0x0000000010000000                __reset

.exceptions     0x0000000010000020      0x218
                0x0000000010000020                PROVIDE (__ram_exceptions_start = ABSOLUTE (.))
                0x0000000010000020                . = ALIGN (0x20)
 *(.irq)
 *(.exceptions.entry.label)
 .exceptions.entry.label
                0x0000000010000020        0x0 C:/Lab7/final_project/software/final_project_bsp\libhal_bsp.a(alt_irq_entry.o)
                0x0000000010000020                alt_irq_entry
 .exceptions.entry.label
                0x0000000010000020        0x0 C:/Lab7/final_project/software/final_project_bsp\libhal_bsp.a(alt_exception_entry.o)
                0x0000000010000020                alt_exception
 *(.exceptions.entry.user)
 *(.exceptions.entry.ecc_fatal)
 *(.exceptions.entry)
 .exceptions.entry
                0x0000000010000020       0x54 C:/Lab7/final_project/software/final_project_bsp\libhal_bsp.a(alt_exception_entry.o)
 *(.exceptions.irqtest.user)
 *(.exceptions.irqtest)
 .exceptions.irqtest
                0x0000000010000074       0x10 C:/Lab7/final_project/software/final_project_bsp\libhal_bsp.a(alt_irq_entry.o)
 *(.exceptions.irqhandler.user)
 *(.exceptions.irqhandler)
 .exceptions.irqhandler
                0x0000000010000084        0x4 C:/Lab7/final_project/software/final_project_bsp\libhal_bsp.a(alt_irq_entry.o)
 *(.exceptions.irqreturn.user)
 *(.exceptions.irqreturn)
 .exceptions.irqreturn
                0x0000000010000088        0x4 C:/Lab7/final_project/software/final_project_bsp\libhal_bsp.a(alt_irq_entry.o)
 *(.exceptions.notirq.label)
 .exceptions.notirq.label
                0x000000001000008c        0x0 C:/Lab7/final_project/software/final_project_bsp\libhal_bsp.a(alt_irq_entry.o)
 *(.exceptions.notirq.user)
 *(.exceptions.notirq)
 .exceptions.notirq
                0x000000001000008c        0x8 C:/Lab7/final_project/software/final_project_bsp\libhal_bsp.a(alt_exception_entry.o)
 *(.exceptions.soft.user)
 *(.exceptions.soft)
 *(.exceptions.unknown.user)
 *(.exceptions.unknown)
 .exceptions.unknown
                0x0000000010000094       0x14 C:/Lab7/final_project/software/final_project_bsp\libhal_bsp.a(alt_exception_entry.o)
 *(.exceptions.exit.label)
 .exceptions.exit.label
                0x00000000100000a8        0x0 C:/Lab7/final_project/software/final_project_bsp\libhal_bsp.a(alt_irq_entry.o)
 .exceptions.exit.label
                0x00000000100000a8        0x0 C:/Lab7/final_project/software/final_project_bsp\libhal_bsp.a(alt_exception_entry.o)
 *(.exceptions.exit.user)
 *(.exceptions.exit)
 .exceptions.exit
                0x00000000100000a8       0x54 C:/Lab7/final_project/software/final_project_bsp\libhal_bsp.a(alt_exception_entry.o)
 *(.exceptions)
 .exceptions    0x00000000100000fc       0xc8 C:/Lab7/final_project/software/final_project_bsp\libhal_bsp.a(alt_irq_handler.o)
                0x00000000100000fc                alt_irq_handler
 .exceptions    0x00000000100001c4       0x74 C:/Lab7/final_project/software/final_project_bsp\libhal_bsp.a(alt_instruction_exception_entry.o)
                0x00000000100001c4                alt_instruction_exception_entry
                0x0000000010000238                PROVIDE (__ram_exceptions_end = ABSOLUTE (.))
                0x0000000010000020                PROVIDE (__flash_exceptions_start = LOADADDR (.exceptions))

.text           0x0000000010000238    0x24390
                [!provide]                        PROVIDE (stext = ABSOLUTE (.))
 *(.interp)
 *(.hash)
 *(.dynsym)
 *(.dynstr)
 *(.gnu.version)
 *(.gnu.version_d)
 *(.gnu.version_r)
 *(.rel.init)
 *(.rela.init)
 *(.rel.text .rel.text.* .rel.gnu.linkonce.t.*)
 *(.rela.text .rela.text.* .rela.gnu.linkonce.t.*)
 *(.rel.fini)
 *(.rela.fini)
 *(.rel.rodata .rel.rodata.* .rel.gnu.linkonce.r.*)
 *(.rela.rodata .rela.rodata.* .rela.gnu.linkonce.r.*)
 *(.rel.data .rel.data.* .rel.gnu.linkonce.d.*)
 *(.rela.data .rela.data.* .rela.gnu.linkonce.d.*)
 *(.rel.tdata .rel.tdata.* .rel.gnu.linkonce.td.*)
 *(.rela.tdata .rela.tdata.* .rela.gnu.linkonce.td.*)
 *(.rel.tbss .rel.tbss.* .rel.gnu.linkonce.tb.*)
 *(.rela.tbss .rela.tbss.* .rela.gnu.linkonce.tb.*)
 *(.rel.ctors)
 *(.rela.ctors)
 *(.rel.dtors)
 *(.rela.dtors)
 *(.rel.got)
 *(.rela.got)
 *(.rel.sdata .rel.sdata.* .rel.gnu.linkonce.s.*)
 *(.rela.sdata .rela.sdata.* .rela.gnu.linkonce.s.*)
 *(.rel.sbss .rel.sbss.* .rel.gnu.linkonce.sb.*)
 *(.rela.sbss .rela.sbss.* .rela.gnu.linkonce.sb.*)
 *(.rel.sdata2 .rel.sdata2.* .rel.gnu.linkonce.s2.*)
 *(.rela.sdata2 .rela.sdata2.* .rela.gnu.linkonce.s2.*)
 *(.rel.sbss2 .rel.sbss2.* .rel.gnu.linkonce.sb2.*)
 *(.rela.sbss2 .rela.sbss2.* .rela.gnu.linkonce.sb2.*)
 *(.rel.bss .rel.bss.* .rel.gnu.linkonce.b.*)
 *(.rela.bss .rela.bss.* .rela.gnu.linkonce.b.*)
 *(.rel.plt)
 *(.rela.plt)
 *(.rel.dyn)
 *(.init)
 *(.plt)
 *(.text .stub .text.* .gnu.linkonce.t.*)
 .text          0x0000000010000238       0x4c C:/Lab7/final_project/software/final_project_bsp/obj/HAL/src/crt0.o
                0x0000000010000238                _start
 .text          0x0000000010000284      0xca4 obj/default/aesop.o
                0x0000000010000284                aes_encrypt
                0x0000000010000658                key_expansion
                0x0000000010000848                shift_rows
                0x0000000010000920                sub_byte
                0x000000001000096c                sub_word32
                0x0000000010000a18                sub_word
                0x0000000010000adc                rot_word
                0x0000000010000b04                mix_columns
                0x0000000010000dc0                add_round_key
                0x0000000010000e80                transpose
 .text          0x0000000010000f28      0x290 obj/default/core.o
                0x0000000010000f28                screen_test
 .text          0x00000000100011b8      0x164 obj/default/io_handler.o
                0x00000000100011b8                IO_init
                0x0000000010001240                IO_write
                0x00000000100012b4                IO_read
 .text          0x000000001000131c     0x24e0 obj/default/logic.o
                0x000000001000131c                init_game
                0x0000000010001784                tickgame
                0x0000000010001e08                recur_free
                0x0000000010001e54                stack_push
                0x0000000010001f38                blinkys_move
                0x0000000010002884                pinkys_move
                0x00000000100028a8                inkys_move
                0x00000000100028cc                clydes_move
                0x0000000010002ad0                blinkyPalette
                0x0000000010002b3c                pinkyPalette
                0x0000000010002ba4                inkyPalette
                0x0000000010002c0c                clydePalette
                0x0000000010002c74                gbPalette
                0x0000000010002cfc                textPalette
                0x0000000010002d80                wallPalette
                0x0000000010002df4                initScreen
                0x0000000010002fbc                drawBoard
                0x00000000100033bc                updateBoard
 .text          0x00000000100037fc      0xdb0 obj/default/main.o
                0x00000000100037fc                main
 .text          0x00000000100045ac      0x538 obj/default/tile_eng_driver.o
                0x00000000100045ac                drawTile
                0x0000000010004630                writePaletteHelper
                0x00000000100046d8                writePalette
                0x000000001000479c                parseSpriteLine
                0x0000000010004884                parseSprite
                0x00000000100048fc                writeSprite
                0x00000000100049d0                writeText
                0x0000000010004a68                clearScreen
 .text          0x0000000010004ae4     0x1178 obj/default/usb.o
                0x0000000010004ae4                UsbWrite
                0x0000000010004b40                UsbRead
                0x0000000010004b84                UsbSoftReset
                0x0000000010004c38                UsbSetAddress
                0x0000000010004d38                UsbGetDeviceDesc1
                0x0000000010004e80                UsbGetDeviceDesc2
                0x0000000010005058                UsbGetConfigDesc1
                0x00000000100051e8                UsbGetConfigDesc2
                0x0000000010005450                UsbSetConfig
                0x0000000010005550                UsbClassRequest
                0x0000000010005650                UsbGetHidDesc
                0x0000000010005798                UsbGetReportDesc
                0x0000000010005ad8                UsbWaitTDListDone
                0x0000000010005b5c                UsbGetRetryCnt
                0x0000000010005bdc                UsbPrintMem
 .text          0x0000000010005c5c      0x32c obj/default/updater.o
                0x0000000010005c5c                addToSet
                0x0000000010005cb4                addPendingPos
                0x0000000010005d28                getOne
                0x0000000010005e24                hasRemain
                0x0000000010005e80                clearQueue
 .text._ZnwjPv  0x0000000010005f88       0x28 obj/default/updater.o
                0x0000000010005f88                operator new(unsigned int, void*)
 .text._ZNSt15_Rb_tree_headerC2Ev
                0x0000000010005fb0       0x3c obj/default/updater.o
                0x0000000010005fb0                std::_Rb_tree_header::_Rb_tree_header()
                0x0000000010005fb0                std::_Rb_tree_header::_Rb_tree_header()
 .text._ZNSt15_Rb_tree_header8_M_resetEv
                0x0000000010005fec       0x4c obj/default/updater.o
                0x0000000010005fec                std::_Rb_tree_header::_M_reset()
 .text._ZN9TileGroupC2E10__tile_col
                0x0000000010006038       0x3c obj/default/updater.o
                0x0000000010006038                TileGroup::TileGroup(__tile_col)
                0x0000000010006038                TileGroup::TileGroup(__tile_col)
 .text._ZN9TileGroupC2Ess
                0x0000000010006074       0x58 obj/default/updater.o
                0x0000000010006074                TileGroup::TileGroup(short, short)
                0x0000000010006074                TileGroup::TileGroup(short, short)
 .text._ZNK9TileGroupltERKS_
                0x00000000100060cc       0x88 obj/default/updater.o
                0x00000000100060cc                TileGroup::operator<(TileGroup const&) const
 .text._ZNSt8_Rb_treeI9TileGroupS0_St9_IdentityIS0_ESt4lessIS0_ESaIS0_EE13_Rb_tree_implIS4_Lb1EED2Ev
                0x0000000010006154       0x34 obj/default/updater.o
                0x0000000010006154                std::_Rb_tree<TileGroup, TileGroup, std::_Identity<TileGroup>, std::less<TileGroup>, std::allocator<TileGroup> >::_Rb_tree_impl<std::less<TileGroup>, true>::~_Rb_tree_impl()
                0x0000000010006154                std::_Rb_tree<TileGroup, TileGroup, std::_Identity<TileGroup>, std::less<TileGroup>, std::allocator<TileGroup> >::_Rb_tree_impl<std::less<TileGroup>, true>::~_Rb_tree_impl()
 .text._ZNSt8_Rb_treeI9TileGroupS0_St9_IdentityIS0_ESt4lessIS0_ESaIS0_EEC2Ev
                0x0000000010006188       0x38 obj/default/updater.o
                0x0000000010006188                std::_Rb_tree<TileGroup, TileGroup, std::_Identity<TileGroup>, std::less<TileGroup>, std::allocator<TileGroup> >::_Rb_tree()
                0x0000000010006188                std::_Rb_tree<TileGroup, TileGroup, std::_Identity<TileGroup>, std::less<TileGroup>, std::allocator<TileGroup> >::_Rb_tree()
 .text._ZNSt3setI9TileGroupSt4lessIS0_ESaIS0_EEC2Ev
                0x00000000100061c0       0x38 obj/default/updater.o
                0x00000000100061c0                std::set<TileGroup, std::less<TileGroup>, std::allocator<TileGroup> >::set()
                0x00000000100061c0                std::set<TileGroup, std::less<TileGroup>, std::allocator<TileGroup> >::set()
 .text._ZNSt8_Rb_treeI9TileGroupS0_St9_IdentityIS0_ESt4lessIS0_ESaIS0_EE13_Rb_tree_implIS4_Lb1EEC2Ev
                0x00000000100061f8       0x50 obj/default/updater.o
                0x00000000100061f8                std::_Rb_tree<TileGroup, TileGroup, std::_Identity<TileGroup>, std::less<TileGroup>, std::allocator<TileGroup> >::_Rb_tree_impl<std::less<TileGroup>, true>::_Rb_tree_impl()
                0x00000000100061f8                std::_Rb_tree<TileGroup, TileGroup, std::_Identity<TileGroup>, std::less<TileGroup>, std::allocator<TileGroup> >::_Rb_tree_impl<std::less<TileGroup>, true>::_Rb_tree_impl()
 .text._ZNSaISt13_Rb_tree_nodeI9TileGroupEED2Ev
                0x0000000010006248       0x34 obj/default/updater.o
                0x0000000010006248                std::allocator<std::_Rb_tree_node<TileGroup> >::~allocator()
                0x0000000010006248                std::allocator<std::_Rb_tree_node<TileGroup> >::~allocator()
 .text._ZNSt8_Rb_treeI9TileGroupS0_St9_IdentityIS0_ESt4lessIS0_ESaIS0_EED2Ev
                0x000000001000627c       0x80 obj/default/updater.o
                0x000000001000627c                std::_Rb_tree<TileGroup, TileGroup, std::_Identity<TileGroup>, std::less<TileGroup>, std::allocator<TileGroup> >::~_Rb_tree()
                0x000000001000627c                std::_Rb_tree<TileGroup, TileGroup, std::_Identity<TileGroup>, std::less<TileGroup>, std::allocator<TileGroup> >::~_Rb_tree()
 .text._ZNSt3setI9TileGroupSt4lessIS0_ESaIS0_EE6insertERKS0_
                0x00000000100062fc       0x84 obj/default/updater.o
                0x00000000100062fc                std::set<TileGroup, std::less<TileGroup>, std::allocator<TileGroup> >::insert(TileGroup const&)
 .text._ZNKSt3setI9TileGroupSt4lessIS0_ESaIS0_EE5beginEv
                0x0000000010006380       0x34 obj/default/updater.o
                0x0000000010006380                std::set<TileGroup, std::less<TileGroup>, std::allocator<TileGroup> >::begin() const
 .text._ZNKSt3setI9TileGroupSt4lessIS0_ESaIS0_EE3endEv
                0x00000000100063b4       0x34 obj/default/updater.o
                0x00000000100063b4                std::set<TileGroup, std::less<TileGroup>, std::allocator<TileGroup> >::end() const
 .text._ZNKSt23_Rb_tree_const_iteratorI9TileGroupEneERKS1_
                0x00000000100063e8       0x38 obj/default/updater.o
                0x00000000100063e8                std::_Rb_tree_const_iterator<TileGroup>::operator!=(std::_Rb_tree_const_iterator<TileGroup> const&) const
 .text._ZNKSt23_Rb_tree_const_iteratorI9TileGroupEdeEv
                0x0000000010006420       0x38 obj/default/updater.o
                0x0000000010006420                std::_Rb_tree_const_iterator<TileGroup>::operator*() const
 .text._ZNSt3setI9TileGroupSt4lessIS0_ESaIS0_EE5eraseERKS0_
                0x0000000010006458       0x3c obj/default/updater.o
                0x0000000010006458                std::set<TileGroup, std::less<TileGroup>, std::allocator<TileGroup> >::erase(TileGroup const&)
 .text._ZNSt3setI9TileGroupSt4lessIS0_ESaIS0_EE5clearEv
                0x0000000010006494       0x38 obj/default/updater.o
                0x0000000010006494                std::set<TileGroup, std::less<TileGroup>, std::allocator<TileGroup> >::clear()
 .text._ZNSaISt13_Rb_tree_nodeI9TileGroupEEC2Ev
                0x00000000100064cc       0x34 obj/default/updater.o
                0x00000000100064cc                std::allocator<std::_Rb_tree_node<TileGroup> >::allocator()
                0x00000000100064cc                std::allocator<std::_Rb_tree_node<TileGroup> >::allocator()
 .text._ZNSt20_Rb_tree_key_compareISt4lessI9TileGroupEEC2Ev
                0x0000000010006500       0x24 obj/default/updater.o
                0x0000000010006500                std::_Rb_tree_key_compare<std::less<TileGroup> >::_Rb_tree_key_compare()
                0x0000000010006500                std::_Rb_tree_key_compare<std::less<TileGroup> >::_Rb_tree_key_compare()
 .text._ZN9__gnu_cxx13new_allocatorISt13_Rb_tree_nodeI9TileGroupEED2Ev
                0x0000000010006524       0x24 obj/default/updater.o
                0x0000000010006524                __gnu_cxx::new_allocator<std::_Rb_tree_node<TileGroup> >::~new_allocator()
                0x0000000010006524                __gnu_cxx::new_allocator<std::_Rb_tree_node<TileGroup> >::~new_allocator()
 .text._ZNSt8_Rb_treeI9TileGroupS0_St9_IdentityIS0_ESt4lessIS0_ESaIS0_EE8_M_eraseEPSt13_Rb_tree_nodeIS0_E
                0x0000000010006548       0x70 obj/default/updater.o
                0x0000000010006548                std::_Rb_tree<TileGroup, TileGroup, std::_Identity<TileGroup>, std::less<TileGroup>, std::allocator<TileGroup> >::_M_erase(std::_Rb_tree_node<TileGroup>*)
 .text._ZNSt8_Rb_treeI9TileGroupS0_St9_IdentityIS0_ESt4lessIS0_ESaIS0_EE8_M_beginEv
                0x00000000100065b8       0x28 obj/default/updater.o
                0x00000000100065b8                std::_Rb_tree<TileGroup, TileGroup, std::_Identity<TileGroup>, std::less<TileGroup>, std::allocator<TileGroup> >::_M_begin()
 .text._ZSt7forwardIRK9TileGroupEOT_RNSt16remove_referenceIS3_E4typeE
                0x00000000100065e0       0x24 obj/default/updater.o
                0x00000000100065e0                TileGroup const& std::forward<TileGroup const&>(std::remove_reference<TileGroup const&>::type&)
 .text._ZNSt8_Rb_treeI9TileGroupS0_St9_IdentityIS0_ESt4lessIS0_ESaIS0_EE16_M_insert_uniqueIRKS0_EESt4pairISt17_Rb_tree_iteratorIS0_EbEOT_
                0x0000000010006604      0x130 obj/default/updater.o
                0x0000000010006604                std::pair<std::_Rb_tree_iterator<TileGroup>, bool> std::_Rb_tree<TileGroup, TileGroup, std::_Identity<TileGroup>, std::less<TileGroup>, std::allocator<TileGroup> >::_M_insert_unique<TileGroup const&>(TileGroup const&)
 .text._ZSt7forwardIRSt17_Rb_tree_iteratorI9TileGroupEEOT_RNSt16remove_referenceIS4_E4typeE
                0x0000000010006734       0x24 obj/default/updater.o
                0x0000000010006734                std::_Rb_tree_iterator<TileGroup>& std::forward<std::_Rb_tree_iterator<TileGroup>&>(std::remove_reference<std::_Rb_tree_iterator<TileGroup>&>::type&)
 .text._ZNSt4pairISt23_Rb_tree_const_iteratorI9TileGroupEbEC2IRSt17_Rb_tree_iteratorIS1_ERbLb1EEEOT_OT0_
                0x0000000010006758       0x68 obj/default/updater.o
                0x0000000010006758                std::pair<std::_Rb_tree_const_iterator<TileGroup>, bool>::pair<std::_Rb_tree_iterator<TileGroup>&, bool&, true>(std::_Rb_tree_iterator<TileGroup>&, bool&)
                0x0000000010006758                std::pair<std::_Rb_tree_const_iterator<TileGroup>, bool>::pair<std::_Rb_tree_iterator<TileGroup>&, bool&, true>(std::_Rb_tree_iterator<TileGroup>&, bool&)
 .text._ZNKSt8_Rb_treeI9TileGroupS0_St9_IdentityIS0_ESt4lessIS0_ESaIS0_EE5beginEv
                0x00000000100067c0       0x44 obj/default/updater.o
                0x00000000100067c0                std::_Rb_tree<TileGroup, TileGroup, std::_Identity<TileGroup>, std::less<TileGroup>, std::allocator<TileGroup> >::begin() const
 .text._ZNKSt8_Rb_treeI9TileGroupS0_St9_IdentityIS0_ESt4lessIS0_ESaIS0_EE3endEv
                0x0000000010006804       0x44 obj/default/updater.o
                0x0000000010006804                std::_Rb_tree<TileGroup, TileGroup, std::_Identity<TileGroup>, std::less<TileGroup>, std::allocator<TileGroup> >::end() const
 .text._ZNKSt13_Rb_tree_nodeI9TileGroupE9_M_valptrEv
                0x0000000010006848       0x38 obj/default/updater.o
                0x0000000010006848                std::_Rb_tree_node<TileGroup>::_M_valptr() const
 .text._ZNSt8_Rb_treeI9TileGroupS0_St9_IdentityIS0_ESt4lessIS0_ESaIS0_EE5eraseERKS0_
                0x0000000010006880       0xa4 obj/default/updater.o
                0x0000000010006880                std::_Rb_tree<TileGroup, TileGroup, std::_Identity<TileGroup>, std::less<TileGroup>, std::allocator<TileGroup> >::erase(TileGroup const&)
 .text._ZNSt8_Rb_treeI9TileGroupS0_St9_IdentityIS0_ESt4lessIS0_ESaIS0_EE5clearEv
                0x0000000010006924       0x84 obj/default/updater.o
                0x0000000010006924                std::_Rb_tree<TileGroup, TileGroup, std::_Identity<TileGroup>, std::less<TileGroup>, std::allocator<TileGroup> >::clear()
 .text._ZN9__gnu_cxx13new_allocatorISt13_Rb_tree_nodeI9TileGroupEEC2Ev
                0x00000000100069a8       0x24 obj/default/updater.o
                0x00000000100069a8                __gnu_cxx::new_allocator<std::_Rb_tree_node<TileGroup> >::new_allocator()
                0x00000000100069a8                __gnu_cxx::new_allocator<std::_Rb_tree_node<TileGroup> >::new_allocator()
 .text._ZNSt8_Rb_treeI9TileGroupS0_St9_IdentityIS0_ESt4lessIS0_ESaIS0_EE8_S_rightEPSt18_Rb_tree_node_base
                0x00000000100069cc       0x28 obj/default/updater.o
                0x00000000100069cc                std::_Rb_tree<TileGroup, TileGroup, std::_Identity<TileGroup>, std::less<TileGroup>, std::allocator<TileGroup> >::_S_right(std::_Rb_tree_node_base*)
 .text._ZNSt8_Rb_treeI9TileGroupS0_St9_IdentityIS0_ESt4lessIS0_ESaIS0_EE7_S_leftEPSt18_Rb_tree_node_base
                0x00000000100069f4       0x28 obj/default/updater.o
                0x00000000100069f4                std::_Rb_tree<TileGroup, TileGroup, std::_Identity<TileGroup>, std::less<TileGroup>, std::allocator<TileGroup> >::_S_left(std::_Rb_tree_node_base*)
 .text._ZNSt8_Rb_treeI9TileGroupS0_St9_IdentityIS0_ESt4lessIS0_ESaIS0_EE12_M_drop_nodeEPSt13_Rb_tree_nodeIS0_E
                0x0000000010006a1c       0x48 obj/default/updater.o
                0x0000000010006a1c                std::_Rb_tree<TileGroup, TileGroup, std::_Identity<TileGroup>, std::less<TileGroup>, std::allocator<TileGroup> >::_M_drop_node(std::_Rb_tree_node<TileGroup>*)
 .text._ZNSt4pairIPSt18_Rb_tree_node_baseS1_EC2IRPSt13_Rb_tree_nodeI9TileGroupERS1_Lb1EEEOT_OT0_
                0x0000000010006a64       0x5c obj/default/updater.o
                0x0000000010006a64                std::pair<std::_Rb_tree_node_base*, std::_Rb_tree_node_base*>::pair<std::_Rb_tree_node<TileGroup>*&, std::_Rb_tree_node_base*&, true>(std::_Rb_tree_node<TileGroup>*&, std::_Rb_tree_node_base*&)
                0x0000000010006a64                std::pair<std::_Rb_tree_node_base*, std::_Rb_tree_node_base*>::pair<std::_Rb_tree_node<TileGroup>*&, std::_Rb_tree_node_base*&, true>(std::_Rb_tree_node<TileGroup>*&, std::_Rb_tree_node_base*&)
 .text._ZSt7forwardIRPSt13_Rb_tree_nodeI9TileGroupEEOT_RNSt16remove_referenceIS5_E4typeE
                0x0000000010006ac0       0x24 obj/default/updater.o
                0x0000000010006ac0                std::_Rb_tree_node<TileGroup>*& std::forward<std::_Rb_tree_node<TileGroup>*&>(std::remove_reference<std::_Rb_tree_node<TileGroup>*&>::type&)
 .text._ZNSt4pairIPSt18_Rb_tree_node_baseS1_EC2IRS1_Lb1EEEOT_RKS1_
                0x0000000010006ae4       0x58 obj/default/updater.o
                0x0000000010006ae4                std::pair<std::_Rb_tree_node_base*, std::_Rb_tree_node_base*>::pair<std::_Rb_tree_node_base*&, true>(std::_Rb_tree_node_base*&, std::_Rb_tree_node_base* const&)
                0x0000000010006ae4                std::pair<std::_Rb_tree_node_base*, std::_Rb_tree_node_base*>::pair<std::_Rb_tree_node_base*&, true>(std::_Rb_tree_node_base*&, std::_Rb_tree_node_base* const&)
 .text._ZSt7forwardIRPSt18_Rb_tree_node_baseEOT_RNSt16remove_referenceIS3_E4typeE
                0x0000000010006b3c       0x24 obj/default/updater.o
                0x0000000010006b3c                std::_Rb_tree_node_base*& std::forward<std::_Rb_tree_node_base*&>(std::remove_reference<std::_Rb_tree_node_base*&>::type&)
 .text._ZNSt8_Rb_treeI9TileGroupS0_St9_IdentityIS0_ESt4lessIS0_ESaIS0_EE24_M_get_insert_unique_posERKS0_
                0x0000000010006b60      0x1b4 obj/default/updater.o
                0x0000000010006b60                std::_Rb_tree<TileGroup, TileGroup, std::_Identity<TileGroup>, std::less<TileGroup>, std::allocator<TileGroup> >::_M_get_insert_unique_pos(TileGroup const&)
 .text._ZNKSt9_IdentityI9TileGroupEclERKS0_
                0x0000000010006d14       0x28 obj/default/updater.o
                0x0000000010006d14                std::_Identity<TileGroup>::operator()(TileGroup const&) const
 .text._ZNSt8_Rb_treeI9TileGroupS0_St9_IdentityIS0_ESt4lessIS0_ESaIS0_EE11_Alloc_nodeC2ERS6_
                0x0000000010006d3c       0x34 obj/default/updater.o
                0x0000000010006d3c                std::_Rb_tree<TileGroup, TileGroup, std::_Identity<TileGroup>, std::less<TileGroup>, std::allocator<TileGroup> >::_Alloc_node::_Alloc_node(std::_Rb_tree<TileGroup, TileGroup, std::_Identity<TileGroup>, std::less<TileGroup>, std::allocator<TileGroup> >&)
                0x0000000010006d3c                std::_Rb_tree<TileGroup, TileGroup, std::_Identity<TileGroup>, std::less<TileGroup>, std::allocator<TileGroup> >::_Alloc_node::_Alloc_node(std::_Rb_tree<TileGroup, TileGroup, std::_Identity<TileGroup>, std::less<TileGroup>, std::allocator<TileGroup> >&)
 .text._ZNSt8_Rb_treeI9TileGroupS0_St9_IdentityIS0_ESt4lessIS0_ESaIS0_EE10_M_insert_IRKS0_NS6_11_Alloc_nodeEEESt17_Rb_tree_iteratorIS0_EPSt18_Rb_tree_node_baseSE_OT_RT0_
                0x0000000010006d70      0x108 obj/default/updater.o
                0x0000000010006d70                std::_Rb_tree_iterator<TileGroup> std::_Rb_tree<TileGroup, TileGroup, std::_Identity<TileGroup>, std::less<TileGroup>, std::allocator<TileGroup> >::_M_insert_<TileGroup const&, std::_Rb_tree<TileGroup, TileGroup, std::_Identity<TileGroup>, std::less<TileGroup>, std::allocator<TileGroup> >::_Alloc_node>(std::_Rb_tree_node_base*, std::_Rb_tree_node_base*, TileGroup const&, std::_Rb_tree<TileGroup, TileGroup, std::_Identity<TileGroup>, std::less<TileGroup>, std::allocator<TileGroup> >::_Alloc_node&)
 .text._ZSt7forwardISt17_Rb_tree_iteratorI9TileGroupEEOT_RNSt16remove_referenceIS3_E4typeE
                0x0000000010006e78       0x24 obj/default/updater.o
                0x0000000010006e78                std::_Rb_tree_iterator<TileGroup>&& std::forward<std::_Rb_tree_iterator<TileGroup> >(std::remove_reference<std::_Rb_tree_iterator<TileGroup> >::type&)
 .text._ZNSt4pairISt17_Rb_tree_iteratorI9TileGroupEbEC2IS2_bLb1EEEOT_OT0_
                0x0000000010006e9c       0x60 obj/default/updater.o
                0x0000000010006e9c                std::pair<std::_Rb_tree_iterator<TileGroup>, bool>::pair<std::_Rb_tree_iterator<TileGroup>, bool, true>(std::_Rb_tree_iterator<TileGroup>&&, bool&&)
                0x0000000010006e9c                std::pair<std::_Rb_tree_iterator<TileGroup>, bool>::pair<std::_Rb_tree_iterator<TileGroup>, bool, true>(std::_Rb_tree_iterator<TileGroup>&&, bool&&)
 .text._ZNSt17_Rb_tree_iteratorI9TileGroupEC2EPSt18_Rb_tree_node_base
                0x0000000010006efc       0x34 obj/default/updater.o
                0x0000000010006efc                std::_Rb_tree_iterator<TileGroup>::_Rb_tree_iterator(std::_Rb_tree_node_base*)
                0x0000000010006efc                std::_Rb_tree_iterator<TileGroup>::_Rb_tree_iterator(std::_Rb_tree_node_base*)
 .text._ZSt7forwardIRbEOT_RNSt16remove_referenceIS1_E4typeE
                0x0000000010006f30       0x24 obj/default/updater.o
                0x0000000010006f30                bool& std::forward<bool&>(std::remove_reference<bool&>::type&)
 .text._ZNSt23_Rb_tree_const_iteratorI9TileGroupEC2ERKSt17_Rb_tree_iteratorIS0_E
                0x0000000010006f54       0x38 obj/default/updater.o
                0x0000000010006f54                std::_Rb_tree_const_iterator<TileGroup>::_Rb_tree_const_iterator(std::_Rb_tree_iterator<TileGroup> const&)
                0x0000000010006f54                std::_Rb_tree_const_iterator<TileGroup>::_Rb_tree_const_iterator(std::_Rb_tree_iterator<TileGroup> const&)
 .text._ZNSt23_Rb_tree_const_iteratorI9TileGroupEC2EPKSt18_Rb_tree_node_base
                0x0000000010006f8c       0x34 obj/default/updater.o
                0x0000000010006f8c                std::_Rb_tree_const_iterator<TileGroup>::_Rb_tree_const_iterator(std::_Rb_tree_node_base const*)
                0x0000000010006f8c                std::_Rb_tree_const_iterator<TileGroup>::_Rb_tree_const_iterator(std::_Rb_tree_node_base const*)
 .text._ZNK9__gnu_cxx16__aligned_membufI9TileGroupE6_M_ptrEv
                0x0000000010006fc0       0x30 obj/default/updater.o
                0x0000000010006fc0                __gnu_cxx::__aligned_membuf<TileGroup>::_M_ptr() const
 .text._ZNSt8_Rb_treeI9TileGroupS0_St9_IdentityIS0_ESt4lessIS0_ESaIS0_EE11equal_rangeERKS0_
                0x0000000010006ff0      0x1a0 obj/default/updater.o
                0x0000000010006ff0                std::_Rb_tree<TileGroup, TileGroup, std::_Identity<TileGroup>, std::less<TileGroup>, std::allocator<TileGroup> >::equal_range(TileGroup const&)
 .text._ZNKSt8_Rb_treeI9TileGroupS0_St9_IdentityIS0_ESt4lessIS0_ESaIS0_EE4sizeEv
                0x0000000010007190       0x28 obj/default/updater.o
                0x0000000010007190                std::_Rb_tree<TileGroup, TileGroup, std::_Identity<TileGroup>, std::less<TileGroup>, std::allocator<TileGroup> >::size() const
 .text._ZNSt8_Rb_treeI9TileGroupS0_St9_IdentityIS0_ESt4lessIS0_ESaIS0_EE12_M_erase_auxESt23_Rb_tree_const_iteratorIS0_ES8_
                0x00000000100071b8      0x108 obj/default/updater.o
                0x00000000100071b8                std::_Rb_tree<TileGroup, TileGroup, std::_Identity<TileGroup>, std::less<TileGroup>, std::allocator<TileGroup> >::_M_erase_aux(std::_Rb_tree_const_iterator<TileGroup>, std::_Rb_tree_const_iterator<TileGroup>)
 .text._ZNSt8_Rb_treeI9TileGroupS0_St9_IdentityIS0_ESt4lessIS0_ESaIS0_EE15_M_destroy_nodeEPSt13_Rb_tree_nodeIS0_E
                0x00000000100072c0       0x8c obj/default/updater.o
                0x00000000100072c0                std::_Rb_tree<TileGroup, TileGroup, std::_Identity<TileGroup>, std::less<TileGroup>, std::allocator<TileGroup> >::_M_destroy_node(std::_Rb_tree_node<TileGroup>*)
 .text._ZNSt8_Rb_treeI9TileGroupS0_St9_IdentityIS0_ESt4lessIS0_ESaIS0_EE11_M_put_nodeEPSt13_Rb_tree_nodeIS0_E
                0x000000001000734c       0x7c obj/default/updater.o
                0x000000001000734c                std::_Rb_tree<TileGroup, TileGroup, std::_Identity<TileGroup>, std::less<TileGroup>, std::allocator<TileGroup> >::_M_put_node(std::_Rb_tree_node<TileGroup>*)
 .text._ZNSt8_Rb_treeI9TileGroupS0_St9_IdentityIS0_ESt4lessIS0_ESaIS0_EE6_M_endEv
                0x00000000100073c8       0x28 obj/default/updater.o
                0x00000000100073c8                std::_Rb_tree<TileGroup, TileGroup, std::_Identity<TileGroup>, std::less<TileGroup>, std::allocator<TileGroup> >::_M_end()
 .text._ZNSt8_Rb_treeI9TileGroupS0_St9_IdentityIS0_ESt4lessIS0_ESaIS0_EE6_S_keyEPKSt13_Rb_tree_nodeIS0_E
                0x00000000100073f0       0x48 obj/default/updater.o
                0x00000000100073f0                std::_Rb_tree<TileGroup, TileGroup, std::_Identity<TileGroup>, std::less<TileGroup>, std::allocator<TileGroup> >::_S_key(std::_Rb_tree_node<TileGroup> const*)
 .text._ZNKSt4lessI9TileGroupEclERKS0_S3_
                0x0000000010007438       0x3c obj/default/updater.o
                0x0000000010007438                std::less<TileGroup>::operator()(TileGroup const&, TileGroup const&) const
 .text._ZNSt8_Rb_treeI9TileGroupS0_St9_IdentityIS0_ESt4lessIS0_ESaIS0_EE5beginEv
                0x0000000010007474       0x44 obj/default/updater.o
                0x0000000010007474                std::_Rb_tree<TileGroup, TileGroup, std::_Identity<TileGroup>, std::less<TileGroup>, std::allocator<TileGroup> >::begin()
 .text._ZNKSt17_Rb_tree_iteratorI9TileGroupEeqERKS1_
                0x00000000100074b8       0x38 obj/default/updater.o
                0x00000000100074b8                std::_Rb_tree_iterator<TileGroup>::operator==(std::_Rb_tree_iterator<TileGroup> const&) const
 .text._ZNSt17_Rb_tree_iteratorI9TileGroupEmmEv
                0x00000000100074f0       0x48 obj/default/updater.o
                0x00000000100074f0                std::_Rb_tree_iterator<TileGroup>::operator--()
 .text._ZNSt8_Rb_treeI9TileGroupS0_St9_IdentityIS0_ESt4lessIS0_ESaIS0_EE6_S_keyEPKSt18_Rb_tree_node_base
                0x0000000010007538       0x48 obj/default/updater.o
                0x0000000010007538                std::_Rb_tree<TileGroup, TileGroup, std::_Identity<TileGroup>, std::less<TileGroup>, std::allocator<TileGroup> >::_S_key(std::_Rb_tree_node_base const*)
 .text._ZNKSt8_Rb_treeI9TileGroupS0_St9_IdentityIS0_ESt4lessIS0_ESaIS0_EE11_Alloc_nodeclIRKS0_EEPSt13_Rb_tree_nodeIS0_EOT_
                0x0000000010007580       0x50 obj/default/updater.o
                0x0000000010007580                std::_Rb_tree_node<TileGroup>* std::_Rb_tree<TileGroup, TileGroup, std::_Identity<TileGroup>, std::less<TileGroup>, std::allocator<TileGroup> >::_Alloc_node::operator()<TileGroup const&>(TileGroup const&) const
 .text._ZSt7forwardIbEOT_RNSt16remove_referenceIS0_E4typeE
                0x00000000100075d0       0x24 obj/default/updater.o
                0x00000000100075d0                bool&& std::forward<bool>(std::remove_reference<bool>::type&)
 .text._ZNK9__gnu_cxx16__aligned_membufI9TileGroupE7_M_addrEv
                0x00000000100075f4       0x24 obj/default/updater.o
                0x00000000100075f4                __gnu_cxx::__aligned_membuf<TileGroup>::_M_addr() const
 .text._ZNSt8_Rb_treeI9TileGroupS0_St9_IdentityIS0_ESt4lessIS0_ESaIS0_EE14_M_lower_boundEPSt13_Rb_tree_nodeIS0_EPSt18_Rb_tree_node_baseRKS0_
                0x0000000010007618       0xa8 obj/default/updater.o
                0x0000000010007618                std::_Rb_tree<TileGroup, TileGroup, std::_Identity<TileGroup>, std::less<TileGroup>, std::allocator<TileGroup> >::_M_lower_bound(std::_Rb_tree_node<TileGroup>*, std::_Rb_tree_node_base*, TileGroup const&)
 .text._ZNSt8_Rb_treeI9TileGroupS0_St9_IdentityIS0_ESt4lessIS0_ESaIS0_EE14_M_upper_boundEPSt13_Rb_tree_nodeIS0_EPSt18_Rb_tree_node_baseRKS0_
                0x00000000100076c0       0xa4 obj/default/updater.o
                0x00000000100076c0                std::_Rb_tree<TileGroup, TileGroup, std::_Identity<TileGroup>, std::less<TileGroup>, std::allocator<TileGroup> >::_M_upper_bound(std::_Rb_tree_node<TileGroup>*, std::_Rb_tree_node_base*, TileGroup const&)
 .text._ZNSt4pairISt17_Rb_tree_iteratorI9TileGroupES2_EC2IS2_S2_Lb1EEEOT_OT0_
                0x0000000010007764       0x64 obj/default/updater.o
                0x0000000010007764                std::pair<std::_Rb_tree_iterator<TileGroup>, std::_Rb_tree_iterator<TileGroup> >::pair<std::_Rb_tree_iterator<TileGroup>, std::_Rb_tree_iterator<TileGroup>, true>(std::_Rb_tree_iterator<TileGroup>&&, std::_Rb_tree_iterator<TileGroup>&&)
                0x0000000010007764                std::pair<std::_Rb_tree_iterator<TileGroup>, std::_Rb_tree_iterator<TileGroup> >::pair<std::_Rb_tree_iterator<TileGroup>, std::_Rb_tree_iterator<TileGroup>, true>(std::_Rb_tree_iterator<TileGroup>&&, std::_Rb_tree_iterator<TileGroup>&&)
 .text._ZNKSt23_Rb_tree_const_iteratorI9TileGroupEeqERKS1_
                0x00000000100077c8       0x38 obj/default/updater.o
                0x00000000100077c8                std::_Rb_tree_const_iterator<TileGroup>::operator==(std::_Rb_tree_const_iterator<TileGroup> const&) const
 .text._ZNSt8_Rb_treeI9TileGroupS0_St9_IdentityIS0_ESt4lessIS0_ESaIS0_EE3endEv
                0x0000000010007800       0x44 obj/default/updater.o
                0x0000000010007800                std::_Rb_tree<TileGroup, TileGroup, std::_Identity<TileGroup>, std::less<TileGroup>, std::allocator<TileGroup> >::end()
 .text._ZNSt23_Rb_tree_const_iteratorI9TileGroupEppEi
                0x0000000010007844       0x58 obj/default/updater.o
                0x0000000010007844                std::_Rb_tree_const_iterator<TileGroup>::operator++(int)
 .text._ZNSt8_Rb_treeI9TileGroupS0_St9_IdentityIS0_ESt4lessIS0_ESaIS0_EE12_M_erase_auxESt23_Rb_tree_const_iteratorIS0_E
                0x000000001000789c       0x6c obj/default/updater.o
                0x000000001000789c                std::_Rb_tree<TileGroup, TileGroup, std::_Identity<TileGroup>, std::less<TileGroup>, std::allocator<TileGroup> >::_M_erase_aux(std::_Rb_tree_const_iterator<TileGroup>)
 .text._ZNSt8_Rb_treeI9TileGroupS0_St9_IdentityIS0_ESt4lessIS0_ESaIS0_EE21_M_get_Node_allocatorEv
                0x0000000010007908       0x24 obj/default/updater.o
                0x0000000010007908                std::_Rb_tree<TileGroup, TileGroup, std::_Identity<TileGroup>, std::less<TileGroup>, std::allocator<TileGroup> >::_M_get_Node_allocator()
 .text._ZNSt13_Rb_tree_nodeI9TileGroupE9_M_valptrEv
                0x000000001000792c       0x38 obj/default/updater.o
                0x000000001000792c                std::_Rb_tree_node<TileGroup>::_M_valptr()
 .text._ZNSt16allocator_traitsISaISt13_Rb_tree_nodeI9TileGroupEEE7destroyIS1_EEvRS3_PT_
                0x0000000010007964       0x3c obj/default/updater.o
                0x0000000010007964                void std::allocator_traits<std::allocator<std::_Rb_tree_node<TileGroup> > >::destroy<TileGroup>(std::allocator<std::_Rb_tree_node<TileGroup> >&, TileGroup*)
 .text._ZNSt16allocator_traitsISaISt13_Rb_tree_nodeI9TileGroupEEE10deallocateERS3_PS2_j
                0x00000000100079a0       0x44 obj/default/updater.o
                0x00000000100079a0                std::allocator_traits<std::allocator<std::_Rb_tree_node<TileGroup> > >::deallocate(std::allocator<std::_Rb_tree_node<TileGroup> >&, std::_Rb_tree_node<TileGroup>*, unsigned int)
 .text._ZNSt8_Rb_treeI9TileGroupS0_St9_IdentityIS0_ESt4lessIS0_ESaIS0_EE8_S_valueEPKSt13_Rb_tree_nodeIS0_E
                0x00000000100079e4       0x30 obj/default/updater.o
                0x00000000100079e4                std::_Rb_tree<TileGroup, TileGroup, std::_Identity<TileGroup>, std::less<TileGroup>, std::allocator<TileGroup> >::_S_value(std::_Rb_tree_node<TileGroup> const*)
 .text._ZNSt8_Rb_treeI9TileGroupS0_St9_IdentityIS0_ESt4lessIS0_ESaIS0_EE8_S_valueEPKSt18_Rb_tree_node_base
                0x0000000010007a14       0x30 obj/default/updater.o
                0x0000000010007a14                std::_Rb_tree<TileGroup, TileGroup, std::_Identity<TileGroup>, std::less<TileGroup>, std::allocator<TileGroup> >::_S_value(std::_Rb_tree_node_base const*)
 .text._ZNSt8_Rb_treeI9TileGroupS0_St9_IdentityIS0_ESt4lessIS0_ESaIS0_EE14_M_create_nodeIJRKS0_EEEPSt13_Rb_tree_nodeIS0_EDpOT_
                0x0000000010007a44       0x54 obj/default/updater.o
                0x0000000010007a44                std::_Rb_tree_node<TileGroup>* std::_Rb_tree<TileGroup, TileGroup, std::_Identity<TileGroup>, std::less<TileGroup>, std::allocator<TileGroup> >::_M_create_node<TileGroup const&>(TileGroup const&)
 .text._ZN9__gnu_cxx16__aligned_membufI9TileGroupE6_M_ptrEv
                0x0000000010007a98       0x30 obj/default/updater.o
                0x0000000010007a98                __gnu_cxx::__aligned_membuf<TileGroup>::_M_ptr()
 .text._ZN9__gnu_cxx13new_allocatorISt13_Rb_tree_nodeI9TileGroupEE7destroyIS2_EEvPT_
                0x0000000010007ac8       0x28 obj/default/updater.o
                0x0000000010007ac8                void __gnu_cxx::new_allocator<std::_Rb_tree_node<TileGroup> >::destroy<TileGroup>(TileGroup*)
 .text._ZN9__gnu_cxx13new_allocatorISt13_Rb_tree_nodeI9TileGroupEE10deallocateEPS3_j
                0x0000000010007af0       0x3c obj/default/updater.o
                0x0000000010007af0                __gnu_cxx::new_allocator<std::_Rb_tree_node<TileGroup> >::deallocate(std::_Rb_tree_node<TileGroup>*, unsigned int)
 .text._ZNSt8_Rb_treeI9TileGroupS0_St9_IdentityIS0_ESt4lessIS0_ESaIS0_EE11_M_get_nodeEv
                0x0000000010007b2c       0x3c obj/default/updater.o
                0x0000000010007b2c                std::_Rb_tree<TileGroup, TileGroup, std::_Identity<TileGroup>, std::less<TileGroup>, std::allocator<TileGroup> >::_M_get_node()
 .text._ZNSt8_Rb_treeI9TileGroupS0_St9_IdentityIS0_ESt4lessIS0_ESaIS0_EE17_M_construct_nodeIJRKS0_EEEvPSt13_Rb_tree_nodeIS0_EDpOT_
                0x0000000010007b68      0x16c obj/default/updater.o
                0x0000000010007b68                void std::_Rb_tree<TileGroup, TileGroup, std::_Identity<TileGroup>, std::less<TileGroup>, std::allocator<TileGroup> >::_M_construct_node<TileGroup const&>(std::_Rb_tree_node<TileGroup>*, TileGroup const&)
 .text._ZN9__gnu_cxx16__aligned_membufI9TileGroupE7_M_addrEv
                0x0000000010007cd4       0x24 obj/default/updater.o
                0x0000000010007cd4                __gnu_cxx::__aligned_membuf<TileGroup>::_M_addr()
 .text._ZNSt16allocator_traitsISaISt13_Rb_tree_nodeI9TileGroupEEE8allocateERS3_j
                0x0000000010007cf8       0x3c obj/default/updater.o
                0x0000000010007cf8                std::allocator_traits<std::allocator<std::_Rb_tree_node<TileGroup> > >::allocate(std::allocator<std::_Rb_tree_node<TileGroup> >&, unsigned int)
 .text._ZNSt16allocator_traitsISaISt13_Rb_tree_nodeI9TileGroupEEE9constructIS1_JRKS1_EEEvRS3_PT_DpOT0_
                0x0000000010007d34       0x4c obj/default/updater.o
                0x0000000010007d34                void std::allocator_traits<std::allocator<std::_Rb_tree_node<TileGroup> > >::construct<TileGroup, TileGroup const&>(std::allocator<std::_Rb_tree_node<TileGroup> >&, TileGroup*, TileGroup const&)
 .text._ZN9__gnu_cxx13new_allocatorISt13_Rb_tree_nodeI9TileGroupEE8allocateEjPKv
                0x0000000010007d80       0x60 obj/default/updater.o
                0x0000000010007d80                __gnu_cxx::new_allocator<std::_Rb_tree_node<TileGroup> >::allocate(unsigned int, void const*)
 .text._ZN9__gnu_cxx13new_allocatorISt13_Rb_tree_nodeI9TileGroupEE9constructIS2_JRKS2_EEEvPT_DpOT0_
                0x0000000010007de0       0x68 obj/default/updater.o
                0x0000000010007de0                void __gnu_cxx::new_allocator<std::_Rb_tree_node<TileGroup> >::construct<TileGroup, TileGroup const&>(TileGroup*, TileGroup const&)
 .text._ZNK9__gnu_cxx13new_allocatorISt13_Rb_tree_nodeI9TileGroupEE8max_sizeEv
                0x0000000010007e48       0x28 obj/default/updater.o
                0x0000000010007e48                __gnu_cxx::new_allocator<std::_Rb_tree_node<TileGroup> >::max_size() const
 .text._ZNSt3setI9TileGroupSt4lessIS0_ESaIS0_EED2Ev
                0x0000000010007e70       0x38 obj/default/updater.o
                0x0000000010007e70                std::set<TileGroup, std::less<TileGroup>, std::allocator<TileGroup> >::~set()
                0x0000000010007e70                std::set<TileGroup, std::less<TileGroup>, std::allocator<TileGroup> >::~set()
 .text          0x0000000010007ea8        0x0 c:/intelfpga_lite/19.1/nios2eds/bin/gnu/h-x86_64-mingw32/bin/../lib/gcc/nios2-elf/8.3.1/../../../../../H-x86_64-mingw32/nios2-elf/lib\libstdc++.a(new_op.o)
 .text._Znwj    0x0000000010007ea8       0x70 c:/intelfpga_lite/19.1/nios2eds/bin/gnu/h-x86_64-mingw32/bin/../lib/gcc/nios2-elf/8.3.1/../../../../../H-x86_64-mingw32/nios2-elf/lib\libstdc++.a(new_op.o)
                0x0000000010007ea8                operator new(unsigned int)
 .text          0x0000000010007f18        0x0 c:/intelfpga_lite/19.1/nios2eds/bin/gnu/h-x86_64-mingw32/bin/../lib/gcc/nios2-elf/8.3.1/../../../../../H-x86_64-mingw32/nios2-elf/lib\libstdc++.a(new_handler.o)
 .text._ZSt15set_new_handlerPFvvE
                0x0000000010007f18       0x14 c:/intelfpga_lite/19.1/nios2eds/bin/gnu/h-x86_64-mingw32/bin/../lib/gcc/nios2-elf/8.3.1/../../../../../H-x86_64-mingw32/nios2-elf/lib\libstdc++.a(new_handler.o)
                0x0000000010007f18                std::set_new_handler(void (*)())
 .text._ZSt15get_new_handlerv
                0x0000000010007f2c        0xc c:/intelfpga_lite/19.1/nios2eds/bin/gnu/h-x86_64-mingw32/bin/../lib/gcc/nios2-elf/8.3.1/../../../../../H-x86_64-mingw32/nios2-elf/lib\libstdc++.a(new_handler.o)
                0x0000000010007f2c                std::get_new_handler()
 .text          0x0000000010007f38        0x0 c:/intelfpga_lite/19.1/nios2eds/bin/gnu/h-x86_64-mingw32/bin/../lib/gcc/nios2-elf/8.3.1/../../../../../H-x86_64-mingw32/nios2-elf/lib\libstdc++.a(eh_catch.o)
 .text.__cxa_get_exception_ptr
                0x0000000010007f38        0x8 c:/intelfpga_lite/19.1/nios2eds/bin/gnu/h-x86_64-mingw32/bin/../lib/gcc/nios2-elf/8.3.1/../../../../../H-x86_64-mingw32/nios2-elf/lib\libstdc++.a(eh_catch.o)
                0x0000000010007f38                __cxa_get_exception_ptr
 .text.__cxa_begin_catch
                0x0000000010007f40       0xac c:/intelfpga_lite/19.1/nios2eds/bin/gnu/h-x86_64-mingw32/bin/../lib/gcc/nios2-elf/8.3.1/../../../../../H-x86_64-mingw32/nios2-elf/lib\libstdc++.a(eh_catch.o)
                0x0000000010007f40                __cxa_begin_catch
 .text.__cxa_end_catch
                0x0000000010007fec       0xb0 c:/intelfpga_lite/19.1/nios2eds/bin/gnu/h-x86_64-mingw32/bin/../lib/gcc/nios2-elf/8.3.1/../../../../../H-x86_64-mingw32/nios2-elf/lib\libstdc++.a(eh_catch.o)
                0x0000000010007fec                __cxa_end_catch
 .text._ZSt18uncaught_exceptionv
                0x000000001000809c       0x20 c:/intelfpga_lite/19.1/nios2eds/bin/gnu/h-x86_64-mingw32/bin/../lib/gcc/nios2-elf/8.3.1/../../../../../H-x86_64-mingw32/nios2-elf/lib\libstdc++.a(eh_catch.o)
                0x000000001000809c                std::uncaught_exception()
 .text._ZSt19uncaught_exceptionsv
                0x00000000100080bc       0x1c c:/intelfpga_lite/19.1/nios2eds/bin/gnu/h-x86_64-mingw32/bin/../lib/gcc/nios2-elf/8.3.1/../../../../../H-x86_64-mingw32/nios2-elf/lib\libstdc++.a(eh_catch.o)
                0x00000000100080bc                std::uncaught_exceptions()
 .text          0x00000000100080d8        0x0 c:/intelfpga_lite/19.1/nios2eds/bin/gnu/h-x86_64-mingw32/bin/../lib/gcc/nios2-elf/8.3.1/../../../../../H-x86_64-mingw32/nios2-elf/lib\libstdc++.a(eh_terminate.o)
 .text._ZN10__cxxabiv111__terminateEPFvvE
                0x00000000100080d8       0xc8 c:/intelfpga_lite/19.1/nios2eds/bin/gnu/h-x86_64-mingw32/bin/../lib/gcc/nios2-elf/8.3.1/../../../../../H-x86_64-mingw32/nios2-elf/lib\libstdc++.a(eh_terminate.o)
                0x00000000100080d8                __cxxabiv1::__terminate(void (*)())
 .text._ZSt9terminatev
                0x00000000100081a0       0x14 c:/intelfpga_lite/19.1/nios2eds/bin/gnu/h-x86_64-mingw32/bin/../lib/gcc/nios2-elf/8.3.1/../../../../../H-x86_64-mingw32/nios2-elf/lib\libstdc++.a(eh_terminate.o)
                0x00000000100081a0                std::terminate()
 .text._ZN10__cxxabiv112__unexpectedEPFvvE
                0x00000000100081b4       0x10 c:/intelfpga_lite/19.1/nios2eds/bin/gnu/h-x86_64-mingw32/bin/../lib/gcc/nios2-elf/8.3.1/../../../../../H-x86_64-mingw32/nios2-elf/lib\libstdc++.a(eh_terminate.o)
                0x00000000100081b4                __cxxabiv1::__unexpected(void (*)())
 .text._ZSt10unexpectedv
                0x00000000100081c4       0x14 c:/intelfpga_lite/19.1/nios2eds/bin/gnu/h-x86_64-mingw32/bin/../lib/gcc/nios2-elf/8.3.1/../../../../../H-x86_64-mingw32/nios2-elf/lib\libstdc++.a(eh_terminate.o)
                0x00000000100081c4                std::unexpected()
 .text._ZSt13set_terminatePFvvE
                0x00000000100081d8       0x14 c:/intelfpga_lite/19.1/nios2eds/bin/gnu/h-x86_64-mingw32/bin/../lib/gcc/nios2-elf/8.3.1/../../../../../H-x86_64-mingw32/nios2-elf/lib\libstdc++.a(eh_terminate.o)
                0x00000000100081d8                std::set_terminate(void (*)())
 .text._ZSt13get_terminatev
                0x00000000100081ec        0xc c:/intelfpga_lite/19.1/nios2eds/bin/gnu/h-x86_64-mingw32/bin/../lib/gcc/nios2-elf/8.3.1/../../../../../H-x86_64-mingw32/nios2-elf/lib\libstdc++.a(eh_terminate.o)
                0x00000000100081ec                std::get_terminate()
 .text._ZSt14set_unexpectedPFvvE
                0x00000000100081f8       0x14 c:/intelfpga_lite/19.1/nios2eds/bin/gnu/h-x86_64-mingw32/bin/../lib/gcc/nios2-elf/8.3.1/../../../../../H-x86_64-mingw32/nios2-elf/lib\libstdc++.a(eh_terminate.o)
                0x00000000100081f8                std::set_unexpected(void (*)())
 .text._ZSt14get_unexpectedv
                0x000000001000820c        0xc c:/intelfpga_lite/19.1/nios2eds/bin/gnu/h-x86_64-mingw32/bin/../lib/gcc/nios2-elf/8.3.1/../../../../../H-x86_64-mingw32/nios2-elf/lib\libstdc++.a(eh_terminate.o)
                0x000000001000820c                std::get_unexpected()
 .text          0x0000000010008218        0x0 c:/intelfpga_lite/19.1/nios2eds/bin/gnu/h-x86_64-mingw32/bin/../lib/gcc/nios2-elf/8.3.1/../../../../../H-x86_64-mingw32/nios2-elf/lib\libstdc++.a(eh_unex_handler.o)
 .text          0x0000000010008218        0x0 c:/intelfpga_lite/19.1/nios2eds/bin/gnu/h-x86_64-mingw32/bin/../lib/gcc/nios2-elf/8.3.1/../../../../../H-x86_64-mingw32/nios2-elf/lib\libstdc++.a(eh_throw.o)
 .text._ZL23__gxx_exception_cleanup19_Unwind_Reason_CodeP17_Unwind_Exception
                0x0000000010008218       0x68 c:/intelfpga_lite/19.1/nios2eds/bin/gnu/h-x86_64-mingw32/bin/../lib/gcc/nios2-elf/8.3.1/../../../../../H-x86_64-mingw32/nios2-elf/lib\libstdc++.a(eh_throw.o)
 .text.__cxa_init_primary_exception
                0x0000000010008280       0x64 c:/intelfpga_lite/19.1/nios2eds/bin/gnu/h-x86_64-mingw32/bin/../lib/gcc/nios2-elf/8.3.1/../../../../../H-x86_64-mingw32/nios2-elf/lib\libstdc++.a(eh_throw.o)
                0x0000000010008280                __cxa_init_primary_exception
 .text.__cxa_throw
                0x00000000100082e4       0x94 c:/intelfpga_lite/19.1/nios2eds/bin/gnu/h-x86_64-mingw32/bin/../lib/gcc/nios2-elf/8.3.1/../../../../../H-x86_64-mingw32/nios2-elf/lib\libstdc++.a(eh_throw.o)
                0x00000000100082e4                __cxa_throw
 .text.__cxa_rethrow
                0x0000000010008378       0x84 c:/intelfpga_lite/19.1/nios2eds/bin/gnu/h-x86_64-mingw32/bin/../lib/gcc/nios2-elf/8.3.1/../../../../../H-x86_64-mingw32/nios2-elf/lib\libstdc++.a(eh_throw.o)
                0x0000000010008378                __cxa_rethrow
 .text          0x00000000100083fc        0x0 c:/intelfpga_lite/19.1/nios2eds/bin/gnu/h-x86_64-mingw32/bin/../lib/gcc/nios2-elf/8.3.1/../../../../../H-x86_64-mingw32/nios2-elf/lib\libstdc++.a(del_op.o)
 .text._ZdlPv   0x00000000100083fc        0x4 c:/intelfpga_lite/19.1/nios2eds/bin/gnu/h-x86_64-mingw32/bin/../lib/gcc/nios2-elf/8.3.1/../../../../../H-x86_64-mingw32/nios2-elf/lib\libstdc++.a(del_op.o)
                0x00000000100083fc                operator delete(void*)
 .text          0x0000000010008400        0x0 c:/intelfpga_lite/19.1/nios2eds/bin/gnu/h-x86_64-mingw32/bin/../lib/gcc/nios2-elf/8.3.1/../../../../../H-x86_64-mingw32/nios2-elf/lib\libstdc++.a(bad_alloc.o)
 .text._ZNKSt9bad_alloc4whatEv
                0x0000000010008400        0xc c:/intelfpga_lite/19.1/nios2eds/bin/gnu/h-x86_64-mingw32/bin/../lib/gcc/nios2-elf/8.3.1/../../../../../H-x86_64-mingw32/nios2-elf/lib\libstdc++.a(bad_alloc.o)
                0x0000000010008400                std::bad_alloc::what() const
 .text._ZNSt9bad_allocD2Ev
                0x000000001000840c       0x10 c:/intelfpga_lite/19.1/nios2eds/bin/gnu/h-x86_64-mingw32/bin/../lib/gcc/nios2-elf/8.3.1/../../../../../H-x86_64-mingw32/nios2-elf/lib\libstdc++.a(bad_alloc.o)
                0x000000001000840c                std::bad_alloc::~bad_alloc()
                0x000000001000840c                std::bad_alloc::~bad_alloc()
 .text._ZNSt9bad_allocD0Ev
                0x000000001000841c       0x38 c:/intelfpga_lite/19.1/nios2eds/bin/gnu/h-x86_64-mingw32/bin/../lib/gcc/nios2-elf/8.3.1/../../../../../H-x86_64-mingw32/nios2-elf/lib\libstdc++.a(bad_alloc.o)
                0x000000001000841c                std::bad_alloc::~bad_alloc()
 .text          0x0000000010008454        0x0 c:/intelfpga_lite/19.1/nios2eds/bin/gnu/h-x86_64-mingw32/bin/../lib/gcc/nios2-elf/8.3.1/../../../../../H-x86_64-mingw32/nios2-elf/lib\libstdc++.a(eh_personality.o)
 .text._ZL16get_adjusted_ptrPKSt9type_infoS1_PPv
                0x0000000010008454       0x88 c:/intelfpga_lite/19.1/nios2eds/bin/gnu/h-x86_64-mingw32/bin/../lib/gcc/nios2-elf/8.3.1/../../../../../H-x86_64-mingw32/nios2-elf/lib\libstdc++.a(eh_personality.o)
 .text._ZL28read_encoded_value_with_basehjPKhPj
                0x00000000100084dc      0x1e8 c:/intelfpga_lite/19.1/nios2eds/bin/gnu/h-x86_64-mingw32/bin/../lib/gcc/nios2-elf/8.3.1/../../../../../H-x86_64-mingw32/nios2-elf/lib\libstdc++.a(eh_personality.o)
 .text._ZL15get_ttype_entryP16lsda_header_infom
                0x00000000100086c4       0x94 c:/intelfpga_lite/19.1/nios2eds/bin/gnu/h-x86_64-mingw32/bin/../lib/gcc/nios2-elf/8.3.1/../../../../../H-x86_64-mingw32/nios2-elf/lib\libstdc++.a(eh_personality.o)
 .text._ZL20check_exception_specP16lsda_header_infoPKSt9type_infoPvl
                0x0000000010008758       0xa0 c:/intelfpga_lite/19.1/nios2eds/bin/gnu/h-x86_64-mingw32/bin/../lib/gcc/nios2-elf/8.3.1/../../../../../H-x86_64-mingw32/nios2-elf/lib\libstdc++.a(eh_personality.o)
 .text._ZL21base_of_encoded_valuehP15_Unwind_Context
                0x00000000100087f8       0x70 c:/intelfpga_lite/19.1/nios2eds/bin/gnu/h-x86_64-mingw32/bin/../lib/gcc/nios2-elf/8.3.1/../../../../../H-x86_64-mingw32/nios2-elf/lib\libstdc++.a(eh_personality.o)
 .text._ZL17parse_lsda_headerP15_Unwind_ContextPKhP16lsda_header_info
                0x0000000010008868      0x12c c:/intelfpga_lite/19.1/nios2eds/bin/gnu/h-x86_64-mingw32/bin/../lib/gcc/nios2-elf/8.3.1/../../../../../H-x86_64-mingw32/nios2-elf/lib\libstdc++.a(eh_personality.o)
 .text.__gxx_personality_sj0
                0x0000000010008994      0x624 c:/intelfpga_lite/19.1/nios2eds/bin/gnu/h-x86_64-mingw32/bin/../lib/gcc/nios2-elf/8.3.1/../../../../../H-x86_64-mingw32/nios2-elf/lib\libstdc++.a(eh_personality.o)
                0x0000000010008994                __gxx_personality_sj0
 .text.__cxa_call_unexpected
                0x0000000010008fb8      0x180 c:/intelfpga_lite/19.1/nios2eds/bin/gnu/h-x86_64-mingw32/bin/../lib/gcc/nios2-elf/8.3.1/../../../../../H-x86_64-mingw32/nios2-elf/lib\libstdc++.a(eh_personality.o)
                0x0000000010008fb8                __cxa_call_unexpected
 .text          0x0000000010009138        0x0 c:/intelfpga_lite/19.1/nios2eds/bin/gnu/h-x86_64-mingw32/bin/../lib/gcc/nios2-elf/8.3.1/../../../../../H-x86_64-mingw32/nios2-elf/lib\libstdc++.a(eh_alloc.o)
 .text._ZN12_GLOBAL__N_14pool4freeEPv.constprop.4
                0x0000000010009138       0xec c:/intelfpga_lite/19.1/nios2eds/bin/gnu/h-x86_64-mingw32/bin/../lib/gcc/nios2-elf/8.3.1/../../../../../H-x86_64-mingw32/nios2-elf/lib\libstdc++.a(eh_alloc.o)
 .text._ZN12_GLOBAL__N_14pool8allocateEj.constprop.5
                0x0000000010009224       0xa8 c:/intelfpga_lite/19.1/nios2eds/bin/gnu/h-x86_64-mingw32/bin/../lib/gcc/nios2-elf/8.3.1/../../../../../H-x86_64-mingw32/nios2-elf/lib\libstdc++.a(eh_alloc.o)
 .text._ZN9__gnu_cxx9__freeresEv
                0x00000000100092cc       0x30 c:/intelfpga_lite/19.1/nios2eds/bin/gnu/h-x86_64-mingw32/bin/../lib/gcc/nios2-elf/8.3.1/../../../../../H-x86_64-mingw32/nios2-elf/lib\libstdc++.a(eh_alloc.o)
                0x00000000100092cc                __gnu_cxx::__freeres()
 .text.__cxa_allocate_exception
                0x00000000100092fc       0x58 c:/intelfpga_lite/19.1/nios2eds/bin/gnu/h-x86_64-mingw32/bin/../lib/gcc/nios2-elf/8.3.1/../../../../../H-x86_64-mingw32/nios2-elf/lib\libstdc++.a(eh_alloc.o)
                0x00000000100092fc                __cxa_allocate_exception
 .text.__cxa_free_exception
                0x0000000010009354       0x28 c:/intelfpga_lite/19.1/nios2eds/bin/gnu/h-x86_64-mingw32/bin/../lib/gcc/nios2-elf/8.3.1/../../../../../H-x86_64-mingw32/nios2-elf/lib\libstdc++.a(eh_alloc.o)
                0x0000000010009354                __cxa_free_exception
 .text.__cxa_allocate_dependent_exception
                0x000000001000937c       0x48 c:/intelfpga_lite/19.1/nios2eds/bin/gnu/h-x86_64-mingw32/bin/../lib/gcc/nios2-elf/8.3.1/../../../../../H-x86_64-mingw32/nios2-elf/lib\libstdc++.a(eh_alloc.o)
                0x000000001000937c                __cxa_allocate_dependent_exception
 .text.__cxa_free_dependent_exception
                0x00000000100093c4       0x2c c:/intelfpga_lite/19.1/nios2eds/bin/gnu/h-x86_64-mingw32/bin/../lib/gcc/nios2-elf/8.3.1/../../../../../H-x86_64-mingw32/nios2-elf/lib\libstdc++.a(eh_alloc.o)
                0x00000000100093c4                __cxa_free_dependent_exception
 .text.startup._GLOBAL__sub_I__ZN9__gnu_cxx9__freeresEv
                0x00000000100093f0       0x64 c:/intelfpga_lite/19.1/nios2eds/bin/gnu/h-x86_64-mingw32/bin/../lib/gcc/nios2-elf/8.3.1/../../../../../H-x86_64-mingw32/nios2-elf/lib\libstdc++.a(eh_alloc.o)
 .text          0x0000000010009454        0x0 c:/intelfpga_lite/19.1/nios2eds/bin/gnu/h-x86_64-mingw32/bin/../lib/gcc/nios2-elf/8.3.1/../../../../../H-x86_64-mingw32/nios2-elf/lib\libstdc++.a(tree.o)
 .text._ZStL23local_Rb_tree_decrementPSt18_Rb_tree_node_base
                0x0000000010009454       0x64 c:/intelfpga_lite/19.1/nios2eds/bin/gnu/h-x86_64-mingw32/bin/../lib/gcc/nios2-elf/8.3.1/../../../../../H-x86_64-mingw32/nios2-elf/lib\libstdc++.a(tree.o)
 .text._ZSt18_Rb_tree_incrementPSt18_Rb_tree_node_base
                0x00000000100094b8       0x60 c:/intelfpga_lite/19.1/nios2eds/bin/gnu/h-x86_64-mingw32/bin/../lib/gcc/nios2-elf/8.3.1/../../../../../H-x86_64-mingw32/nios2-elf/lib\libstdc++.a(tree.o)
                0x00000000100094b8                std::_Rb_tree_increment(std::_Rb_tree_node_base*)
 .text._ZSt18_Rb_tree_incrementPKSt18_Rb_tree_node_base
                0x0000000010009518        0x4 c:/intelfpga_lite/19.1/nios2eds/bin/gnu/h-x86_64-mingw32/bin/../lib/gcc/nios2-elf/8.3.1/../../../../../H-x86_64-mingw32/nios2-elf/lib\libstdc++.a(tree.o)
                0x0000000010009518                std::_Rb_tree_increment(std::_Rb_tree_node_base const*)
 .text._ZSt18_Rb_tree_decrementPSt18_Rb_tree_node_base
                0x000000001000951c        0x4 c:/intelfpga_lite/19.1/nios2eds/bin/gnu/h-x86_64-mingw32/bin/../lib/gcc/nios2-elf/8.3.1/../../../../../H-x86_64-mingw32/nios2-elf/lib\libstdc++.a(tree.o)
                0x000000001000951c                std::_Rb_tree_decrement(std::_Rb_tree_node_base*)
 .text._ZSt18_Rb_tree_decrementPKSt18_Rb_tree_node_base
                0x0000000010009520        0x4 c:/intelfpga_lite/19.1/nios2eds/bin/gnu/h-x86_64-mingw32/bin/../lib/gcc/nios2-elf/8.3.1/../../../../../H-x86_64-mingw32/nios2-elf/lib\libstdc++.a(tree.o)
                0x0000000010009520                std::_Rb_tree_decrement(std::_Rb_tree_node_base const*)
 .text._ZSt20_Rb_tree_rotate_leftPSt18_Rb_tree_node_baseRS0_
                0x0000000010009524       0x5c c:/intelfpga_lite/19.1/nios2eds/bin/gnu/h-x86_64-mingw32/bin/../lib/gcc/nios2-elf/8.3.1/../../../../../H-x86_64-mingw32/nios2-elf/lib\libstdc++.a(tree.o)
                0x0000000010009524                std::_Rb_tree_rotate_left(std::_Rb_tree_node_base*, std::_Rb_tree_node_base*&)
 .text._ZSt21_Rb_tree_rotate_rightPSt18_Rb_tree_node_baseRS0_
                0x0000000010009580       0x5c c:/intelfpga_lite/19.1/nios2eds/bin/gnu/h-x86_64-mingw32/bin/../lib/gcc/nios2-elf/8.3.1/../../../../../H-x86_64-mingw32/nios2-elf/lib\libstdc++.a(tree.o)
                0x0000000010009580                std::_Rb_tree_rotate_right(std::_Rb_tree_node_base*, std::_Rb_tree_node_base*&)
 .text._ZSt29_Rb_tree_insert_and_rebalancebPSt18_Rb_tree_node_baseS0_RS_
                0x00000000100095dc      0x254 c:/intelfpga_lite/19.1/nios2eds/bin/gnu/h-x86_64-mingw32/bin/../lib/gcc/nios2-elf/8.3.1/../../../../../H-x86_64-mingw32/nios2-elf/lib\libstdc++.a(tree.o)
                0x00000000100095dc                std::_Rb_tree_insert_and_rebalance(bool, std::_Rb_tree_node_base*, std::_Rb_tree_node_base*, std::_Rb_tree_node_base&)
 .text._ZSt28_Rb_tree_rebalance_for_erasePSt18_Rb_tree_node_baseRS_
                0x0000000010009830      0x4b4 c:/intelfpga_lite/19.1/nios2eds/bin/gnu/h-x86_64-mingw32/bin/../lib/gcc/nios2-elf/8.3.1/../../../../../H-x86_64-mingw32/nios2-elf/lib\libstdc++.a(tree.o)
                0x0000000010009830                std::_Rb_tree_rebalance_for_erase(std::_Rb_tree_node_base*, std::_Rb_tree_node_base&)
 .text._ZSt20_Rb_tree_black_countPKSt18_Rb_tree_node_baseS1_
                0x0000000010009ce4       0x34 c:/intelfpga_lite/19.1/nios2eds/bin/gnu/h-x86_64-mingw32/bin/../lib/gcc/nios2-elf/8.3.1/../../../../../H-x86_64-mingw32/nios2-elf/lib\libstdc++.a(tree.o)
                0x0000000010009ce4                std::_Rb_tree_black_count(std::_Rb_tree_node_base const*, std::_Rb_tree_node_base const*)
 .text          0x0000000010009d18        0x0 c:/intelfpga_lite/19.1/nios2eds/bin/gnu/h-x86_64-mingw32/bin/../lib/gcc/nios2-elf/8.3.1/../../../../../H-x86_64-mingw32/nios2-elf/lib\libstdc++.a(functexcept.o)
 .text._ZSt21__throw_bad_exceptionv
                0x0000000010009d18       0x34 c:/intelfpga_lite/19.1/nios2eds/bin/gnu/h-x86_64-mingw32/bin/../lib/gcc/nios2-elf/8.3.1/../../../../../H-x86_64-mingw32/nios2-elf/lib\libstdc++.a(functexcept.o)
                0x0000000010009d18                std::__throw_bad_exception()
 .text._ZSt17__throw_bad_allocv
                0x0000000010009d4c       0x34 c:/intelfpga_lite/19.1/nios2eds/bin/gnu/h-x86_64-mingw32/bin/../lib/gcc/nios2-elf/8.3.1/../../../../../H-x86_64-mingw32/nios2-elf/lib\libstdc++.a(functexcept.o)
                0x0000000010009d4c                std::__throw_bad_alloc()
 .text._ZSt16__throw_bad_castv
                0x0000000010009d80       0x34 c:/intelfpga_lite/19.1/nios2eds/bin/gnu/h-x86_64-mingw32/bin/../lib/gcc/nios2-elf/8.3.1/../../../../../H-x86_64-mingw32/nios2-elf/lib\libstdc++.a(functexcept.o)
                0x0000000010009d80                std::__throw_bad_cast()
 .text._ZSt18__throw_bad_typeidv
                0x0000000010009db4       0x34 c:/intelfpga_lite/19.1/nios2eds/bin/gnu/h-x86_64-mingw32/bin/../lib/gcc/nios2-elf/8.3.1/../../../../../H-x86_64-mingw32/nios2-elf/lib\libstdc++.a(functexcept.o)
                0x0000000010009db4                std::__throw_bad_typeid()
 .text._ZSt19__throw_logic_errorPKc
                0x0000000010009de8       0xac c:/intelfpga_lite/19.1/nios2eds/bin/gnu/h-x86_64-mingw32/bin/../lib/gcc/nios2-elf/8.3.1/../../../../../H-x86_64-mingw32/nios2-elf/lib\libstdc++.a(functexcept.o)
                0x0000000010009de8                std::__throw_logic_error(char const*)
 .text._ZSt20__throw_domain_errorPKc
                0x0000000010009e94       0xac c:/intelfpga_lite/19.1/nios2eds/bin/gnu/h-x86_64-mingw32/bin/../lib/gcc/nios2-elf/8.3.1/../../../../../H-x86_64-mingw32/nios2-elf/lib\libstdc++.a(functexcept.o)
                0x0000000010009e94                std::__throw_domain_error(char const*)
 .text._ZSt24__throw_invalid_argumentPKc
                0x0000000010009f40       0xac c:/intelfpga_lite/19.1/nios2eds/bin/gnu/h-x86_64-mingw32/bin/../lib/gcc/nios2-elf/8.3.1/../../../../../H-x86_64-mingw32/nios2-elf/lib\libstdc++.a(functexcept.o)
                0x0000000010009f40                std::__throw_invalid_argument(char const*)
 .text._ZSt20__throw_length_errorPKc
                0x0000000010009fec       0xac c:/intelfpga_lite/19.1/nios2eds/bin/gnu/h-x86_64-mingw32/bin/../lib/gcc/nios2-elf/8.3.1/../../../../../H-x86_64-mingw32/nios2-elf/lib\libstdc++.a(functexcept.o)
                0x0000000010009fec                std::__throw_length_error(char const*)
 .text._ZSt20__throw_out_of_rangePKc
                0x000000001000a098       0xac c:/intelfpga_lite/19.1/nios2eds/bin/gnu/h-x86_64-mingw32/bin/../lib/gcc/nios2-elf/8.3.1/../../../../../H-x86_64-mingw32/nios2-elf/lib\libstdc++.a(functexcept.o)
                0x000000001000a098                std::__throw_out_of_range(char const*)
 .text._ZSt24__throw_out_of_range_fmtPKcz
                0x000000001000a144       0xf4 c:/intelfpga_lite/19.1/nios2eds/bin/gnu/h-x86_64-mingw32/bin/../lib/gcc/nios2-elf/8.3.1/../../../../../H-x86_64-mingw32/nios2-elf/lib\libstdc++.a(functexcept.o)
                0x000000001000a144                std::__throw_out_of_range_fmt(char const*, ...)
 .text._ZSt21__throw_runtime_errorPKc
                0x000000001000a238       0xac c:/intelfpga_lite/19.1/nios2eds/bin/gnu/h-x86_64-mingw32/bin/../lib/gcc/nios2-elf/8.3.1/../../../../../H-x86_64-mingw32/nios2-elf/lib\libstdc++.a(functexcept.o)
                0x000000001000a238                std::__throw_runtime_error(char const*)
 .text._ZSt19__throw_range_errorPKc
                0x000000001000a2e4       0xac c:/intelfpga_lite/19.1/nios2eds/bin/gnu/h-x86_64-mingw32/bin/../lib/gcc/nios2-elf/8.3.1/../../../../../H-x86_64-mingw32/nios2-elf/lib\libstdc++.a(functexcept.o)
                0x000000001000a2e4                std::__throw_range_error(char const*)
 .text._ZSt22__throw_overflow_errorPKc
                0x000000001000a390       0xac c:/intelfpga_lite/19.1/nios2eds/bin/gnu/h-x86_64-mingw32/bin/../lib/gcc/nios2-elf/8.3.1/../../../../../H-x86_64-mingw32/nios2-elf/lib\libstdc++.a(functexcept.o)
                0x000000001000a390                std::__throw_overflow_error(char const*)
 .text._ZSt23__throw_underflow_errorPKc
                0x000000001000a43c       0xac c:/intelfpga_lite/19.1/nios2eds/bin/gnu/h-x86_64-mingw32/bin/../lib/gcc/nios2-elf/8.3.1/../../../../../H-x86_64-mingw32/nios2-elf/lib\libstdc++.a(functexcept.o)
                0x000000001000a43c                std::__throw_underflow_error(char const*)
 .text          0x000000001000a4e8        0x0 c:/intelfpga_lite/19.1/nios2eds/bin/gnu/h-x86_64-mingw32/bin/../lib/gcc/nios2-elf/8.3.1/../../../../../H-x86_64-mingw32/nios2-elf/lib\libstdc++.a(snprintf_lite.o)
 .text._ZN9__gnu_cxx26__throw_insufficient_spaceEPKcS1_
                0x000000001000a4e8       0x80 c:/intelfpga_lite/19.1/nios2eds/bin/gnu/h-x86_64-mingw32/bin/../lib/gcc/nios2-elf/8.3.1/../../../../../H-x86_64-mingw32/nios2-elf/lib\libstdc++.a(snprintf_lite.o)
                0x000000001000a4e8                __gnu_cxx::__throw_insufficient_space(char const*, char const*)
 .text._ZN9__gnu_cxx15__concat_size_tEPcjj
                0x000000001000a568       0xe0 c:/intelfpga_lite/19.1/nios2eds/bin/gnu/h-x86_64-mingw32/bin/../lib/gcc/nios2-elf/8.3.1/../../../../../H-x86_64-mingw32/nios2-elf/lib\libstdc++.a(snprintf_lite.o)
                0x000000001000a568                __gnu_cxx::__concat_size_t(char*, unsigned int, unsigned int)
 .text._ZN9__gnu_cxx15__snprintf_liteEPcjPKcPv
                0x000000001000a648      0x150 c:/intelfpga_lite/19.1/nios2eds/bin/gnu/h-x86_64-mingw32/bin/../lib/gcc/nios2-elf/8.3.1/../../../../../H-x86_64-mingw32/nios2-elf/lib\libstdc++.a(snprintf_lite.o)
                0x000000001000a648                __gnu_cxx::__snprintf_lite(char*, unsigned int, char const*, void*)
 .text          0x000000001000a798        0x0 c:/intelfpga_lite/19.1/nios2eds/bin/gnu/h-x86_64-mingw32/bin/../lib/gcc/nios2-elf/8.3.1/../../../../../H-x86_64-mingw32/nios2-elf/lib\libstdc++.a(cow-stdexcept.o)
 .text._Z27_txnal_cow_string_D1_commitPv
                0x000000001000a798       0x3c c:/intelfpga_lite/19.1/nios2eds/bin/gnu/h-x86_64-mingw32/bin/../lib/gcc/nios2-elf/8.3.1/../../../../../H-x86_64-mingw32/nios2-elf/lib\libstdc++.a(cow-stdexcept.o)
                0x000000001000a798                _txnal_cow_string_D1_commit(void*)
 .text._ZNSt11logic_errorC2ERKS_
                0x000000001000a7d4       0x70 c:/intelfpga_lite/19.1/nios2eds/bin/gnu/h-x86_64-mingw32/bin/../lib/gcc/nios2-elf/8.3.1/../../../../../H-x86_64-mingw32/nios2-elf/lib\libstdc++.a(cow-stdexcept.o)
                0x000000001000a7d4                std::logic_error::logic_error(std::logic_error const&)
                0x000000001000a7d4                std::logic_error::logic_error(std::logic_error const&)
 .text._ZNSt11logic_erroraSERKS_
                0x000000001000a844       0x68 c:/intelfpga_lite/19.1/nios2eds/bin/gnu/h-x86_64-mingw32/bin/../lib/gcc/nios2-elf/8.3.1/../../../../../H-x86_64-mingw32/nios2-elf/lib\libstdc++.a(cow-stdexcept.o)
                0x000000001000a844                std::logic_error::operator=(std::logic_error const&)
 .text._ZNSt13runtime_errorC2ERKS_
                0x000000001000a8ac       0x70 c:/intelfpga_lite/19.1/nios2eds/bin/gnu/h-x86_64-mingw32/bin/../lib/gcc/nios2-elf/8.3.1/../../../../../H-x86_64-mingw32/nios2-elf/lib\libstdc++.a(cow-stdexcept.o)
                0x000000001000a8ac                std::runtime_error::runtime_error(std::runtime_error const&)
                0x000000001000a8ac                std::runtime_error::runtime_error(std::runtime_error const&)
 .text._ZNSt13runtime_erroraSERKS_
                0x000000001000a91c       0x68 c:/intelfpga_lite/19.1/nios2eds/bin/gnu/h-x86_64-mingw32/bin/../lib/gcc/nios2-elf/8.3.1/../../../../../H-x86_64-mingw32/nios2-elf/lib\libstdc++.a(cow-stdexcept.o)
                0x000000001000a91c                std::runtime_error::operator=(std::runtime_error const&)
 .text._ZNSt11logic_errorC2EPKc
                0x000000001000a984       0xac c:/intelfpga_lite/19.1/nios2eds/bin/gnu/h-x86_64-mingw32/bin/../lib/gcc/nios2-elf/8.3.1/../../../../../H-x86_64-mingw32/nios2-elf/lib\libstdc++.a(cow-stdexcept.o)
                0x000000001000a984                std::logic_error::logic_error(char const*)
                0x000000001000a984                std::logic_error::logic_error(char const*)
 .text._ZNSt12domain_errorC2EPKc
                0x000000001000aa30       0x30 c:/intelfpga_lite/19.1/nios2eds/bin/gnu/h-x86_64-mingw32/bin/../lib/gcc/nios2-elf/8.3.1/../../../../../H-x86_64-mingw32/nios2-elf/lib\libstdc++.a(cow-stdexcept.o)
                0x000000001000aa30                std::domain_error::domain_error(char const*)
                0x000000001000aa30                std::domain_error::domain_error(char const*)
 .text._ZNSt16invalid_argumentC2EPKc
                0x000000001000aa60       0x30 c:/intelfpga_lite/19.1/nios2eds/bin/gnu/h-x86_64-mingw32/bin/../lib/gcc/nios2-elf/8.3.1/../../../../../H-x86_64-mingw32/nios2-elf/lib\libstdc++.a(cow-stdexcept.o)
                0x000000001000aa60                std::invalid_argument::invalid_argument(char const*)
                0x000000001000aa60                std::invalid_argument::invalid_argument(char const*)
 .text._ZNSt12length_errorC2EPKc
                0x000000001000aa90       0x30 c:/intelfpga_lite/19.1/nios2eds/bin/gnu/h-x86_64-mingw32/bin/../lib/gcc/nios2-elf/8.3.1/../../../../../H-x86_64-mingw32/nios2-elf/lib\libstdc++.a(cow-stdexcept.o)
                0x000000001000aa90                std::length_error::length_error(char const*)
                0x000000001000aa90                std::length_error::length_error(char const*)
 .text._ZNSt12out_of_rangeC2EPKc
                0x000000001000aac0       0x30 c:/intelfpga_lite/19.1/nios2eds/bin/gnu/h-x86_64-mingw32/bin/../lib/gcc/nios2-elf/8.3.1/../../../../../H-x86_64-mingw32/nios2-elf/lib\libstdc++.a(cow-stdexcept.o)
                0x000000001000aac0                std::out_of_range::out_of_range(char const*)
                0x000000001000aac0                std::out_of_range::out_of_range(char const*)
 .text._ZNSt13runtime_errorC2EPKc
                0x000000001000aaf0       0xac c:/intelfpga_lite/19.1/nios2eds/bin/gnu/h-x86_64-mingw32/bin/../lib/gcc/nios2-elf/8.3.1/../../../../../H-x86_64-mingw32/nios2-elf/lib\libstdc++.a(cow-stdexcept.o)
                0x000000001000aaf0                std::runtime_error::runtime_error(char const*)
                0x000000001000aaf0                std::runtime_error::runtime_error(char const*)
 .text._ZNSt11range_errorC2EPKc
                0x000000001000ab9c       0x30 c:/intelfpga_lite/19.1/nios2eds/bin/gnu/h-x86_64-mingw32/bin/../lib/gcc/nios2-elf/8.3.1/../../../../../H-x86_64-mingw32/nios2-elf/lib\libstdc++.a(cow-stdexcept.o)
                0x000000001000ab9c                std::range_error::range_error(char const*)
                0x000000001000ab9c                std::range_error::range_error(char const*)
 .text._ZNSt14overflow_errorC2EPKc
                0x000000001000abcc       0x30 c:/intelfpga_lite/19.1/nios2eds/bin/gnu/h-x86_64-mingw32/bin/../lib/gcc/nios2-elf/8.3.1/../../../../../H-x86_64-mingw32/nios2-elf/lib\libstdc++.a(cow-stdexcept.o)
                0x000000001000abcc                std::overflow_error::overflow_error(char const*)
                0x000000001000abcc                std::overflow_error::overflow_error(char const*)
 .text._ZNSt15underflow_errorC2EPKc
                0x000000001000abfc       0x30 c:/intelfpga_lite/19.1/nios2eds/bin/gnu/h-x86_64-mingw32/bin/../lib/gcc/nios2-elf/8.3.1/../../../../../H-x86_64-mingw32/nios2-elf/lib\libstdc++.a(cow-stdexcept.o)
                0x000000001000abfc                std::underflow_error::underflow_error(char const*)
                0x000000001000abfc                std::underflow_error::underflow_error(char const*)
 .text._ZNSt12__sso_stringC2ERKSs
                0x000000001000ac2c        0xc c:/intelfpga_lite/19.1/nios2eds/bin/gnu/h-x86_64-mingw32/bin/../lib/gcc/nios2-elf/8.3.1/../../../../../H-x86_64-mingw32/nios2-elf/lib\libstdc++.a(cow-stdexcept.o)
                0x000000001000ac2c                std::__sso_string::__sso_string(std::string const&)
                0x000000001000ac2c                std::__sso_string::__sso_string(std::string const&)
 .text._ZNSt12__cow_stringC2Ev
                0x000000001000ac38       0x10 c:/intelfpga_lite/19.1/nios2eds/bin/gnu/h-x86_64-mingw32/bin/../lib/gcc/nios2-elf/8.3.1/../../../../../H-x86_64-mingw32/nios2-elf/lib\libstdc++.a(cow-stdexcept.o)
                0x000000001000ac38                std::__cow_string::__cow_string()
                0x000000001000ac38                std::__cow_string::__cow_string()
 .text._ZNSt12__cow_stringC2ERKSs
                0x000000001000ac48        0x4 c:/intelfpga_lite/19.1/nios2eds/bin/gnu/h-x86_64-mingw32/bin/../lib/gcc/nios2-elf/8.3.1/../../../../../H-x86_64-mingw32/nios2-elf/lib\libstdc++.a(cow-stdexcept.o)
                0x000000001000ac48                std::__cow_string::__cow_string(std::string const&)
                0x000000001000ac48                std::__cow_string::__cow_string(std::string const&)
 .text._ZNSt12__cow_stringC2EPKcj
                0x000000001000ac4c       0x1c c:/intelfpga_lite/19.1/nios2eds/bin/gnu/h-x86_64-mingw32/bin/../lib/gcc/nios2-elf/8.3.1/../../../../../H-x86_64-mingw32/nios2-elf/lib\libstdc++.a(cow-stdexcept.o)
                0x000000001000ac4c                std::__cow_string::__cow_string(char const*, unsigned int)
                0x000000001000ac4c                std::__cow_string::__cow_string(char const*, unsigned int)
 .text._ZNSt12__cow_stringC2ERKS_
                0x000000001000ac68       0x5c c:/intelfpga_lite/19.1/nios2eds/bin/gnu/h-x86_64-mingw32/bin/../lib/gcc/nios2-elf/8.3.1/../../../../../H-x86_64-mingw32/nios2-elf/lib\libstdc++.a(cow-stdexcept.o)
                0x000000001000ac68                std::__cow_string::__cow_string(std::__cow_string const&)
                0x000000001000ac68                std::__cow_string::__cow_string(std::__cow_string const&)
 .text._ZNSt12__cow_stringaSERKS_
                0x000000001000acc4       0x60 c:/intelfpga_lite/19.1/nios2eds/bin/gnu/h-x86_64-mingw32/bin/../lib/gcc/nios2-elf/8.3.1/../../../../../H-x86_64-mingw32/nios2-elf/lib\libstdc++.a(cow-stdexcept.o)
                0x000000001000acc4                std::__cow_string::operator=(std::__cow_string const&)
 .text._ZNSt12__cow_stringD2Ev
                0x000000001000ad24       0x44 c:/intelfpga_lite/19.1/nios2eds/bin/gnu/h-x86_64-mingw32/bin/../lib/gcc/nios2-elf/8.3.1/../../../../../H-x86_64-mingw32/nios2-elf/lib\libstdc++.a(cow-stdexcept.o)
                0x000000001000ad24                std::__cow_string::~__cow_string()
                0x000000001000ad24                std::__cow_string::~__cow_string()
 .text._ZNSt12__cow_stringC2EOS_
                0x000000001000ad68       0x18 c:/intelfpga_lite/19.1/nios2eds/bin/gnu/h-x86_64-mingw32/bin/../lib/gcc/nios2-elf/8.3.1/../../../../../H-x86_64-mingw32/nios2-elf/lib\libstdc++.a(cow-stdexcept.o)
                0x000000001000ad68                std::__cow_string::__cow_string(std::__cow_string&&)
                0x000000001000ad68                std::__cow_string::__cow_string(std::__cow_string&&)
 .text._ZNSt12__cow_stringaSEOS_
                0x000000001000ad80       0x60 c:/intelfpga_lite/19.1/nios2eds/bin/gnu/h-x86_64-mingw32/bin/../lib/gcc/nios2-elf/8.3.1/../../../../../H-x86_64-mingw32/nios2-elf/lib\libstdc++.a(cow-stdexcept.o)
                0x000000001000ad80                std::__cow_string::operator=(std::__cow_string&&)
 .text._ZNKSt3_V214error_category10_M_messageEi
                0x000000001000ade0      0x118 c:/intelfpga_lite/19.1/nios2eds/bin/gnu/h-x86_64-mingw32/bin/../lib/gcc/nios2-elf/8.3.1/../../../../../H-x86_64-mingw32/nios2-elf/lib\libstdc++.a(cow-stdexcept.o)
                0x000000001000ade0                std::_V2::error_category::_M_message(int) const
 .text._Z35_txnal_cow_string_C1_for_exceptionsPvPKcS_
                0x000000001000aef8      0x13c c:/intelfpga_lite/19.1/nios2eds/bin/gnu/h-x86_64-mingw32/bin/../lib/gcc/nios2-elf/8.3.1/../../../../../H-x86_64-mingw32/nios2-elf/lib\libstdc++.a(cow-stdexcept.o)
                0x000000001000aef8                _txnal_cow_string_C1_for_exceptions(void*, char const*, void*)
 .text._Z23_txnal_cow_string_c_strPKv
                0x000000001000b034        0x4 c:/intelfpga_lite/19.1/nios2eds/bin/gnu/h-x86_64-mingw32/bin/../lib/gcc/nios2-elf/8.3.1/../../../../../H-x86_64-mingw32/nios2-elf/lib\libstdc++.a(cow-stdexcept.o)
                0x000000001000b034                _txnal_cow_string_c_str(void const*)
 .text._Z23_txnal_sso_string_c_strPKv
                0x000000001000b038        0x4 c:/intelfpga_lite/19.1/nios2eds/bin/gnu/h-x86_64-mingw32/bin/../lib/gcc/nios2-elf/8.3.1/../../../../../H-x86_64-mingw32/nios2-elf/lib\libstdc++.a(cow-stdexcept.o)
                0x000000001000b038                _txnal_sso_string_c_str(void const*)
 .text._Z20_txnal_cow_string_D1Pv
                0x000000001000b03c       0x2c c:/intelfpga_lite/19.1/nios2eds/bin/gnu/h-x86_64-mingw32/bin/../lib/gcc/nios2-elf/8.3.1/../../../../../H-x86_64-mingw32/nios2-elf/lib\libstdc++.a(cow-stdexcept.o)
                0x000000001000b03c                _txnal_cow_string_D1(void*)
 .text._Z26_txnal_logic_error_get_msgPv
                0x000000001000b068        0x8 c:/intelfpga_lite/19.1/nios2eds/bin/gnu/h-x86_64-mingw32/bin/../lib/gcc/nios2-elf/8.3.1/../../../../../H-x86_64-mingw32/nios2-elf/lib\libstdc++.a(cow-stdexcept.o)
                0x000000001000b068                _txnal_logic_error_get_msg(void*)
 .text._Z28_txnal_runtime_error_get_msgPv
                0x000000001000b070        0x8 c:/intelfpga_lite/19.1/nios2eds/bin/gnu/h-x86_64-mingw32/bin/../lib/gcc/nios2-elf/8.3.1/../../../../../H-x86_64-mingw32/nios2-elf/lib\libstdc++.a(cow-stdexcept.o)
                0x000000001000b070                _txnal_runtime_error_get_msg(void*)
 .text._ZGTtNSt11logic_errorC1EPKc
                0x000000001000b078       0xd4 c:/intelfpga_lite/19.1/nios2eds/bin/gnu/h-x86_64-mingw32/bin/../lib/gcc/nios2-elf/8.3.1/../../../../../H-x86_64-mingw32/nios2-elf/lib\libstdc++.a(cow-stdexcept.o)
                0x000000001000b078                transaction clone for std::logic_error::logic_error(char const*)
                0x000000001000b078                transaction clone for std::logic_error::logic_error(char const*)
 .text._ZGTtNSt11logic_errorC1ERKNSt7__cxx1112basic_stringIcSt11char_traitsIcESaIcEEE
                0x000000001000b14c       0xe8 c:/intelfpga_lite/19.1/nios2eds/bin/gnu/h-x86_64-mingw32/bin/../lib/gcc/nios2-elf/8.3.1/../../../../../H-x86_64-mingw32/nios2-elf/lib\libstdc++.a(cow-stdexcept.o)
                0x000000001000b14c                transaction clone for std::logic_error::logic_error(std::__cxx11::basic_string<char, std::char_traits<char>, std::allocator<char> > const&)
                0x000000001000b14c                transaction clone for std::logic_error::logic_error(std::__cxx11::basic_string<char, std::char_traits<char>, std::allocator<char> > const&)
 .text._ZGTtNSt11logic_errorD1Ev
                0x000000001000b234        0x8 c:/intelfpga_lite/19.1/nios2eds/bin/gnu/h-x86_64-mingw32/bin/../lib/gcc/nios2-elf/8.3.1/../../../../../H-x86_64-mingw32/nios2-elf/lib\libstdc++.a(cow-stdexcept.o)
                0x000000001000b234                transaction clone for std::logic_error::~logic_error()
                0x000000001000b234                transaction clone for std::logic_error::~logic_error()
 .text._ZGTtNSt11logic_errorD0Ev
                0x000000001000b23c       0x2c c:/intelfpga_lite/19.1/nios2eds/bin/gnu/h-x86_64-mingw32/bin/../lib/gcc/nios2-elf/8.3.1/../../../../../H-x86_64-mingw32/nios2-elf/lib\libstdc++.a(cow-stdexcept.o)
                0x000000001000b23c                transaction clone for std::logic_error::~logic_error()
 .text._ZGTtNKSt11logic_error4whatEv
                0x000000001000b268        0x8 c:/intelfpga_lite/19.1/nios2eds/bin/gnu/h-x86_64-mingw32/bin/../lib/gcc/nios2-elf/8.3.1/../../../../../H-x86_64-mingw32/nios2-elf/lib\libstdc++.a(cow-stdexcept.o)
                0x000000001000b268                transaction clone for std::logic_error::what() const
 .text._ZGTtNSt12domain_errorC1EPKc
                0x000000001000b270       0xe0 c:/intelfpga_lite/19.1/nios2eds/bin/gnu/h-x86_64-mingw32/bin/../lib/gcc/nios2-elf/8.3.1/../../../../../H-x86_64-mingw32/nios2-elf/lib\libstdc++.a(cow-stdexcept.o)
                0x000000001000b270                transaction clone for std::domain_error::domain_error(char const*)
                0x000000001000b270                transaction clone for std::domain_error::domain_error(char const*)
 .text._ZGTtNSt12domain_errorC1ERKNSt7__cxx1112basic_stringIcSt11char_traitsIcESaIcEEE
                0x000000001000b350       0xf4 c:/intelfpga_lite/19.1/nios2eds/bin/gnu/h-x86_64-mingw32/bin/../lib/gcc/nios2-elf/8.3.1/../../../../../H-x86_64-mingw32/nios2-elf/lib\libstdc++.a(cow-stdexcept.o)
                0x000000001000b350                transaction clone for std::domain_error::domain_error(std::__cxx11::basic_string<char, std::char_traits<char>, std::allocator<char> > const&)
                0x000000001000b350                transaction clone for std::domain_error::domain_error(std::__cxx11::basic_string<char, std::char_traits<char>, std::allocator<char> > const&)
 .text._ZGTtNSt12domain_errorD1Ev
                0x000000001000b444        0x8 c:/intelfpga_lite/19.1/nios2eds/bin/gnu/h-x86_64-mingw32/bin/../lib/gcc/nios2-elf/8.3.1/../../../../../H-x86_64-mingw32/nios2-elf/lib\libstdc++.a(cow-stdexcept.o)
                0x000000001000b444                transaction clone for std::domain_error::~domain_error()
                0x000000001000b444                transaction clone for std::domain_error::~domain_error()
 .text._ZGTtNSt12domain_errorD0Ev
                0x000000001000b44c       0x2c c:/intelfpga_lite/19.1/nios2eds/bin/gnu/h-x86_64-mingw32/bin/../lib/gcc/nios2-elf/8.3.1/../../../../../H-x86_64-mingw32/nios2-elf/lib\libstdc++.a(cow-stdexcept.o)
                0x000000001000b44c                transaction clone for std::domain_error::~domain_error()
 .text._ZGTtNSt16invalid_argumentC1EPKc
                0x000000001000b478       0xe0 c:/intelfpga_lite/19.1/nios2eds/bin/gnu/h-x86_64-mingw32/bin/../lib/gcc/nios2-elf/8.3.1/../../../../../H-x86_64-mingw32/nios2-elf/lib\libstdc++.a(cow-stdexcept.o)
                0x000000001000b478                transaction clone for std::invalid_argument::invalid_argument(char const*)
                0x000000001000b478                transaction clone for std::invalid_argument::invalid_argument(char const*)
 .text._ZGTtNSt16invalid_argumentC1ERKNSt7__cxx1112basic_stringIcSt11char_traitsIcESaIcEEE
                0x000000001000b558       0xf4 c:/intelfpga_lite/19.1/nios2eds/bin/gnu/h-x86_64-mingw32/bin/../lib/gcc/nios2-elf/8.3.1/../../../../../H-x86_64-mingw32/nios2-elf/lib\libstdc++.a(cow-stdexcept.o)
                0x000000001000b558                transaction clone for std::invalid_argument::invalid_argument(std::__cxx11::basic_string<char, std::char_traits<char>, std::allocator<char> > const&)
                0x000000001000b558                transaction clone for std::invalid_argument::invalid_argument(std::__cxx11::basic_string<char, std::char_traits<char>, std::allocator<char> > const&)
 .text._ZGTtNSt16invalid_argumentD1Ev
                0x000000001000b64c        0x8 c:/intelfpga_lite/19.1/nios2eds/bin/gnu/h-x86_64-mingw32/bin/../lib/gcc/nios2-elf/8.3.1/../../../../../H-x86_64-mingw32/nios2-elf/lib\libstdc++.a(cow-stdexcept.o)
                0x000000001000b64c                transaction clone for std::invalid_argument::~invalid_argument()
                0x000000001000b64c                transaction clone for std::invalid_argument::~invalid_argument()
 .text._ZGTtNSt16invalid_argumentD0Ev
                0x000000001000b654       0x2c c:/intelfpga_lite/19.1/nios2eds/bin/gnu/h-x86_64-mingw32/bin/../lib/gcc/nios2-elf/8.3.1/../../../../../H-x86_64-mingw32/nios2-elf/lib\libstdc++.a(cow-stdexcept.o)
                0x000000001000b654                transaction clone for std::invalid_argument::~invalid_argument()
 .text._ZGTtNSt12length_errorC1EPKc
                0x000000001000b680       0xe0 c:/intelfpga_lite/19.1/nios2eds/bin/gnu/h-x86_64-mingw32/bin/../lib/gcc/nios2-elf/8.3.1/../../../../../H-x86_64-mingw32/nios2-elf/lib\libstdc++.a(cow-stdexcept.o)
                0x000000001000b680                transaction clone for std::length_error::length_error(char const*)
                0x000000001000b680                transaction clone for std::length_error::length_error(char const*)
 .text._ZGTtNSt12length_errorC1ERKNSt7__cxx1112basic_stringIcSt11char_traitsIcESaIcEEE
                0x000000001000b760       0xf4 c:/intelfpga_lite/19.1/nios2eds/bin/gnu/h-x86_64-mingw32/bin/../lib/gcc/nios2-elf/8.3.1/../../../../../H-x86_64-mingw32/nios2-elf/lib\libstdc++.a(cow-stdexcept.o)
                0x000000001000b760                transaction clone for std::length_error::length_error(std::__cxx11::basic_string<char, std::char_traits<char>, std::allocator<char> > const&)
                0x000000001000b760                transaction clone for std::length_error::length_error(std::__cxx11::basic_string<char, std::char_traits<char>, std::allocator<char> > const&)
 .text._ZGTtNSt12length_errorD1Ev
                0x000000001000b854        0x8 c:/intelfpga_lite/19.1/nios2eds/bin/gnu/h-x86_64-mingw32/bin/../lib/gcc/nios2-elf/8.3.1/../../../../../H-x86_64-mingw32/nios2-elf/lib\libstdc++.a(cow-stdexcept.o)
                0x000000001000b854                transaction clone for std::length_error::~length_error()
                0x000000001000b854                transaction clone for std::length_error::~length_error()
 .text._ZGTtNSt12length_errorD0Ev
                0x000000001000b85c       0x2c c:/intelfpga_lite/19.1/nios2eds/bin/gnu/h-x86_64-mingw32/bin/../lib/gcc/nios2-elf/8.3.1/../../../../../H-x86_64-mingw32/nios2-elf/lib\libstdc++.a(cow-stdexcept.o)
                0x000000001000b85c                transaction clone for std::length_error::~length_error()
 .text._ZGTtNSt12out_of_rangeC1EPKc
                0x000000001000b888       0xe0 c:/intelfpga_lite/19.1/nios2eds/bin/gnu/h-x86_64-mingw32/bin/../lib/gcc/nios2-elf/8.3.1/../../../../../H-x86_64-mingw32/nios2-elf/lib\libstdc++.a(cow-stdexcept.o)
                0x000000001000b888                transaction clone for std::out_of_range::out_of_range(char const*)
                0x000000001000b888                transaction clone for std::out_of_range::out_of_range(char const*)
 .text._ZGTtNSt12out_of_rangeC1ERKNSt7__cxx1112basic_stringIcSt11char_traitsIcESaIcEEE
                0x000000001000b968       0xf4 c:/intelfpga_lite/19.1/nios2eds/bin/gnu/h-x86_64-mingw32/bin/../lib/gcc/nios2-elf/8.3.1/../../../../../H-x86_64-mingw32/nios2-elf/lib\libstdc++.a(cow-stdexcept.o)
                0x000000001000b968                transaction clone for std::out_of_range::out_of_range(std::__cxx11::basic_string<char, std::char_traits<char>, std::allocator<char> > const&)
                0x000000001000b968                transaction clone for std::out_of_range::out_of_range(std::__cxx11::basic_string<char, std::char_traits<char>, std::allocator<char> > const&)
 .text._ZGTtNSt12out_of_rangeD1Ev
                0x000000001000ba5c        0x8 c:/intelfpga_lite/19.1/nios2eds/bin/gnu/h-x86_64-mingw32/bin/../lib/gcc/nios2-elf/8.3.1/../../../../../H-x86_64-mingw32/nios2-elf/lib\libstdc++.a(cow-stdexcept.o)
                0x000000001000ba5c                transaction clone for std::out_of_range::~out_of_range()
                0x000000001000ba5c                transaction clone for std::out_of_range::~out_of_range()
 .text._ZGTtNSt12out_of_rangeD0Ev
                0x000000001000ba64       0x2c c:/intelfpga_lite/19.1/nios2eds/bin/gnu/h-x86_64-mingw32/bin/../lib/gcc/nios2-elf/8.3.1/../../../../../H-x86_64-mingw32/nios2-elf/lib\libstdc++.a(cow-stdexcept.o)
                0x000000001000ba64                transaction clone for std::out_of_range::~out_of_range()
 .text._ZGTtNSt13runtime_errorC1EPKc
                0x000000001000ba90       0xd4 c:/intelfpga_lite/19.1/nios2eds/bin/gnu/h-x86_64-mingw32/bin/../lib/gcc/nios2-elf/8.3.1/../../../../../H-x86_64-mingw32/nios2-elf/lib\libstdc++.a(cow-stdexcept.o)
                0x000000001000ba90                transaction clone for std::runtime_error::runtime_error(char const*)
                0x000000001000ba90                transaction clone for std::runtime_error::runtime_error(char const*)
 .text._ZGTtNSt13runtime_errorC1ERKNSt7__cxx1112basic_stringIcSt11char_traitsIcESaIcEEE
                0x000000001000bb64       0xe8 c:/intelfpga_lite/19.1/nios2eds/bin/gnu/h-x86_64-mingw32/bin/../lib/gcc/nios2-elf/8.3.1/../../../../../H-x86_64-mingw32/nios2-elf/lib\libstdc++.a(cow-stdexcept.o)
                0x000000001000bb64                transaction clone for std::runtime_error::runtime_error(std::__cxx11::basic_string<char, std::char_traits<char>, std::allocator<char> > const&)
                0x000000001000bb64                transaction clone for std::runtime_error::runtime_error(std::__cxx11::basic_string<char, std::char_traits<char>, std::allocator<char> > const&)
 .text._ZGTtNSt13runtime_errorD1Ev
                0x000000001000bc4c        0x8 c:/intelfpga_lite/19.1/nios2eds/bin/gnu/h-x86_64-mingw32/bin/../lib/gcc/nios2-elf/8.3.1/../../../../../H-x86_64-mingw32/nios2-elf/lib\libstdc++.a(cow-stdexcept.o)
                0x000000001000bc4c                transaction clone for std::runtime_error::~runtime_error()
                0x000000001000bc4c                transaction clone for std::runtime_error::~runtime_error()
 .text._ZGTtNSt13runtime_errorD0Ev
                0x000000001000bc54       0x2c c:/intelfpga_lite/19.1/nios2eds/bin/gnu/h-x86_64-mingw32/bin/../lib/gcc/nios2-elf/8.3.1/../../../../../H-x86_64-mingw32/nios2-elf/lib\libstdc++.a(cow-stdexcept.o)
                0x000000001000bc54                transaction clone for std::runtime_error::~runtime_error()
 .text._ZGTtNKSt13runtime_error4whatEv
                0x000000001000bc80        0x8 c:/intelfpga_lite/19.1/nios2eds/bin/gnu/h-x86_64-mingw32/bin/../lib/gcc/nios2-elf/8.3.1/../../../../../H-x86_64-mingw32/nios2-elf/lib\libstdc++.a(cow-stdexcept.o)
                0x000000001000bc80                transaction clone for std::runtime_error::what() const
 .text._ZGTtNSt11range_errorC1EPKc