Archive member included to satisfy reference by file (symbol)

c:/intelfpga_lite/19.1/nios2eds/bin/gnu/h-x86_64-mingw32/bin/../lib/gcc/nios2-elf/8.3.1/../../../../../H-x86_64-mingw32/nios2-elf/lib\libstdc++.a(new_op.o)
                              obj/default/updater.o (operator new(unsigned int))
c:/intelfpga_lite/19.1/nios2eds/bin/gnu/h-x86_64-mingw32/bin/../lib/gcc/nios2-elf/8.3.1/../../../../../H-x86_64-mingw32/nios2-elf/lib\libstdc++.a(new_handler.o)
                              c:/intelfpga_lite/19.1/nios2eds/bin/gnu/h-x86_64-mingw32/bin/../lib/gcc/nios2-elf/8.3.1/../../../../../H-x86_64-mingw32/nios2-elf/lib\libstdc++.a(new_op.o) (std::get_new_handler())
c:/intelfpga_lite/19.1/nios2eds/bin/gnu/h-x86_64-mingw32/bin/../lib/gcc/nios2-elf/8.3.1/../../../../../H-x86_64-mingw32/nios2-elf/lib\libstdc++.a(eh_catch.o)
                              obj/default/updater.o (__cxa_begin_catch)
c:/intelfpga_lite/19.1/nios2eds/bin/gnu/h-x86_64-mingw32/bin/../lib/gcc/nios2-elf/8.3.1/../../../../../H-x86_64-mingw32/nios2-elf/lib\libstdc++.a(eh_terminate.o)
                              c:/intelfpga_lite/19.1/nios2eds/bin/gnu/h-x86_64-mingw32/bin/../lib/gcc/nios2-elf/8.3.1/../../../../../H-x86_64-mingw32/nios2-elf/lib\libstdc++.a(eh_catch.o) (std::terminate())
c:/intelfpga_lite/19.1/nios2eds/bin/gnu/h-x86_64-mingw32/bin/../lib/gcc/nios2-elf/8.3.1/../../../../../H-x86_64-mingw32/nios2-elf/lib\libstdc++.a(eh_unex_handler.o)
                              c:/intelfpga_lite/19.1/nios2eds/bin/gnu/h-x86_64-mingw32/bin/../lib/gcc/nios2-elf/8.3.1/../../../../../H-x86_64-mingw32/nios2-elf/lib\libstdc++.a(eh_terminate.o) (__cxxabiv1::__unexpected_handler)
c:/intelfpga_lite/19.1/nios2eds/bin/gnu/h-x86_64-mingw32/bin/../lib/gcc/nios2-elf/8.3.1/../../../../../H-x86_64-mingw32/nios2-elf/lib\libstdc++.a(eh_throw.o)
                              c:/intelfpga_lite/19.1/nios2eds/bin/gnu/h-x86_64-mingw32/bin/../lib/gcc/nios2-elf/8.3.1/../../../../../H-x86_64-mingw32/nios2-elf/lib\libstdc++.a(new_op.o) (__cxa_throw)
c:/intelfpga_lite/19.1/nios2eds/bin/gnu/h-x86_64-mingw32/bin/../lib/gcc/nios2-elf/8.3.1/../../../../../H-x86_64-mingw32/nios2-elf/lib\libstdc++.a(del_op.o)
                              obj/default/updater.o (operator delete(void*))
c:/intelfpga_lite/19.1/nios2eds/bin/gnu/h-x86_64-mingw32/bin/../lib/gcc/nios2-elf/8.3.1/../../../../../H-x86_64-mingw32/nios2-elf/lib\libstdc++.a(bad_alloc.o)
                              c:/intelfpga_lite/19.1/nios2eds/bin/gnu/h-x86_64-mingw32/bin/../lib/gcc/nios2-elf/8.3.1/../../../../../H-x86_64-mingw32/nios2-elf/lib\libstdc++.a(new_op.o) (vtable for std::bad_alloc)
c:/intelfpga_lite/19.1/nios2eds/bin/gnu/h-x86_64-mingw32/bin/../lib/gcc/nios2-elf/8.3.1/../../../../../H-x86_64-mingw32/nios2-elf/lib\libstdc++.a(eh_personality.o)
                              obj/default/updater.o (__gxx_personality_sj0)
c:/intelfpga_lite/19.1/nios2eds/bin/gnu/h-x86_64-mingw32/bin/../lib/gcc/nios2-elf/8.3.1/../../../../../H-x86_64-mingw32/nios2-elf/lib\libstdc++.a(eh_alloc.o)
                              c:/intelfpga_lite/19.1/nios2eds/bin/gnu/h-x86_64-mingw32/bin/../lib/gcc/nios2-elf/8.3.1/../../../../../H-x86_64-mingw32/nios2-elf/lib\libstdc++.a(new_op.o) (__cxa_allocate_exception)
c:/intelfpga_lite/19.1/nios2eds/bin/gnu/h-x86_64-mingw32/bin/../lib/gcc/nios2-elf/8.3.1/../../../../../H-x86_64-mingw32/nios2-elf/lib\libstdc++.a(tree.o)
                              obj/default/updater.o (std::_Rb_tree_increment(std::_Rb_tree_node_base const*))
c:/intelfpga_lite/19.1/nios2eds/bin/gnu/h-x86_64-mingw32/bin/../lib/gcc/nios2-elf/8.3.1/../../../../../H-x86_64-mingw32/nios2-elf/lib\libstdc++.a(functexcept.o)
                              obj/default/updater.o (std::__throw_bad_alloc())
c:/intelfpga_lite/19.1/nios2eds/bin/gnu/h-x86_64-mingw32/bin/../lib/gcc/nios2-elf/8.3.1/../../../../../H-x86_64-mingw32/nios2-elf/lib\libstdc++.a(snprintf_lite.o)
                              c:/intelfpga_lite/19.1/nios2eds/bin/gnu/h-x86_64-mingw32/bin/../lib/gcc/nios2-elf/8.3.1/../../../../../H-x86_64-mingw32/nios2-elf/lib\libstdc++.a(functexcept.o) (__gnu_cxx::__snprintf_lite(char*, unsigned int, char const*, void*))
c:/intelfpga_lite/19.1/nios2eds/bin/gnu/h-x86_64-mingw32/bin/../lib/gcc/nios2-elf/8.3.1/../../../../../H-x86_64-mingw32/nios2-elf/lib\libstdc++.a(cow-stdexcept.o)
                              c:/intelfpga_lite/19.1/nios2eds/bin/gnu/h-x86_64-mingw32/bin/../lib/gcc/nios2-elf/8.3.1/../../../../../H-x86_64-mingw32/nios2-elf/lib\libstdc++.a(functexcept.o) (std::logic_error::logic_error(char const*))
c:/intelfpga_lite/19.1/nios2eds/bin/gnu/h-x86_64-mingw32/bin/../lib/gcc/nios2-elf/8.3.1/../../../../../H-x86_64-mingw32/nios2-elf/lib\libstdc++.a(eh_call.o)
                              c:/intelfpga_lite/19.1/nios2eds/bin/gnu/h-x86_64-mingw32/bin/../lib/gcc/nios2-elf/8.3.1/../../../../../H-x86_64-mingw32/nios2-elf/lib\libstdc++.a(eh_personality.o) (__cxa_call_terminate)
[...]
Memory Configuration

Name             Origin             Length             Attributes
onchip_memory2_0 0x0000000000000000 0x0000000000000010
reset            0x0000000010000000 0x0000000000000020
sdram            0x0000000010000020 0x0000000007ffffe0
*default*        0x0000000000000000 0xffffffffffffffff

Linker script and memory map

LOAD C:/Lab7/final_project/software/final_project_bsp/obj/HAL/src/crt0.o
LOAD obj/default/core.o
LOAD obj/default/io_handler.o
LOAD obj/default/logic.o
LOAD obj/default/main.o
LOAD obj/default/tile_eng_driver.o
LOAD obj/default/usb.o
LOAD obj/default/updater.o
LOAD c:/intelfpga_lite/19.1/nios2eds/bin/gnu/h-x86_64-mingw32/bin/../lib/gcc/nios2-elf/8.3.1/../../../../../H-x86_64-mingw32/nios2-elf/lib\libstdc++.a
LOAD c:/intelfpga_lite/19.1/nios2eds/bin/gnu/h-x86_64-mingw32/bin/../lib/gcc/nios2-elf/8.3.1/../../../../../H-x86_64-mingw32/nios2-elf/lib\libm.a
LOAD c:/intelfpga_lite/19.1/nios2eds/bin/gnu/h-x86_64-mingw32/bin/../lib/gcc/nios2-elf/8.3.1\libgcc.a
START GROUP
LOAD c:/intelfpga_lite/19.1/nios2eds/bin/gnu/h-x86_64-mingw32/bin/../lib/gcc/nios2-elf/8.3.1/../../../../../H-x86_64-mingw32/nios2-elf/lib\libc.a
LOAD c:/intelfpga_lite/19.1/nios2eds/bin/gnu/h-x86_64-mingw32/bin/../lib/gcc/nios2-elf/8.3.1\libgcc.a
LOAD C:/Lab7/final_project/software/final_project_bsp\libhal_bsp.a
LOAD c:/intelfpga_lite/19.1/nios2eds/bin/gnu/h-x86_64-mingw32/bin/../lib/gcc/nios2-elf/8.3.1/../../../../../H-x86_64-mingw32/nios2-elf/lib\libm.a
END GROUP
LOAD c:/intelfpga_lite/19.1/nios2eds/bin/gnu/h-x86_64-mingw32/bin/../lib/gcc/nios2-elf/8.3.1\libgcc.a
                0x0000000000000000                __alt_mem_onchip_memory2_0 = 0x0
                0x0000000010000000                __alt_mem_sdram = 0x10000000

.entry          0x0000000010000000       0x20
 *(.entry)
 .entry         0x0000000010000000       0x20 C:/Lab7/final_project/software/final_project_bsp/obj/HAL/src/crt0.o
                0x0000000010000000                __reset

.exceptions     0x0000000010000020      0x218
                0x0000000010000020                PROVIDE (__ram_exceptions_start = ABSOLUTE (.))
                0x0000000010000020                . = ALIGN (0x20)
 *(.irq)
 *(.exceptions.entry.label)
 .exceptions.entry.label
                0x0000000010000020        0x0 C:/Lab7/final_project/software/final_project_bsp\libhal_bsp.a(alt_irq_entry.o)
                0x0000000010000020                alt_irq_entry
 .exceptions.entry.label
                0x0000000010000020        0x0 C:/Lab7/final_project/software/final_project_bsp\libhal_bsp.a(alt_exception_entry.o)
                0x0000000010000020                alt_exception
 *(.exceptions.entry.user)
 *(.exceptions.entry.ecc_fatal)
 *(.exceptions.entry)
 .exceptions.entry
                0x0000000010000020       0x54 C:/Lab7/final_project/software/final_project_bsp\libhal_bsp.a(alt_exception_entry.o)
 *(.exceptions.irqtest.user)
 *(.exceptions.irqtest)
 .exceptions.irqtest
                0x0000000010000074       0x10 C:/Lab7/final_project/software/final_project_bsp\libhal_bsp.a(alt_irq_entry.o)
 *(.exceptions.irqhandler.user)
 *(.exceptions.irqhandler)
 .exceptions.irqhandler
                0x0000000010000084        0x4 C:/Lab7/final_project/software/final_project_bsp\libhal_bsp.a(alt_irq_entry.o)
 *(.exceptions.irqreturn.user)
 *(.exceptions.irqreturn)
 .exceptions.irqreturn
                0x0000000010000088        0x4 C:/Lab7/final_project/software/final_project_bsp\libhal_bsp.a(alt_irq_entry.o)
 *(.exceptions.notirq.label)
 .exceptions.notirq.label
                0x000000001000008c        0x0 C:/Lab7/final_project/software/final_project_bsp\libhal_bsp.a(alt_irq_entry.o)
 *(.exceptions.notirq.user)
 *(.exceptions.notirq)
 .exceptions.notirq
                0x000000001000008c        0x8 C:/Lab7/final_project/software/final_project_bsp\libhal_bsp.a(alt_exception_entry.o)
 *(.exceptions.soft.user)
 *(.exceptions.soft)
 *(.exceptions.unknown.user)
 *(.exceptions.unknown)
 .exceptions.unknown
                0x0000000010000094       0x14 C:/Lab7/final_project/software/final_project_bsp\libhal_bsp.a(alt_exception_entry.o)
 *(.exceptions.exit.label)
 .exceptions.exit.label
                0x00000000100000a8        0x0 C:/Lab7/final_project/software/final_project_bsp\libhal_bsp.a(alt_irq_entry.o)
 .exceptions.exit.label
                0x00000000100000a8        0x0 C:/Lab7/final_project/software/final_project_bsp\libhal_bsp.a(alt_exception_entry.o)
 *(.exceptions.exit.user)
 *(.exceptions.exit)
 .exceptions.exit
                0x00000000100000a8       0x54 C:/Lab7/final_project/software/final_project_bsp\libhal_bsp.a(alt_exception_entry.o)
 *(.exceptions)
 .exceptions    0x00000000100000fc       0xc8 C:/Lab7/final_project/software/final_project_bsp\libhal_bsp.a(alt_irq_handler.o)
                0x00000000100000fc                alt_irq_handler
 .exceptions    0x00000000100001c4       0x74 C:/Lab7/final_project/software/final_project_bsp\libhal_bsp.a(alt_instruction_exception_entry.o)
                0x00000000100001c4                alt_instruction_exception_entry
                0x0000000010000238                PROVIDE (__ram_exceptions_end = ABSOLUTE (.))
                0x0000000010000020                PROVIDE (__flash_exceptions_start = LOADADDR (.exceptions))

.text           0x0000000010000238    0x244f4
                [!provide]                        PROVIDE (stext = ABSOLUTE (.))
 *(.interp)
 *(.hash)
 *(.dynsym)
 *(.dynstr)
 *(.gnu.version)
 *(.gnu.version_d)
 *(.gnu.version_r)
 *(.rel.init)
 *(.rela.init)
 *(.rel.text .rel.text.* .rel.gnu.linkonce.t.*)
 *(.rela.text .rela.text.* .rela.gnu.linkonce.t.*)
 *(.rel.fini)
 *(.rela.fini)
 *(.rel.rodata .rel.rodata.* .rel.gnu.linkonce.r.*)
 *(.rela.rodata .rela.rodata.* .rela.gnu.linkonce.r.*)
 *(.rel.data .rel.data.* .rel.gnu.linkonce.d.*)
 *(.rela.data .rela.data.* .rela.gnu.linkonce.d.*)
 *(.rel.tdata .rel.tdata.* .rel.gnu.linkonce.td.*)
 *(.rela.tdata .rela.tdata.* .rela.gnu.linkonce.td.*)
 *(.rel.tbss .rel.tbss.* .rel.gnu.linkonce.tb.*)
 *(.rela.tbss .rela.tbss.* .rela.gnu.linkonce.tb.*)
 *(.rel.ctors)
 *(.rela.ctors)
 *(.rel.dtors)
 *(.rela.dtors)
 *(.rel.got)
 *(.rela.got)
 *(.rel.sdata .rel.sdata.* .rel.gnu.linkonce.s.*)
 *(.rela.sdata .rela.sdata.* .rela.gnu.linkonce.s.*)
 *(.rel.sbss .rel.sbss.* .rel.gnu.linkonce.sb.*)
 *(.rela.sbss .rela.sbss.* .rela.gnu.linkonce.sb.*)
 *(.rel.sdata2 .rel.sdata2.* .rel.gnu.linkonce.s2.*)
 *(.rela.sdata2 .rela.sdata2.* .rela.gnu.linkonce.s2.*)
 *(.rel.sbss2 .rel.sbss2.* .rel.gnu.linkonce.sb2.*)
 *(.rela.sbss2 .rela.sbss2.* .rela.gnu.linkonce.sb2.*)
 *(.rel.bss .rel.bss.* .rel.gnu.linkonce.b.*)
 *(.rela.bss .rela.bss.* .rela.gnu.linkonce.b.*)
 *(.rel.plt)
 *(.rela.plt)
 *(.rel.dyn)
 *(.init)
 *(.plt)
 *(.text .stub .text.* .gnu.linkonce.t.*)
 .text          0x0000000010000238       0x4c C:/Lab7/final_project/software/final_project_bsp/obj/HAL/src/crt0.o
                0x0000000010000238                _start
 .text          0x0000000010000284      0x290 obj/default/core.o
                0x0000000010000284                screen_test
 .text          0x0000000010000514      0x1d8 obj/default/io_handler.o
                0x0000000010000514                IO_init
                0x0000000010000610                IO_write
                0x0000000010000684                IO_read
 .text          0x00000000100006ec     0x32b4 obj/default/logic.o
                0x00000000100006ec                init_game
                0x0000000010000b54                tickgame
                0x00000000100011f8                recur_free
                0x0000000010001244                stack_push
                0x0000000010001328                blinkys_move
                0x0000000010001c74                det_goal_pos
                0x0000000010001dd0                pinkys_move
                0x00000000100026e4                inkys_move
                0x0000000010002924                clydes_move
                0x0000000010002b28                blinkyPalette
                0x0000000010002b90                pinkyPalette
                0x0000000010002bf8                inkyPalette
                0x0000000010002c60                clydePalette
                0x0000000010002cc8                gbPalette
                0x0000000010002d50                textPalette
                0x0000000010002dd4                wallPalette
                0x0000000010002e48                initScreen
                0x0000000010003010                drawBoard
                0x00000000100034ac                updateBoard
 .text          0x00000000100039a0      0xe78 obj/default/main.o
                0x00000000100039a0                main
 .text          0x0000000010004818      0x538 obj/default/tile_eng_driver.o
                0x0000000010004818                drawTile
                0x000000001000489c                writePaletteHelper
                0x0000000010004944                writePalette
                0x0000000010004a08                parseSpriteLine
                0x0000000010004af0                parseSprite
                0x0000000010004b68                writeSprite
                0x0000000010004c3c                writeText
                0x0000000010004cd4                clearScreen
 .text          0x0000000010004d50     0x1178 obj/default/usb.o
                0x0000000010004d50                UsbWrite
                0x0000000010004dac                UsbRead
                0x0000000010004df0                UsbSoftReset
                0x0000000010004ea4                UsbSetAddress
                0x0000000010004fa4                UsbGetDeviceDesc1
                0x00000000100050ec                UsbGetDeviceDesc2
                0x00000000100052c4                UsbGetConfigDesc1
                0x0000000010005454                UsbGetConfigDesc2
                0x00000000100056bc                UsbSetConfig
                0x00000000100057bc                UsbClassRequest
                0x00000000100058bc                UsbGetHidDesc
                0x0000000010005a04                UsbGetReportDesc
                0x0000000010005d44                UsbWaitTDListDone
                0x0000000010005dc8                UsbGetRetryCnt
                0x0000000010005e48                UsbPrintMem
 .text          0x0000000010005ec8      0x32c obj/default/updater.o
                0x0000000010005ec8                addToSet
                0x0000000010005f20                addPendingPos
                0x0000000010005f94                getOne
                0x0000000010006090                hasRemain
                0x00000000100060ec                clearQueue
 .text._ZnwjPv  0x00000000100061f4       0x28 obj/default/updater.o
                0x00000000100061f4                operator new(unsigned int, void*)
 .text._ZNSt15_Rb_tree_headerC2Ev
                0x000000001000621c       0x3c obj/default/updater.o
                0x000000001000621c                std::_Rb_tree_header::_Rb_tree_header()
                0x000000001000621c                std::_Rb_tree_header::_Rb_tree_header()
 .text._ZNSt15_Rb_tree_header8_M_resetEv
                0x0000000010006258       0x4c obj/default/updater.o
                0x0000000010006258                std::_Rb_tree_header::_M_reset()
 .text._ZN9TileGroupC2E10__tile_col
                0x00000000100062a4       0x3c obj/default/updater.o
                0x00000000100062a4                TileGroup::TileGroup(__tile_col)
                0x00000000100062a4                TileGroup::TileGroup(__tile_col)
 .text._ZN9TileGroupC2Ess
                0x00000000100062e0       0x58 obj/default/updater.o
                0x00000000100062e0                TileGroup::TileGroup(short, short)
                0x00000000100062e0                TileGroup::TileGroup(short, short)
 .text._ZNK9TileGroupltERKS_
                0x0000000010006338       0x88 obj/default/updater.o
                0x0000000010006338                TileGroup::operator<(TileGroup const&) const
 .text._ZNSt8_Rb_treeI9TileGroupS0_St9_IdentityIS0_ESt4lessIS0_ESaIS0_EE13_Rb_tree_implIS4_Lb1EED2Ev
                0x00000000100063c0       0x34 obj/default/updater.o
                0x00000000100063c0                std::_Rb_tree<TileGroup, TileGroup, std::_Identity<TileGroup>, std::less<TileGroup>, std::allocator<TileGroup> >::_Rb_tree_impl<std::less<TileGroup>, true>::~_Rb_tree_impl()
                0x00000000100063c0                std::_Rb_tree<TileGroup, TileGroup, std::_Identity<TileGroup>, std::less<TileGroup>, std::allocator<TileGroup> >::_Rb_tree_impl<std::less<TileGroup>, true>::~_Rb_tree_impl()
 .text._ZNSt8_Rb_treeI9TileGroupS0_St9_IdentityIS0_ESt4lessIS0_ESaIS0_EEC2Ev
                0x00000000100063f4       0x38 obj/default/updater.o
                0x00000000100063f4                std::_Rb_tree<TileGroup, TileGroup, std::_Identity<TileGroup>, std::less<TileGroup>, std::allocator<TileGroup> >::_Rb_tree()
                0x00000000100063f4                std::_Rb_tree<TileGroup, TileGroup, std::_Identity<TileGroup>, std::less<TileGroup>, std::allocator<TileGroup> >::_Rb_tree()
 .text._ZNSt3setI9TileGroupSt4lessIS0_ESaIS0_EEC2Ev
                0x000000001000642c       0x38 obj/default/updater.o
                0x000000001000642c                std::set<TileGroup, std::less<TileGroup>, std::allocator<TileGroup> >::set()
                0x000000001000642c                std::set<TileGroup, std::less<TileGroup>, std::allocator<TileGroup> >::set()
 .text._ZNSt8_Rb_treeI9TileGroupS0_St9_IdentityIS0_ESt4lessIS0_ESaIS0_EE13_Rb_tree_implIS4_Lb1EEC2Ev
                0x0000000010006464       0x50 obj/default/updater.o
                0x0000000010006464                std::_Rb_tree<TileGroup, TileGroup, std::_Identity<TileGroup>, std::less<TileGroup>, std::allocator<TileGroup> >::_Rb_tree_impl<std::less<TileGroup>, true>::_Rb_tree_impl()
                0x0000000010006464                std::_Rb_tree<TileGroup, TileGroup, std::_Identity<TileGroup>, std::less<TileGroup>, std::allocator<TileGroup> >::_Rb_tree_impl<std::less<TileGroup>, true>::_Rb_tree_impl()
 .text._ZNSaISt13_Rb_tree_nodeI9TileGroupEED2Ev
                0x00000000100064b4       0x34 obj/default/updater.o
                0x00000000100064b4                std::allocator<std::_Rb_tree_node<TileGroup> >::~allocator()
                0x00000000100064b4                std::allocator<std::_Rb_tree_node<TileGroup> >::~allocator()
 .text._ZNSt8_Rb_treeI9TileGroupS0_St9_IdentityIS0_ESt4lessIS0_ESaIS0_EED2Ev
                0x00000000100064e8       0x80 obj/default/updater.o
                0x00000000100064e8                std::_Rb_tree<TileGroup, TileGroup, std::_Identity<TileGroup>, std::less<TileGroup>, std::allocator<TileGroup> >::~_Rb_tree()
                0x00000000100064e8                std::_Rb_tree<TileGroup, TileGroup, std::_Identity<TileGroup>, std::less<TileGroup>, std::allocator<TileGroup> >::~_Rb_tree()
 .text._ZNSt3setI9TileGroupSt4lessIS0_ESaIS0_EE6insertERKS0_
                0x0000000010006568       0x84 obj/default/updater.o
                0x0000000010006568                std::set<TileGroup, std::less<TileGroup>, std::allocator<TileGroup> >::insert(TileGroup const&)
 .text._ZNKSt3setI9TileGroupSt4lessIS0_ESaIS0_EE5beginEv
                0x00000000100065ec       0x34 obj/default/updater.o
                0x00000000100065ec                std::set<TileGroup, std::less<TileGroup>, std::allocator<TileGroup> >::begin() const
 .text._ZNKSt3setI9TileGroupSt4lessIS0_ESaIS0_EE3endEv
                0x0000000010006620       0x34 obj/default/updater.o
                0x0000000010006620                std::set<TileGroup, std::less<TileGroup>, std::allocator<TileGroup> >::end() const
 .text._ZNKSt23_Rb_tree_const_iteratorI9TileGroupEneERKS1_
                0x0000000010006654       0x38 obj/default/updater.o
                0x0000000010006654                std::_Rb_tree_const_iterator<TileGroup>::operator!=(std::_Rb_tree_const_iterator<TileGroup> const&) const
 .text._ZNKSt23_Rb_tree_const_iteratorI9TileGroupEdeEv
                0x000000001000668c       0x38 obj/default/updater.o
                0x000000001000668c                std::_Rb_tree_const_iterator<TileGroup>::operator*() const
 .text._ZNSt3setI9TileGroupSt4lessIS0_ESaIS0_EE5eraseERKS0_
                0x00000000100066c4       0x3c obj/default/updater.o
                0x00000000100066c4                std::set<TileGroup, std::less<TileGroup>, std::allocator<TileGroup> >::erase(TileGroup const&)
 .text._ZNSt3setI9TileGroupSt4lessIS0_ESaIS0_EE5clearEv
                0x0000000010006700       0x38 obj/default/updater.o
                0x0000000010006700                std::set<TileGroup, std::less<TileGroup>, std::allocator<TileGroup> >::clear()
 .text._ZNSaISt13_Rb_tree_nodeI9TileGroupEEC2Ev
                0x0000000010006738       0x34 obj/default/updater.o
                0x0000000010006738                std::allocator<std::_Rb_tree_node<TileGroup> >::allocator()
                0x0000000010006738                std::allocator<std::_Rb_tree_node<TileGroup> >::allocator()
 .text._ZNSt20_Rb_tree_key_compareISt4lessI9TileGroupEEC2Ev
                0x000000001000676c       0x24 obj/default/updater.o
                0x000000001000676c                std::_Rb_tree_key_compare<std::less<TileGroup> >::_Rb_tree_key_compare()
                0x000000001000676c                std::_Rb_tree_key_compare<std::less<TileGroup> >::_Rb_tree_key_compare()
 .text._ZN9__gnu_cxx13new_allocatorISt13_Rb_tree_nodeI9TileGroupEED2Ev
                0x0000000010006790       0x24 obj/default/updater.o
                0x0000000010006790                __gnu_cxx::new_allocator<std::_Rb_tree_node<TileGroup> >::~new_allocator()
                0x0000000010006790                __gnu_cxx::new_allocator<std::_Rb_tree_node<TileGroup> >::~new_allocator()
 .text._ZNSt8_Rb_treeI9TileGroupS0_St9_IdentityIS0_ESt4lessIS0_ESaIS0_EE8_M_eraseEPSt13_Rb_tree_nodeIS0_E
                0x00000000100067b4       0x70 obj/default/updater.o
                0x00000000100067b4                std::_Rb_tree<TileGroup, TileGroup, std::_Identity<TileGroup>, std::less<TileGroup>, std::allocator<TileGroup> >::_M_erase(std::_Rb_tree_node<TileGroup>*)
 .text._ZNSt8_Rb_treeI9TileGroupS0_St9_IdentityIS0_ESt4lessIS0_ESaIS0_EE8_M_beginEv
                0x0000000010006824       0x28 obj/default/updater.o
                0x0000000010006824                std::_Rb_tree<TileGroup, TileGroup, std::_Identity<TileGroup>, std::less<TileGroup>, std::allocator<TileGroup> >::_M_begin()
 .text._ZSt7forwardIRK9TileGroupEOT_RNSt16remove_referenceIS3_E4typeE
                0x000000001000684c       0x24 obj/default/updater.o
                0x000000001000684c                TileGroup const& std::forward<TileGroup const&>(std::remove_reference<TileGroup const&>::type&)
 .text._ZNSt8_Rb_treeI9TileGroupS0_St9_IdentityIS0_ESt4lessIS0_ESaIS0_EE16_M_insert_uniqueIRKS0_EESt4pairISt17_Rb_tree_iteratorIS0_EbEOT_
                0x0000000010006870      0x130 obj/default/updater.o
                0x0000000010006870                std::pair<std::_Rb_tree_iterator<TileGroup>, bool> std::_Rb_tree<TileGroup, TileGroup, std::_Identity<TileGroup>, std::less<TileGroup>, std::allocator<TileGroup> >::_M_insert_unique<TileGroup const&>(TileGroup const&)
 .text._ZSt7forwardIRSt17_Rb_tree_iteratorI9TileGroupEEOT_RNSt16remove_referenceIS4_E4typeE
                0x00000000100069a0       0x24 obj/default/updater.o
                0x00000000100069a0                std::_Rb_tree_iterator<TileGroup>& std::forward<std::_Rb_tree_iterator<TileGroup>&>(std::remove_reference<std::_Rb_tree_iterator<TileGroup>&>::type&)
 .text._ZNSt4pairISt23_Rb_tree_const_iteratorI9TileGroupEbEC2IRSt17_Rb_tree_iteratorIS1_ERbLb1EEEOT_OT0_
                0x00000000100069c4       0x68 obj/default/updater.o
                0x00000000100069c4                std::pair<std::_Rb_tree_const_iterator<TileGroup>, bool>::pair<std::_Rb_tree_iterator<TileGroup>&, bool&, true>(std::_Rb_tree_iterator<TileGroup>&, bool&)
                0x00000000100069c4                std::pair<std::_Rb_tree_const_iterator<TileGroup>, bool>::pair<std::_Rb_tree_iterator<TileGroup>&, bool&, true>(std::_Rb_tree_iterator<TileGroup>&, bool&)
 .text._ZNKSt8_Rb_treeI9TileGroupS0_St9_IdentityIS0_ESt4lessIS0_ESaIS0_EE5beginEv
                0x0000000010006a2c       0x44 obj/default/updater.o
                0x0000000010006a2c                std::_Rb_tree<TileGroup, TileGroup, std::_Identity<TileGroup>, std::less<TileGroup>, std::allocator<TileGroup> >::begin() const
 .text._ZNKSt8_Rb_treeI9TileGroupS0_St9_IdentityIS0_ESt4lessIS0_ESaIS0_EE3endEv
                0x0000000010006a70       0x44 obj/default/updater.o
                0x0000000010006a70                std::_Rb_tree<TileGroup, TileGroup, std::_Identity<TileGroup>, std::less<TileGroup>, std::allocator<TileGroup> >::end() const
 .text._ZNKSt13_Rb_tree_nodeI9TileGroupE9_M_valptrEv
                0x0000000010006ab4       0x38 obj/default/updater.o
                0x0000000010006ab4                std::_Rb_tree_node<TileGroup>::_M_valptr() const
 .text._ZNSt8_Rb_treeI9TileGroupS0_St9_IdentityIS0_ESt4lessIS0_ESaIS0_EE5eraseERKS0_
                0x0000000010006aec       0xa4 obj/default/updater.o
                0x0000000010006aec                std::_Rb_tree<TileGroup, TileGroup, std::_Identity<TileGroup>, std::less<TileGroup>, std::allocator<TileGroup> >::erase(TileGroup const&)
 .text._ZNSt8_Rb_treeI9TileGroupS0_St9_IdentityIS0_ESt4lessIS0_ESaIS0_EE5clearEv
                0x0000000010006b90       0x84 obj/default/updater.o
                0x0000000010006b90                std::_Rb_tree<TileGroup, TileGroup, std::_Identity<TileGroup>, std::less<TileGroup>, std::allocator<TileGroup> >::clear()
 .text._ZN9__gnu_cxx13new_allocatorISt13_Rb_tree_nodeI9TileGroupEEC2Ev
                0x0000000010006c14       0x24 obj/default/updater.o
                0x0000000010006c14                __gnu_cxx::new_allocator<std::_Rb_tree_node<TileGroup> >::new_allocator()
                0x0000000010006c14                __gnu_cxx::new_allocator<std::_Rb_tree_node<TileGroup> >::new_allocator()
 .text._ZNSt8_Rb_treeI9TileGroupS0_St9_IdentityIS0_ESt4lessIS0_ESaIS0_EE8_S_rightEPSt18_Rb_tree_node_base
                0x0000000010006c38       0x28 obj/default/updater.o
                0x0000000010006c38                std::_Rb_tree<TileGroup, TileGroup, std::_Identity<TileGroup>, std::less<TileGroup>, std::allocator<TileGroup> >::_S_right(std::_Rb_tree_node_base*)
 .text._ZNSt8_Rb_treeI9TileGroupS0_St9_IdentityIS0_ESt4lessIS0_ESaIS0_EE7_S_leftEPSt18_Rb_tree_node_base
                0x0000000010006c60       0x28 obj/default/updater.o
                0x0000000010006c60                std::_Rb_tree<TileGroup, TileGroup, std::_Identity<TileGroup>, std::less<TileGroup>, std::allocator<TileGroup> >::_S_left(std::_Rb_tree_node_base*)
 .text._ZNSt8_Rb_treeI9TileGroupS0_St9_IdentityIS0_ESt4lessIS0_ESaIS0_EE12_M_drop_nodeEPSt13_Rb_tree_nodeIS0_E
                0x0000000010006c88       0x48 obj/default/updater.o
                0x0000000010006c88                std::_Rb_tree<TileGroup, TileGroup, std::_Identity<TileGroup>, std::less<TileGroup>, std::allocator<TileGroup> >::_M_drop_node(std::_Rb_tree_node<TileGroup>*)
 .text._ZNSt4pairIPSt18_Rb_tree_node_baseS1_EC2IRPSt13_Rb_tree_nodeI9TileGroupERS1_Lb1EEEOT_OT0_
                0x0000000010006cd0       0x5c obj/default/updater.o
                0x0000000010006cd0                std::pair<std::_Rb_tree_node_base*, std::_Rb_tree_node_base*>::pair<std::_Rb_tree_node<TileGroup>*&, std::_Rb_tree_node_base*&, true>(std::_Rb_tree_node<TileGroup>*&, std::_Rb_tree_node_base*&)
                0x0000000010006cd0                std::pair<std::_Rb_tree_node_base*, std::_Rb_tree_node_base*>::pair<std::_Rb_tree_node<TileGroup>*&, std::_Rb_tree_node_base*&, true>(std::_Rb_tree_node<TileGroup>*&, std::_Rb_tree_node_base*&)
 .text._ZSt7forwardIRPSt13_Rb_tree_nodeI9TileGroupEEOT_RNSt16remove_referenceIS5_E4typeE
                0x0000000010006d2c       0x24 obj/default/updater.o
                0x0000000010006d2c                std::_Rb_tree_node<TileGroup>*& std::forward<std::_Rb_tree_node<TileGroup>*&>(std::remove_reference<std::_Rb_tree_node<TileGroup>*&>::type&)
 .text._ZNSt4pairIPSt18_Rb_tree_node_baseS1_EC2IRS1_Lb1EEEOT_RKS1_
                0x0000000010006d50       0x58 obj/default/updater.o
                0x0000000010006d50                std::pair<std::_Rb_tree_node_base*, std::_Rb_tree_node_base*>::pair<std::_Rb_tree_node_base*&, true>(std::_Rb_tree_node_base*&, std::_Rb_tree_node_base* const&)
                0x0000000010006d50                std::pair<std::_Rb_tree_node_base*, std::_Rb_tree_node_base*>::pair<std::_Rb_tree_node_base*&, true>(std::_Rb_tree_node_base*&, std::_Rb_tree_node_base* const&)
 .text._ZSt7forwardIRPSt18_Rb_tree_node_baseEOT_RNSt16remove_referenceIS3_E4typeE
                0x0000000010006da8       0x24 obj/default/updater.o
                0x0000000010006da8                std::_Rb_tree_node_base*& std::forward<std::_Rb_tree_node_base*&>(std::remove_reference<std::_Rb_tree_node_base*&>::type&)
 .text._ZNSt8_Rb_treeI9TileGroupS0_St9_IdentityIS0_ESt4lessIS0_ESaIS0_EE24_M_get_insert_unique_posERKS0_
                0x0000000010006dcc      0x1b4 obj/default/updater.o
                0x0000000010006dcc                std::_Rb_tree<TileGroup, TileGroup, std::_Identity<TileGroup>, std::less<TileGroup>, std::allocator<TileGroup> >::_M_get_insert_unique_pos(TileGroup const&)
 .text._ZNKSt9_IdentityI9TileGroupEclERKS0_
                0x0000000010006f80       0x28 obj/default/updater.o
                0x0000000010006f80                std::_Identity<TileGroup>::operator()(TileGroup const&) const
 .text._ZNSt8_Rb_treeI9TileGroupS0_St9_IdentityIS0_ESt4lessIS0_ESaIS0_EE11_Alloc_nodeC2ERS6_
                0x0000000010006fa8       0x34 obj/default/updater.o
                0x0000000010006fa8                std::_Rb_tree<TileGroup, TileGroup, std::_Identity<TileGroup>, std::less<TileGroup>, std::allocator<TileGroup> >::_Alloc_node::_Alloc_node(std::_Rb_tree<TileGroup, TileGroup, std::_Identity<TileGroup>, std::less<TileGroup>, std::allocator<TileGroup> >&)
                0x0000000010006fa8                std::_Rb_tree<TileGroup, TileGroup, std::_Identity<TileGroup>, std::less<TileGroup>, std::allocator<TileGroup> >::_Alloc_node::_Alloc_node(std::_Rb_tree<TileGroup, TileGroup, std::_Identity<TileGroup>, std::less<TileGroup>, std::allocator<TileGroup> >&)
 .text._ZNSt8_Rb_treeI9TileGroupS0_St9_IdentityIS0_ESt4lessIS0_ESaIS0_EE10_M_insert_IRKS0_NS6_11_Alloc_nodeEEESt17_Rb_tree_iteratorIS0_EPSt18_Rb_tree_node_baseSE_OT_RT0_
                0x0000000010006fdc      0x108 obj/default/updater.o
                0x0000000010006fdc                std::_Rb_tree_iterator<TileGroup> std::_Rb_tree<TileGroup, TileGroup, std::_Identity<TileGroup>, std::less<TileGroup>, std::allocator<TileGroup> >::_M_insert_<TileGroup const&, std::_Rb_tree<TileGroup, TileGroup, std::_Identity<TileGroup>, std::less<TileGroup>, std::allocator<TileGroup> >::_Alloc_node>(std::_Rb_tree_node_base*, std::_Rb_tree_node_base*, TileGroup const&, std::_Rb_tree<TileGroup, TileGroup, std::_Identity<TileGroup>, std::less<TileGroup>, std::allocator<TileGroup> >::_Alloc_node&)
 .text._ZSt7forwardISt17_Rb_tree_iteratorI9TileGroupEEOT_RNSt16remove_referenceIS3_E4typeE
                0x00000000100070e4       0x24 obj/default/updater.o
                0x00000000100070e4                std::_Rb_tree_iterator<TileGroup>&& std::forward<std::_Rb_tree_iterator<TileGroup> >(std::remove_reference<std::_Rb_tree_iterator<TileGroup> >::type&)
 .text._ZNSt4pairISt17_Rb_tree_iteratorI9TileGroupEbEC2IS2_bLb1EEEOT_OT0_
                0x0000000010007108       0x60 obj/default/updater.o
                0x0000000010007108                std::pair<std::_Rb_tree_iterator<TileGroup>, bool>::pair<std::_Rb_tree_iterator<TileGroup>, bool, true>(std::_Rb_tree_iterator<TileGroup>&&, bool&&)
                0x0000000010007108                std::pair<std::_Rb_tree_iterator<TileGroup>, bool>::pair<std::_Rb_tree_iterator<TileGroup>, bool, true>(std::_Rb_tree_iterator<TileGroup>&&, bool&&)
 .text._ZNSt17_Rb_tree_iteratorI9TileGroupEC2EPSt18_Rb_tree_node_base
                0x0000000010007168       0x34 obj/default/updater.o
                0x0000000010007168                std::_Rb_tree_iterator<TileGroup>::_Rb_tree_iterator(std::_Rb_tree_node_base*)
                0x0000000010007168                std::_Rb_tree_iterator<TileGroup>::_Rb_tree_iterator(std::_Rb_tree_node_base*)
 .text._ZSt7forwardIRbEOT_RNSt16remove_referenceIS1_E4typeE
                0x000000001000719c       0x24 obj/default/updater.o
                0x000000001000719c                bool& std::forward<bool&>(std::remove_reference<bool&>::type&)
 .text._ZNSt23_Rb_tree_const_iteratorI9TileGroupEC2ERKSt17_Rb_tree_iteratorIS0_E
                0x00000000100071c0       0x38 obj/default/updater.o
                0x00000000100071c0                std::_Rb_tree_const_iterator<TileGroup>::_Rb_tree_const_iterator(std::_Rb_tree_iterator<TileGroup> const&)
                0x00000000100071c0                std::_Rb_tree_const_iterator<TileGroup>::_Rb_tree_const_iterator(std::_Rb_tree_iterator<TileGroup> const&)
 .text._ZNSt23_Rb_tree_const_iteratorI9TileGroupEC2EPKSt18_Rb_tree_node_base
                0x00000000100071f8       0x34 obj/default/updater.o
                0x00000000100071f8                std::_Rb_tree_const_iterator<TileGroup>::_Rb_tree_const_iterator(std::_Rb_tree_node_base const*)
                0x00000000100071f8                std::_Rb_tree_const_iterator<TileGroup>::_Rb_tree_const_iterator(std::_Rb_tree_node_base const*)
 .text._ZNK9__gnu_cxx16__aligned_membufI9TileGroupE6_M_ptrEv
                0x000000001000722c       0x30 obj/default/updater.o
                0x000000001000722c                __gnu_cxx::__aligned_membuf<TileGroup>::_M_ptr() const
 .text._ZNSt8_Rb_treeI9TileGroupS0_St9_IdentityIS0_ESt4lessIS0_ESaIS0_EE11equal_rangeERKS0_
                0x000000001000725c      0x1a0 obj/default/updater.o
                0x000000001000725c                std::_Rb_tree<TileGroup, TileGroup, std::_Identity<TileGroup>, std::less<TileGroup>, std::allocator<TileGroup> >::equal_range(TileGroup const&)
 .text._ZNKSt8_Rb_treeI9TileGroupS0_St9_IdentityIS0_ESt4lessIS0_ESaIS0_EE4sizeEv
                0x00000000100073fc       0x28 obj/default/updater.o
                0x00000000100073fc                std::_Rb_tree<TileGroup, TileGroup, std::_Identity<TileGroup>, std::less<TileGroup>, std::allocator<TileGroup> >::size() const
 .text._ZNSt8_Rb_treeI9TileGroupS0_St9_IdentityIS0_ESt4lessIS0_ESaIS0_EE12_M_erase_auxESt23_Rb_tree_const_iteratorIS0_ES8_
                0x0000000010007424      0x108 obj/default/updater.o
                0x0000000010007424                std::_Rb_tree<TileGroup, TileGroup, std::_Identity<TileGroup>, std::less<TileGroup>, std::allocator<TileGroup> >::_M_erase_aux(std::_Rb_tree_const_iterator<TileGroup>, std::_Rb_tree_const_iterator<TileGroup>)
 .text._ZNSt8_Rb_treeI9TileGroupS0_St9_IdentityIS0_ESt4lessIS0_ESaIS0_EE15_M_destroy_nodeEPSt13_Rb_tree_nodeIS0_E
                0x000000001000752c       0x8c obj/default/updater.o
                0x000000001000752c                std::_Rb_tree<TileGroup, TileGroup, std::_Identity<TileGroup>, std::less<TileGroup>, std::allocator<TileGroup> >::_M_destroy_node(std::_Rb_tree_node<TileGroup>*)
 .text._ZNSt8_Rb_treeI9TileGroupS0_St9_IdentityIS0_ESt4lessIS0_ESaIS0_EE11_M_put_nodeEPSt13_Rb_tree_nodeIS0_E
                0x00000000100075b8       0x7c obj/default/updater.o
                0x00000000100075b8                std::_Rb_tree<TileGroup, TileGroup, std::_Identity<TileGroup>, std::less<TileGroup>, std::allocator<TileGroup> >::_M_put_node(std::_Rb_tree_node<TileGroup>*)
 .text._ZNSt8_Rb_treeI9TileGroupS0_St9_IdentityIS0_ESt4lessIS0_ESaIS0_EE6_M_endEv
                0x0000000010007634       0x28 obj/default/updater.o
                0x0000000010007634                std::_Rb_tree<TileGroup, TileGroup, std::_Identity<TileGroup>, std::less<TileGroup>, std::allocator<TileGroup> >::_M_end()
 .text._ZNSt8_Rb_treeI9TileGroupS0_St9_IdentityIS0_ESt4lessIS0_ESaIS0_EE6_S_keyEPKSt13_Rb_tree_nodeIS0_E
                0x000000001000765c       0x48 obj/default/updater.o
                0x000000001000765c                std::_Rb_tree<TileGroup, TileGroup, std::_Identity<TileGroup>, std::less<TileGroup>, std::allocator<TileGroup> >::_S_key(std::_Rb_tree_node<TileGroup> const*)
 .text._ZNKSt4lessI9TileGroupEclERKS0_S3_
                0x00000000100076a4       0x3c obj/default/updater.o
                0x00000000100076a4                std::less<TileGroup>::operator()(TileGroup const&, TileGroup const&) const
 .text._ZNSt8_Rb_treeI9TileGroupS0_St9_IdentityIS0_ESt4lessIS0_ESaIS0_EE5beginEv
                0x00000000100076e0       0x44 obj/default/updater.o
                0x00000000100076e0                std::_Rb_tree<TileGroup, TileGroup, std::_Identity<TileGroup>, std::less<TileGroup>, std::allocator<TileGroup> >::begin()
 .text._ZNKSt17_Rb_tree_iteratorI9TileGroupEeqERKS1_
                0x0000000010007724       0x38 obj/default/updater.o
                0x0000000010007724                std::_Rb_tree_iterator<TileGroup>::operator==(std::_Rb_tree_iterator<TileGroup> const&) const
 .text._ZNSt17_Rb_tree_iteratorI9TileGroupEmmEv
                0x000000001000775c       0x48 obj/default/updater.o
                0x000000001000775c                std::_Rb_tree_iterator<TileGroup>::operator--()
 .text._ZNSt8_Rb_treeI9TileGroupS0_St9_IdentityIS0_ESt4lessIS0_ESaIS0_EE6_S_keyEPKSt18_Rb_tree_node_base
                0x00000000100077a4       0x48 obj/default/updater.o
                0x00000000100077a4                std::_Rb_tree<TileGroup, TileGroup, std::_Identity<TileGroup>, std::less<TileGroup>, std::allocator<TileGroup> >::_S_key(std::_Rb_tree_node_base const*)
 .text._ZNKSt8_Rb_treeI9TileGroupS0_St9_IdentityIS0_ESt4lessIS0_ESaIS0_EE11_Alloc_nodeclIRKS0_EEPSt13_Rb_tree_nodeIS0_EOT_
                0x00000000100077ec       0x50 obj/default/updater.o
                0x00000000100077ec                std::_Rb_tree_node<TileGroup>* std::_Rb_tree<TileGroup, TileGroup, std::_Identity<TileGroup>, std::less<TileGroup>, std::allocator<TileGroup> >::_Alloc_node::operator()<TileGroup const&>(TileGroup const&) const
 .text._ZSt7forwardIbEOT_RNSt16remove_referenceIS0_E4typeE
                0x000000001000783c       0x24 obj/default/updater.o
                0x000000001000783c                bool&& std::forward<bool>(std::remove_reference<bool>::type&)
 .text._ZNK9__gnu_cxx16__aligned_membufI9TileGroupE7_M_addrEv
                0x0000000010007860       0x24 obj/default/updater.o
                0x0000000010007860                __gnu_cxx::__aligned_membuf<TileGroup>::_M_addr() const
 .text._ZNSt8_Rb_treeI9TileGroupS0_St9_IdentityIS0_ESt4lessIS0_ESaIS0_EE14_M_lower_boundEPSt13_Rb_tree_nodeIS0_EPSt18_Rb_tree_node_baseRKS0_
                0x0000000010007884       0xa8 obj/default/updater.o
                0x0000000010007884                std::_Rb_tree<TileGroup, TileGroup, std::_Identity<TileGroup>, std::less<TileGroup>, std::allocator<TileGroup> >::_M_lower_bound(std::_Rb_tree_node<TileGroup>*, std::_Rb_tree_node_base*, TileGroup const&)
 .text._ZNSt8_Rb_treeI9TileGroupS0_St9_IdentityIS0_ESt4lessIS0_ESaIS0_EE14_M_upper_boundEPSt13_Rb_tree_nodeIS0_EPSt18_Rb_tree_node_baseRKS0_
                0x000000001000792c       0xa4 obj/default/updater.o
                0x000000001000792c                std::_Rb_tree<TileGroup, TileGroup, std::_Identity<TileGroup>, std::less<TileGroup>, std::allocator<TileGroup> >::_M_upper_bound(std::_Rb_tree_node<TileGroup>*, std::_Rb_tree_node_base*, TileGroup const&)
 .text._ZNSt4pairISt17_Rb_tree_iteratorI9TileGroupES2_EC2IS2_S2_Lb1EEEOT_OT0_
                0x00000000100079d0       0x64 obj/default/updater.o
                0x00000000100079d0                std::pair<std::_Rb_tree_iterator<TileGroup>, std::_Rb_tree_iterator<TileGroup> >::pair<std::_Rb_tree_iterator<TileGroup>, std::_Rb_tree_iterator<TileGroup>, true>(std::_Rb_tree_iterator<TileGroup>&&, std::_Rb_tree_iterator<TileGroup>&&)
                0x00000000100079d0                std::pair<std::_Rb_tree_iterator<TileGroup>, std::_Rb_tree_iterator<TileGroup> >::pair<std::_Rb_tree_iterator<TileGroup>, std::_Rb_tree_iterator<TileGroup>, true>(std::_Rb_tree_iterator<TileGroup>&&, std::_Rb_tree_iterator<TileGroup>&&)
 .text._ZNKSt23_Rb_tree_const_iteratorI9TileGroupEeqERKS1_
                0x0000000010007a34       0x38 obj/default/updater.o
                0x0000000010007a34                std::_Rb_tree_const_iterator<TileGroup>::operator==(std::_Rb_tree_const_iterator<TileGroup> const&) const
 .text._ZNSt8_Rb_treeI9TileGroupS0_St9_IdentityIS0_ESt4lessIS0_ESaIS0_EE3endEv
                0x0000000010007a6c       0x44 obj/default/updater.o
                0x0000000010007a6c                std::_Rb_tree<TileGroup, TileGroup, std::_Identity<TileGroup>, std::less<TileGroup>, std::allocator<TileGroup> >::end()
 .text._ZNSt23_Rb_tree_const_iteratorI9TileGroupEppEi
                0x0000000010007ab0       0x58 obj/default/updater.o
                0x0000000010007ab0                std::_Rb_tree_const_iterator<TileGroup>::operator++(int)
 .text._ZNSt8_Rb_treeI9TileGroupS0_St9_IdentityIS0_ESt4lessIS0_ESaIS0_EE12_M_erase_auxESt23_Rb_tree_const_iteratorIS0_E
                0x0000000010007b08       0x6c obj/default/updater.o
                0x0000000010007b08                std::_Rb_tree<TileGroup, TileGroup, std::_Identity<TileGroup>, std::less<TileGroup>, std::allocator<TileGroup> >::_M_erase_aux(std::_Rb_tree_const_iterator<TileGroup>)
 .text._ZNSt8_Rb_treeI9TileGroupS0_St9_IdentityIS0_ESt4lessIS0_ESaIS0_EE21_M_get_Node_allocatorEv
                0x0000000010007b74       0x24 obj/default/updater.o
                0x0000000010007b74                std::_Rb_tree<TileGroup, TileGroup, std::_Identity<TileGroup>, std::less<TileGroup>, std::allocator<TileGroup> >::_M_get_Node_allocator()
 .text._ZNSt13_Rb_tree_nodeI9TileGroupE9_M_valptrEv
                0x0000000010007b98       0x38 obj/default/updater.o
                0x0000000010007b98                std::_Rb_tree_node<TileGroup>::_M_valptr()
 .text._ZNSt16allocator_traitsISaISt13_Rb_tree_nodeI9TileGroupEEE7destroyIS1_EEvRS3_PT_
                0x0000000010007bd0       0x3c obj/default/updater.o
                0x0000000010007bd0                void std::allocator_traits<std::allocator<std::_Rb_tree_node<TileGroup> > >::destroy<TileGroup>(std::allocator<std::_Rb_tree_node<TileGroup> >&, TileGroup*)
 .text._ZNSt16allocator_traitsISaISt13_Rb_tree_nodeI9TileGroupEEE10deallocateERS3_PS2_j
                0x0000000010007c0c       0x44 obj/default/updater.o
                0x0000000010007c0c                std::allocator_traits<std::allocator<std::_Rb_tree_node<TileGroup> > >::deallocate(std::allocator<std::_Rb_tree_node<TileGroup> >&, std::_Rb_tree_node<TileGroup>*, unsigned int)
 .text._ZNSt8_Rb_treeI9TileGroupS0_St9_IdentityIS0_ESt4lessIS0_ESaIS0_EE8_S_valueEPKSt13_Rb_tree_nodeIS0_E
                0x0000000010007c50       0x30 obj/default/updater.o
                0x0000000010007c50                std::_Rb_tree<TileGroup, TileGroup, std::_Identity<TileGroup>, std::less<TileGroup>, std::allocator<TileGroup> >::_S_value(std::_Rb_tree_node<TileGroup> const*)
 .text._ZNSt8_Rb_treeI9TileGroupS0_St9_IdentityIS0_ESt4lessIS0_ESaIS0_EE8_S_valueEPKSt18_Rb_tree_node_base
                0x0000000010007c80       0x30 obj/default/updater.o
                0x0000000010007c80                std::_Rb_tree<TileGroup, TileGroup, std::_Identity<TileGroup>, std::less<TileGroup>, std::allocator<TileGroup> >::_S_value(std::_Rb_tree_node_base const*)
 .text._ZNSt8_Rb_treeI9TileGroupS0_St9_IdentityIS0_ESt4lessIS0_ESaIS0_EE14_M_create_nodeIJRKS0_EEEPSt13_Rb_tree_nodeIS0_EDpOT_
                0x0000000010007cb0       0x54 obj/default/updater.o
                0x0000000010007cb0                std::_Rb_tree_node<TileGroup>* std::_Rb_tree<TileGroup, TileGroup, std::_Identity<TileGroup>, std::less<TileGroup>, std::allocator<TileGroup> >::_M_create_node<TileGroup const&>(TileGroup const&)
 .text._ZN9__gnu_cxx16__aligned_membufI9TileGroupE6_M_ptrEv
                0x0000000010007d04       0x30 obj/default/updater.o
                0x0000000010007d04                __gnu_cxx::__aligned_membuf<TileGroup>::_M_ptr()
 .text._ZN9__gnu_cxx13new_allocatorISt13_Rb_tree_nodeI9TileGroupEE7destroyIS2_EEvPT_
                0x0000000010007d34       0x28 obj/default/updater.o
                0x0000000010007d34                void __gnu_cxx::new_allocator<std::_Rb_tree_node<TileGroup> >::destroy<TileGroup>(TileGroup*)
 .text._ZN9__gnu_cxx13new_allocatorISt13_Rb_tree_nodeI9TileGroupEE10deallocateEPS3_j
                0x0000000010007d5c       0x3c obj/default/updater.o
                0x0000000010007d5c                __gnu_cxx::new_allocator<std::_Rb_tree_node<TileGroup> >::deallocate(std::_Rb_tree_node<TileGroup>*, unsigned int)
 .text._ZNSt8_Rb_treeI9TileGroupS0_St9_IdentityIS0_ESt4lessIS0_ESaIS0_EE11_M_get_nodeEv
                0x0000000010007d98       0x3c obj/default/updater.o
                0x0000000010007d98                std::_Rb_tree<TileGroup, TileGroup, std::_Identity<TileGroup>, std::less<TileGroup>, std::allocator<TileGroup> >::_M_get_node()
 .text._ZNSt8_Rb_treeI9TileGroupS0_St9_IdentityIS0_ESt4lessIS0_ESaIS0_EE17_M_construct_nodeIJRKS0_EEEvPSt13_Rb_tree_nodeIS0_EDpOT_
                0x0000000010007dd4      0x16c obj/default/updater.o
                0x0000000010007dd4                void std::_Rb_tree<TileGroup, TileGroup, std::_Identity<TileGroup>, std::less<TileGroup>, std::allocator<TileGroup> >::_M_construct_node<TileGroup const&>(std::_Rb_tree_node<TileGroup>*, TileGroup const&)
 .text._ZN9__gnu_cxx16__aligned_membufI9TileGroupE7_M_addrEv
                0x0000000010007f40       0x24 obj/default/updater.o
                0x0000000010007f40                __gnu_cxx::__aligned_membuf<TileGroup>::_M_addr()
 .text._ZNSt16allocator_traitsISaISt13_Rb_tree_nodeI9TileGroupEEE8allocateERS3_j
                0x0000000010007f64       0x3c obj/default/updater.o
                0x0000000010007f64                std::allocator_traits<std::allocator<std::_Rb_tree_node<TileGroup> > >::allocate(std::allocator<std::_Rb_tree_node<TileGroup> >&, unsigned int)
 .text._ZNSt16allocator_traitsISaISt13_Rb_tree_nodeI9TileGroupEEE9constructIS1_JRKS1_EEEvRS3_PT_DpOT0_
                0x0000000010007fa0       0x4c obj/default/updater.o
                0x0000000010007fa0                void std::allocator_traits<std::allocator<std::_Rb_tree_node<TileGroup> > >::construct<TileGroup, TileGroup const&>(std::allocator<std::_Rb_tree_node<TileGroup> >&, TileGroup*, TileGroup const&)
 .text._ZN9__gnu_cxx13new_allocatorISt13_Rb_tree_nodeI9TileGroupEE8allocateEjPKv
                0x0000000010007fec       0x60 obj/default/updater.o
                0x0000000010007fec                __gnu_cxx::new_allocator<std::_Rb_tree_node<TileGroup> >::allocate(unsigned int, void const*)
 .text._ZN9__gnu_cxx13new_allocatorISt13_Rb_tree_nodeI9TileGroupEE9constructIS2_JRKS2_EEEvPT_DpOT0_
                0x000000001000804c       0x68 obj/default/updater.o
                0x000000001000804c                void __gnu_cxx::new_allocator<std::_Rb_tree_node<TileGroup> >::construct<TileGroup, TileGroup const&>(TileGroup*, TileGroup const&)
 .text._ZNK9__gnu_cxx13new_allocatorISt13_Rb_tree_nodeI9TileGroupEE8max_sizeEv
                0x00000000100080b4       0x28 obj/default/updater.o
                0x00000000100080b4                __gnu_cxx::new_allocator<std::_Rb_tree_node<TileGroup> >::max_size() const
 .text._ZNSt3setI9TileGroupSt4lessIS0_ESaIS0_EED2Ev
                0x00000000100080dc       0x38 obj/default/updater.o
                0x00000000100080dc                std::set<TileGroup, std::less<TileGroup>, std::allocator<TileGroup> >::~set()
                0x00000000100080dc                std::set<TileGroup, std::less<TileGroup>, std::allocator<TileGroup> >::~set()
 .text          0x0000000010008114        0x0 c:/intelfpga_lite/19.1/nios2eds/bin/gnu/h-x86_64-mingw32/bin/../lib/gcc/nios2-elf/8.3.1/../../../../../H-x86_64-mingw32/nios2-elf/lib\libstdc++.a(new_op.o)
 .text._Znwj    0x0000000010008114       0x70 c:/intelfpga_lite/19.1/nios2eds/bin/gnu/h-x86_64-mingw32/bin/../lib/gcc/nios2-elf/8.3.1/../../../../../H-x86_64-mingw32/nios2-elf/lib\libstdc++.a(new_op.o)
                0x0000000010008114                operator new(unsigned int)
 .text          0x0000000010008184        0x0 c:/intelfpga_lite/19.1/nios2eds/bin/gnu/h-x86_64-mingw32/bin/../lib/gcc/nios2-elf/8.3.1/../../../../../H-x86_64-mingw32/nios2-elf/lib\libstdc++.a(new_handler.o)
 .text._ZSt15set_new_handlerPFvvE
                0x0000000010008184       0x14 c:/intelfpga_lite/19.1/nios2eds/bin/gnu/h-x86_64-mingw32/bin/../lib/gcc/nios2-elf/8.3.1/../../../../../H-x86_64-mingw32/nios2-elf/lib\libstdc++.a(new_handler.o)
                0x0000000010008184                std::set_new_handler(void (*)())
 .text._ZSt15get_new_handlerv
                0x0000000010008198        0xc c:/intelfpga_lite/19.1/nios2eds/bin/gnu/h-x86_64-mingw32/bin/../lib/gcc/nios2-elf/8.3.1/../../../../../H-x86_64-mingw32/nios2-elf/lib\libstdc++.a(new_handler.o)
                0x0000000010008198                std::get_new_handler()
 .text          0x00000000100081a4        0x0 c:/intelfpga_lite/19.1/nios2eds/bin/gnu/h-x86_64-mingw32/bin/../lib/gcc/nios2-elf/8.3.1/../../../../../H-x86_64-mingw32/nios2-elf/lib\libstdc++.a(eh_catch.o)
 .text.__cxa_get_exception_ptr
                0x00000000100081a4        0x8 c:/intelfpga_lite/19.1/nios2eds/bin/gnu/h-x86_64-mingw32/bin/../lib/gcc/nios2-elf/8.3.1/../../../../../H-x86_64-mingw32/nios2-elf/lib\libstdc++.a(eh_catch.o)
                0x00000000100081a4                __cxa_get_exception_ptr
 .text.__cxa_begin_catch
                0x00000000100081ac       0xac c:/intelfpga_lite/19.1/nios2eds/bin/gnu/h-x86_64-mingw32/bin/../lib/gcc/nios2-elf/8.3.1/../../../../../H-x86_64-mingw32/nios2-elf/lib\libstdc++.a(eh_catch.o)
                0x00000000100081ac                __cxa_begin_catch
 .text.__cxa_end_catch
                0x0000000010008258       0xb0 c:/intelfpga_lite/19.1/nios2eds/bin/gnu/h-x86_64-mingw32/bin/../lib/gcc/nios2-elf/8.3.1/../../../../../H-x86_64-mingw32/nios2-elf/lib\libstdc++.a(eh_catch.o)
                0x0000000010008258                __cxa_end_catch
 .text._ZSt18uncaught_exceptionv
                0x0000000010008308       0x20 c:/intelfpga_lite/19.1/nios2eds/bin/gnu/h-x86_64-mingw32/bin/../lib/gcc/nios2-elf/8.3.1/../../../../../H-x86_64-mingw32/nios2-elf/lib\libstdc++.a(eh_catch.o)
                0x0000000010008308                std::uncaught_exception()
 .text._ZSt19uncaught_exceptionsv
                0x0000000010008328       0x1c c:/intelfpga_lite/19.1/nios2eds/bin/gnu/h-x86_64-mingw32/bin/../lib/gcc/nios2-elf/8.3.1/../../../../../H-x86_64-mingw32/nios2-elf/lib\libstdc++.a(eh_catch.o)
                0x0000000010008328                std::uncaught_exceptions()
 .text          0x0000000010008344        0x0 c:/intelfpga_lite/19.1/nios2eds/bin/gnu/h-x86_64-mingw32/bin/../lib/gcc/nios2-elf/8.3.1/../../../../../H-x86_64-mingw32/nios2-elf/lib\libstdc++.a(eh_terminate.o)
 .text._ZN10__cxxabiv111__terminateEPFvvE
                0x0000000010008344       0xc8 c:/intelfpga_lite/19.1/nios2eds/bin/gnu/h-x86_64-mingw32/bin/../lib/gcc/nios2-elf/8.3.1/../../../../../H-x86_64-mingw32/nios2-elf/lib\libstdc++.a(eh_terminate.o)
                0x0000000010008344                __cxxabiv1::__terminate(void (*)())
 .text._ZSt9terminatev
                0x000000001000840c       0x14 c:/intelfpga_lite/19.1/nios2eds/bin/gnu/h-x86_64-mingw32/bin/../lib/gcc/nios2-elf/8.3.1/../../../../../H-x86_64-mingw32/nios2-elf/lib\libstdc++.a(eh_terminate.o)
                0x000000001000840c                std::terminate()
 .text._ZN10__cxxabiv112__unexpectedEPFvvE
                0x0000000010008420       0x10 c:/intelfpga_lite/19.1/nios2eds/bin/gnu/h-x86_64-mingw32/bin/../lib/gcc/nios2-elf/8.3.1/../../../../../H-x86_64-mingw32/nios2-elf/lib\libstdc++.a(eh_terminate.o)
                0x0000000010008420                __cxxabiv1::__unexpected(void (*)())
 .text._ZSt10unexpectedv
                0x0000000010008430       0x14 c:/intelfpga_lite/19.1/nios2eds/bin/gnu/h-x86_64-mingw32/bin/../lib/gcc/nios2-elf/8.3.1/../../../../../H-x86_64-mingw32/nios2-elf/lib\libstdc++.a(eh_terminate.o)
                0x0000000010008430                std::unexpected()
 .text._ZSt13set_terminatePFvvE
                0x0000000010008444       0x14 c:/intelfpga_lite/19.1/nios2eds/bin/gnu/h-x86_64-mingw32/bin/../lib/gcc/nios2-elf/8.3.1/../../../../../H-x86_64-mingw32/nios2-elf/lib\libstdc++.a(eh_terminate.o)
                0x0000000010008444                std::set_terminate(void (*)())
 .text._ZSt13get_terminatev
                0x0000000010008458        0xc c:/intelfpga_lite/19.1/nios2eds/bin/gnu/h-x86_64-mingw32/bin/../lib/gcc/nios2-elf/8.3.1/../../../../../H-x86_64-mingw32/nios2-elf/lib\libstdc++.a(eh_terminate.o)
                0x0000000010008458                std::get_terminate()
 .text._ZSt14set_unexpectedPFvvE
                0x0000000010008464       0x14 c:/intelfpga_lite/19.1/nios2eds/bin/gnu/h-x86_64-mingw32/bin/../lib/gcc/nios2-elf/8.3.1/../../../../../H-x86_64-mingw32/nios2-elf/lib\libstdc++.a(eh_terminate.o)
                0x0000000010008464                std::set_unexpected(void (*)())
 .text._ZSt14get_unexpectedv
                0x0000000010008478        0xc c:/intelfpga_lite/19.1/nios2eds/bin/gnu/h-x86_64-mingw32/bin/../lib/gcc/nios2-elf/8.3.1/../../../../../H-x86_64-mingw32/nios2-elf/lib\libstdc++.a(eh_terminate.o)
                0x0000000010008478                std::get_unexpected()
 .text          0x0000000010008484        0x0 c:/intelfpga_lite/19.1/nios2eds/bin/gnu/h-x86_64-mingw32/bin/../lib/gcc/nios2-elf/8.3.1/../../../../../H-x86_64-mingw32/nios2-elf/lib\libstdc++.a(eh_unex_handler.o)
 .text          0x0000000010008484        0x0 c:/intelfpga_lite/19.1/nios2eds/bin/gnu/h-x86_64-mingw32/bin/../lib/gcc/nios2-elf/8.3.1/../../../../../H-x86_64-mingw32/nios2-elf/lib\libstdc++.a(eh_throw.o)
 .text._ZL23__gxx_exception_cleanup19_Unwind_Reason_CodeP17_Unwind_Exception
                0x0000000010008484       0x68 c:/intelfpga_lite/19.1/nios2eds/bin/gnu/h-x86_64-mingw32/bin/../lib/gcc/nios2-elf/8.3.1/../../../../../H-x86_64-mingw32/nios2-elf/lib\libstdc++.a(eh_throw.o)
 .text.__cxa_init_primary_exception
                0x00000000100084ec       0x64 c:/intelfpga_lite/19.1/nios2eds/bin/gnu/h-x86_64-mingw32/bin/../lib/gcc/nios2-elf/8.3.1/../../../../../H-x86_64-mingw32/nios2-elf/lib\libstdc++.a(eh_throw.o)
                0x00000000100084ec                __cxa_init_primary_exception
 .text.__cxa_throw
                0x0000000010008550       0x94 c:/intelfpga_lite/19.1/nios2eds/bin/gnu/h-x86_64-mingw32/bin/../lib/gcc/nios2-elf/8.3.1/../../../../../H-x86_64-mingw32/nios2-elf/lib\libstdc++.a(eh_throw.o)
                0x0000000010008550                __cxa_throw
 .text.__cxa_rethrow
                0x00000000100085e4       0x84 c:/intelfpga_lite/19.1/nios2eds/bin/gnu/h-x86_64-mingw32/bin/../lib/gcc/nios2-elf/8.3.1/../../../../../H-x86_64-mingw32/nios2-elf/lib\libstdc++.a(eh_throw.o)
                0x00000000100085e4                __cxa_rethrow
 .text          0x0000000010008668        0x0 c:/intelfpga_lite/19.1/nios2eds/bin/gnu/h-x86_64-mingw32/bin/../lib/gcc/nios2-elf/8.3.1/../../../../../H-x86_64-mingw32/nios2-elf/lib\libstdc++.a(del_op.o)
 .text._ZdlPv   0x0000000010008668        0x4 c:/intelfpga_lite/19.1/nios2eds/bin/gnu/h-x86_64-mingw32/bin/../lib/gcc/nios2-elf/8.3.1/../../../../../H-x86_64-mingw32/nios2-elf/lib\libstdc++.a(del_op.o)
                0x0000000010008668                operator delete(void*)
 .text          0x000000001000866c        0x0 c:/intelfpga_lite/19.1/nios2eds/bin/gnu/h-x86_64-mingw32/bin/../lib/gcc/nios2-elf/8.3.1/../../../../../H-x86_64-mingw32/nios2-elf/lib\libstdc++.a(bad_alloc.o)
 .text._ZNKSt9bad_alloc4whatEv
                0x000000001000866c        0xc c:/intelfpga_lite/19.1/nios2eds/bin/gnu/h-x86_64-mingw32/bin/../lib/gcc/nios2-elf/8.3.1/../../../../../H-x86_64-mingw32/nios2-elf/lib\libstdc++.a(bad_alloc.o)
                0x000000001000866c                std::bad_alloc::what() const
 .text._ZNSt9bad_allocD2Ev
                0x0000000010008678       0x10 c:/intelfpga_lite/19.1/nios2eds/bin/gnu/h-x86_64-mingw32/bin/../lib/gcc/nios2-elf/8.3.1/../../../../../H-x86_64-mingw32/nios2-elf/lib\libstdc++.a(bad_alloc.o)
                0x0000000010008678                std::bad_alloc::~bad_alloc()
                0x0000000010008678                std::bad_alloc::~bad_alloc()
 .text._ZNSt9bad_allocD0Ev
                0x0000000010008688       0x38 c:/intelfpga_lite/19.1/nios2eds/bin/gnu/h-x86_64-mingw32/bin/../lib/gcc/nios2-elf/8.3.1/../../../../../H-x86_64-mingw32/nios2-elf/lib\libstdc++.a(bad_alloc.o)
                0x0000000010008688                std::bad_alloc::~bad_alloc()
 .text          0x00000000100086c0        0x0 c:/intelfpga_lite/19.1/nios2eds/bin/gnu/h-x86_64-mingw32/bin/../lib/gcc/nios2-elf/8.3.1/../../../../../H-x86_64-mingw32/nios2-elf/lib\libstdc++.a(eh_personality.o)
 .text._ZL16get_adjusted_ptrPKSt9type_infoS1_PPv
                0x00000000100086c0       0x88 c:/intelfpga_lite/19.1/nios2eds/bin/gnu/h-x86_64-mingw32/bin/../lib/gcc/nios2-elf/8.3.1/../../../../../H-x86_64-mingw32/nios2-elf/lib\libstdc++.a(eh_personality.o)
 .text._ZL28read_encoded_value_with_basehjPKhPj
                0x0000000010008748      0x1e8 c:/intelfpga_lite/19.1/nios2eds/bin/gnu/h-x86_64-mingw32/bin/../lib/gcc/nios2-elf/8.3.1/../../../../../H-x86_64-mingw32/nios2-elf/lib\libstdc++.a(eh_personality.o)
 .text._ZL15get_ttype_entryP16lsda_header_infom
                0x0000000010008930       0x94 c:/intelfpga_lite/19.1/nios2eds/bin/gnu/h-x86_64-mingw32/bin/../lib/gcc/nios2-elf/8.3.1/../../../../../H-x86_64-mingw32/nios2-elf/lib\libstdc++.a(eh_personality.o)
 .text._ZL20check_exception_specP16lsda_header_infoPKSt9type_infoPvl
                0x00000000100089c4       0xa0 c:/intelfpga_lite/19.1/nios2eds/bin/gnu/h-x86_64-mingw32/bin/../lib/gcc/nios2-elf/8.3.1/../../../../../H-x86_64-mingw32/nios2-elf/lib\libstdc++.a(eh_personality.o)
 .text._ZL21base_of_encoded_valuehP15_Unwind_Context
                0x0000000010008a64       0x70 c:/intelfpga_lite/19.1/nios2eds/bin/gnu/h-x86_64-mingw32/bin/../lib/gcc/nios2-elf/8.3.1/../../../../../H-x86_64-mingw32/nios2-elf/lib\libstdc++.a(eh_personality.o)
 .text._ZL17parse_lsda_headerP15_Unwind_ContextPKhP16lsda_header_info
                0x0000000010008ad4      0x12c c:/intelfpga_lite/19.1/nios2eds/bin/gnu/h-x86_64-mingw32/bin/../lib/gcc/nios2-elf/8.3.1/../../../../../H-x86_64-mingw32/nios2-elf/lib\libstdc++.a(eh_personality.o)
 .text.__gxx_personality_sj0
                0x0000000010008c00      0x624 c:/intelfpga_lite/19.1/nios2eds/bin/gnu/h-x86_64-mingw32/bin/../lib/gcc/nios2-elf/8.3.1/../../../../../H-x86_64-mingw32/nios2-elf/lib\libstdc++.a(eh_personality.o)
                0x0000000010008c00                __gxx_personality_sj0
 .text.__cxa_call_unexpected
                0x0000000010009224      0x180 c:/intelfpga_lite/19.1/nios2eds/bin/gnu/h-x86_64-mingw32/bin/../lib/gcc/nios2-elf/8.3.1/../../../../../H-x86_64-mingw32/nios2-elf/lib\libstdc++.a(eh_personality.o)
                0x0000000010009224                __cxa_call_unexpected
 .text          0x00000000100093a4        0x0 c:/intelfpga_lite/19.1/nios2eds/bin/gnu/h-x86_64-mingw32/bin/../lib/gcc/nios2-elf/8.3.1/../../../../../H-x86_64-mingw32/nios2-elf/lib\libstdc++.a(eh_alloc.o)
 .text._ZN12_GLOBAL__N_14pool4freeEPv.constprop.4
                0x00000000100093a4       0xec c:/intelfpga_lite/19.1/nios2eds/bin/gnu/h-x86_64-mingw32/bin/../lib/gcc/nios2-elf/8.3.1/../../../../../H-x86_64-mingw32/nios2-elf/lib\libstdc++.a(eh_alloc.o)
 .text._ZN12_GLOBAL__N_14pool8allocateEj.constprop.5
                0x0000000010009490       0xa8 c:/intelfpga_lite/19.1/nios2eds/bin/gnu/h-x86_64-mingw32/bin/../lib/gcc/nios2-elf/8.3.1/../../../../../H-x86_64-mingw32/nios2-elf/lib\libstdc++.a(eh_alloc.o)
 .text._ZN9__gnu_cxx9__freeresEv
                0x0000000010009538       0x30 c:/intelfpga_lite/19.1/nios2eds/bin/gnu/h-x86_64-mingw32/bin/../lib/gcc/nios2-elf/8.3.1/../../../../../H-x86_64-mingw32/nios2-elf/lib\libstdc++.a(eh_alloc.o)
                0x0000000010009538                __gnu_cxx::__freeres()
 .text.__cxa_allocate_exception
                0x0000000010009568       0x58 c:/intelfpga_lite/19.1/nios2eds/bin/gnu/h-x86_64-mingw32/bin/../lib/gcc/nios2-elf/8.3.1/../../../../../H-x86_64-mingw32/nios2-elf/lib\libstdc++.a(eh_alloc.o)
                0x0000000010009568                __cxa_allocate_exception
 .text.__cxa_free_exception
                0x00000000100095c0       0x28 c:/intelfpga_lite/19.1/nios2eds/bin/gnu/h-x86_64-mingw32/bin/../lib/gcc/nios2-elf/8.3.1/../../../../../H-x86_64-mingw32/nios2-elf/lib\libstdc++.a(eh_alloc.o)
                0x00000000100095c0                __cxa_free_exception
 .text.__cxa_allocate_dependent_exception
                0x00000000100095e8       0x48 c:/intelfpga_lite/19.1/nios2eds/bin/gnu/h-x86_64-mingw32/bin/../lib/gcc/nios2-elf/8.3.1/../../../../../H-x86_64-mingw32/nios2-elf/lib\libstdc++.a(eh_alloc.o)
                0x00000000100095e8                __cxa_allocate_dependent_exception
 .text.__cxa_free_dependent_exception
                0x0000000010009630       0x2c c:/intelfpga_lite/19.1/nios2eds/bin/gnu/h-x86_64-mingw32/bin/../lib/gcc/nios2-elf/8.3.1/../../../../../H-x86_64-mingw32/nios2-elf/lib\libstdc++.a(eh_alloc.o)
                0x0000000010009630                __cxa_free_dependent_exception
 .text.startup._GLOBAL__sub_I__ZN9__gnu_cxx9__freeresEv
                0x000000001000965c       0x64 c:/intelfpga_lite/19.1/nios2eds/bin/gnu/h-x86_64-mingw32/bin/../lib/gcc/nios2-elf/8.3.1/../../../../../H-x86_64-mingw32/nios2-elf/lib\libstdc++.a(eh_alloc.o)
 .text          0x00000000100096c0        0x0 c:/intelfpga_lite/19.1/nios2eds/bin/gnu/h-x86_64-mingw32/bin/../lib/gcc/nios2-elf/8.3.1/../../../../../H-x86_64-mingw32/nios2-elf/lib\libstdc++.a(tree.o)
 .text._ZStL23local_Rb_tree_decrementPSt18_Rb_tree_node_base
                0x00000000100096c0       0x64 c:/intelfpga_lite/19.1/nios2eds/bin/gnu/h-x86_64-mingw32/bin/../lib/gcc/nios2-elf/8.3.1/../../../../../H-x86_64-mingw32/nios2-elf/lib\libstdc++.a(tree.o)
 .text._ZSt18_Rb_tree_incrementPSt18_Rb_tree_node_base
                0x0000000010009724       0x60 c:/intelfpga_lite/19.1/nios2eds/bin/gnu/h-x86_64-mingw32/bin/../lib/gcc/nios2-elf/8.3.1/../../../../../H-x86_64-mingw32/nios2-elf/lib\libstdc++.a(tree.o)
                0x0000000010009724                std::_Rb_tree_increment(std::_Rb_tree_node_base*)
 .text._ZSt18_Rb_tree_incrementPKSt18_Rb_tree_node_base
                0x0000000010009784        0x4 c:/intelfpga_lite/19.1/nios2eds/bin/gnu/h-x86_64-mingw32/bin/../lib/gcc/nios2-elf/8.3.1/../../../../../H-x86_64-mingw32/nios2-elf/lib\libstdc++.a(tree.o)
                0x0000000010009784                std::_Rb_tree_increment(std::_Rb_tree_node_base const*)
 .text._ZSt18_Rb_tree_decrementPSt18_Rb_tree_node_base
                0x0000000010009788        0x4 c:/intelfpga_lite/19.1/nios2eds/bin/gnu/h-x86_64-mingw32/bin/../lib/gcc/nios2-elf/8.3.1/../../../../../H-x86_64-mingw32/nios2-elf/lib\libstdc++.a(tree.o)
                0x0000000010009788                std::_Rb_tree_decrement(std::_Rb_tree_node_base*)
 .text._ZSt18_Rb_tree_decrementPKSt18_Rb_tree_node_base
                0x000000001000978c        0x4 c:/intelfpga_lite/19.1/nios2eds/bin/gnu/h-x86_64-mingw32/bin/../lib/gcc/nios2-elf/8.3.1/../../../../../H-x86_64-mingw32/nios2-elf/lib\libstdc++.a(tree.o)
                0x000000001000978c                std::_Rb_tree_decrement(std::_Rb_tree_node_base const*)
 .text._ZSt20_Rb_tree_rotate_leftPSt18_Rb_tree_node_baseRS0_
                0x0000000010009790       0x5c c:/intelfpga_lite/19.1/nios2eds/bin/gnu/h-x86_64-mingw32/bin/../lib/gcc/nios2-elf/8.3.1/../../../../../H-x86_64-mingw32/nios2-elf/lib\libstdc++.a(tree.o)
                0x0000000010009790                std::_Rb_tree_rotate_left(std::_Rb_tree_node_base*, std::_Rb_tree_node_base*&)
 .text._ZSt21_Rb_tree_rotate_rightPSt18_Rb_tree_node_baseRS0_
                0x00000000100097ec       0x5c c:/intelfpga_lite/19.1/nios2eds/bin/gnu/h-x86_64-mingw32/bin/../lib/gcc/nios2-elf/8.3.1/../../../../../H-x86_64-mingw32/nios2-elf/lib\libstdc++.a(tree.o)
                0x00000000100097ec                std::_Rb_tree_rotate_right(std::_Rb_tree_node_base*, std::_Rb_tree_node_base*&)
 .text._ZSt29_Rb_tree_insert_and_rebalancebPSt18_Rb_tree_node_baseS0_RS_
                0x0000000010009848      0x254 c:/intelfpga_lite/19.1/nios2eds/bin/gnu/h-x86_64-mingw32/bin/../lib/gcc/nios2-elf/8.3.1/../../../../../H-x86_64-mingw32/nios2-elf/lib\libstdc++.a(tree.o)
                0x0000000010009848                std::_Rb_tree_insert_and_rebalance(bool, std::_Rb_tree_node_base*, std::_Rb_tree_node_base*, std::_Rb_tree_node_base&)
 .text._ZSt28_Rb_tree_rebalance_for_erasePSt18_Rb_tree_node_baseRS_
                0x0000000010009a9c      0x4b4 c:/intelfpga_lite/19.1/nios2eds/bin/gnu/h-x86_64-mingw32/bin/../lib/gcc/nios2-elf/8.3.1/../../../../../H-x86_64-mingw32/nios2-elf/lib\libstdc++.a(tree.o)
                0x0000000010009a9c                std::_Rb_tree_rebalance_for_erase(std::_Rb_tree_node_base*, std::_Rb_tree_node_base&)
 .text._ZSt20_Rb_tree_black_countPKSt18_Rb_tree_node_baseS1_
                0x0000000010009f50       0x34 c:/intelfpga_lite/19.1/nios2eds/bin/gnu/h-x86_64-mingw32/bin/../lib/gcc/nios2-elf/8.3.1/../../../../../H-x86_64-mingw32/nios2-elf/lib\libstdc++.a(tree.o)
                0x0000000010009f50                std::_Rb_tree_black_count(std::_Rb_tree_node_base const*, std::_Rb_tree_node_base const*)
 .text          0x0000000010009f84        0x0 c:/intelfpga_lite/19.1/nios2eds/bin/gnu/h-x86_64-mingw32/bin/../lib/gcc/nios2-elf/8.3.1/../../../../../H-x86_64-mingw32/nios2-elf/lib\libstdc++.a(functexcept.o)
 .text._ZSt21__throw_bad_exceptionv
                0x0000000010009f84       0x34 c:/intelfpga_lite/19.1/nios2eds/bin/gnu/h-x86_64-mingw32/bin/../lib/gcc/nios2-elf/8.3.1/../../../../../H-x86_64-mingw32/nios2-elf/lib\libstdc++.a(functexcept.o)
                0x0000000010009f84                std::__throw_bad_exception()
 .text._ZSt17__throw_bad_allocv
                0x0000000010009fb8       0x34 c:/intelfpga_lite/19.1/nios2eds/bin/gnu/h-x86_64-mingw32/bin/../lib/gcc/nios2-elf/8.3.1/../../../../../H-x86_64-mingw32/nios2-elf/lib\libstdc++.a(functexcept.o)
                0x0000000010009fb8                std::__throw_bad_alloc()
 .text._ZSt16__throw_bad_castv
                0x0000000010009fec       0x34 c:/intelfpga_lite/19.1/nios2eds/bin/gnu/h-x86_64-mingw32/bin/../lib/gcc/nios2-elf/8.3.1/../../../../../H-x86_64-mingw32/nios2-elf/lib\libstdc++.a(functexcept.o)
                0x0000000010009fec                std::__throw_bad_cast()
 .text._ZSt18__throw_bad_typeidv
                0x000000001000a020       0x34 c:/intelfpga_lite/19.1/nios2eds/bin/gnu/h-x86_64-mingw32/bin/../lib/gcc/nios2-elf/8.3.1/../../../../../H-x86_64-mingw32/nios2-elf/lib\libstdc++.a(functexcept.o)
                0x000000001000a020                std::__throw_bad_typeid()
 .text._ZSt19__throw_logic_errorPKc
                0x000000001000a054       0xac c:/intelfpga_lite/19.1/nios2eds/bin/gnu/h-x86_64-mingw32/bin/../lib/gcc/nios2-elf/8.3.1/../../../../../H-x86_64-mingw32/nios2-elf/lib\libstdc++.a(functexcept.o)
                0x000000001000a054                std::__throw_logic_error(char const*)
 .text._ZSt20__throw_domain_errorPKc
                0x000000001000a100       0xac c:/intelfpga_lite/19.1/nios2eds/bin/gnu/h-x86_64-mingw32/bin/../lib/gcc/nios2-elf/8.3.1/../../../../../H-x86_64-mingw32/nios2-elf/lib\libstdc++.a(functexcept.o)
                0x000000001000a100                std::__throw_domain_error(char const*)
 .text._ZSt24__throw_invalid_argumentPKc
                0x000000001000a1ac       0xac c:/intelfpga_lite/19.1/nios2eds/bin/gnu/h-x86_64-mingw32/bin/../lib/gcc/nios2-elf/8.3.1/../../../../../H-x86_64-mingw32/nios2-elf/lib\libstdc++.a(functexcept.o)
                0x000000001000a1ac                std::__throw_invalid_argument(char const*)
 .text._ZSt20__throw_length_errorPKc
                0x000000001000a258       0xac c:/intelfpga_lite/19.1/nios2eds/bin/gnu/h-x86_64-mingw32/bin/../lib/gcc/nios2-elf/8.3.1/../../../../../H-x86_64-mingw32/nios2-elf/lib\libstdc++.a(functexcept.o)
                0x000000001000a258                std::__throw_length_error(char const*)
 .text._ZSt20__throw_out_of_rangePKc
                0x000000001000a304       0xac c:/intelfpga_lite/19.1/nios2eds/bin/gnu/h-x86_64-mingw32/bin/../lib/gcc/nios2-elf/8.3.1/../../../../../H-x86_64-mingw32/nios2-elf/lib\libstdc++.a(functexcept.o)
                0x000000001000a304                std::__throw_out_of_range(char const*)
 .text._ZSt24__throw_out_of_range_fmtPKcz
                0x000000001000a3b0       0xf4 c:/intelfpga_lite/19.1/nios2eds/bin/gnu/h-x86_64-mingw32/bin/../lib/gcc/nios2-elf/8.3.1/../../../../../H-x86_64-mingw32/nios2-elf/lib\libstdc++.a(functexcept.o)
                0x000000001000a3b0                std::__throw_out_of_range_fmt(char const*, ...)
 .text._ZSt21__throw_runtime_errorPKc
                0x000000001000a4a4       0xac c:/intelfpga_lite/19.1/nios2eds/bin/gnu/h-x86_64-mingw32/bin/../lib/gcc/nios2-elf/8.3.1/../../../../../H-x86_64-mingw32/nios2-elf/lib\libstdc++.a(functexcept.o)
                0x000000001000a4a4                std::__throw_runtime_error(char const*)
 .text._ZSt19__throw_range_errorPKc
                0x000000001000a550       0xac c:/intelfpga_lite/19.1/nios2eds/bin/gnu/h-x86_64-mingw32/bin/../lib/gcc/nios2-elf/8.3.1/../../../../../H-x86_64-mingw32/nios2-elf/lib\libstdc++.a(functexcept.o)
                0x000000001000a550                std::__throw_range_error(char const*)
 .text._ZSt22__throw_overflow_errorPKc
                0x000000001000a5fc       0xac c:/intelfpga_lite/19.1/nios2eds/bin/gnu/h-x86_64-mingw32/bin/../lib/gcc/nios2-elf/8.3.1/../../../../../H-x86_64-mingw32/nios2-elf/lib\libstdc++.a(functexcept.o)
                0x000000001000a5fc                std::__throw_overflow_error(char const*)
 .text._ZSt23__throw_underflow_errorPKc
                0x000000001000a6a8       0xac c:/intelfpga_lite/19.1/nios2eds/bin/gnu/h-x86_64-mingw32/bin/../lib/gcc/nios2-elf/8.3.1/../../../../../H-x86_64-mingw32/nios2-elf/lib\libstdc++.a(functexcept.o)
                0x000000001000a6a8                std::__throw_underflow_error(char const*)
 .text          0x000000001000a754        0x0 c:/intelfpga_lite/19.1/nios2eds/bin/gnu/h-x86_64-mingw32/bin/../lib/gcc/nios2-elf/8.3.1/../../../../../H-x86_64-mingw32/nios2-elf/lib\libstdc++.a(snprintf_lite.o)
 .text._ZN9__gnu_cxx26__throw_insufficient_spaceEPKcS1_
                0x000000001000a754       0x80 c:/intelfpga_lite/19.1/nios2eds/bin/gnu/h-x86_64-mingw32/bin/../lib/gcc/nios2-elf/8.3.1/../../../../../H-x86_64-mingw32/nios2-elf/lib\libstdc++.a(snprintf_lite.o)
                0x000000001000a754                __gnu_cxx::__throw_insufficient_space(char const*, char const*)
 .text._ZN9__gnu_cxx15__concat_size_tEPcjj
                0x000000001000a7d4       0xe0 c:/intelfpga_lite/19.1/nios2eds/bin/gnu/h-x86_64-mingw32/bin/../lib/gcc/nios2-elf/8.3.1/../../../../../H-x86_64-mingw32/nios2-elf/lib\libstdc++.a(snprintf_lite.o)
                0x000000001000a7d4                __gnu_cxx::__concat_size_t(char*, unsigned int, unsigned int)
 .text._ZN9__gnu_cxx15__snprintf_liteEPcjPKcPv
                0x000000001000a8b4      0x150 c:/intelfpga_lite/19.1/nios2eds/bin/gnu/h-x86_64-mingw32/bin/../lib/gcc/nios2-elf/8.3.1/../../../../../H-x86_64-mingw32/nios2-elf/lib\libstdc++.a(snprintf_lite.o)
                0x000000001000a8b4                __gnu_cxx::__snprintf_lite(char*, unsigned int, char const*, void*)
 .text          0x000000001000aa04        0x0 c:/intelfpga_lite/19.1/nios2eds/bin/gnu/h-x86_64-mingw32/bin/../lib/gcc/nios2-elf/8.3.1/../../../../../H-x86_64-mingw32/nios2-elf/lib\libstdc++.a(cow-stdexcept.o)
 .text._Z27_txnal_cow_string_D1_commitPv
                0x000000001000aa04       0x3c c:/intelfpga_lite/19.1/nios2eds/bin/gnu/h-x86_64-mingw32/bin/../lib/gcc/nios2-elf/8.3.1/../../../../../H-x86_64-mingw32/nios2-elf/lib\libstdc++.a(cow-stdexcept.o)
                0x000000001000aa04                _txnal_cow_string_D1_commit(void*)
 .text._ZNSt11logic_errorC2ERKS_
                0x000000001000aa40       0x70 c:/intelfpga_lite/19.1/nios2eds/bin/gnu/h-x86_64-mingw32/bin/../lib/gcc/nios2-elf/8.3.1/../../../../../H-x86_64-mingw32/nios2-elf/lib\libstdc++.a(cow-stdexcept.o)
                0x000000001000aa40                std::logic_error::logic_error(std::logic_error const&)
                0x000000001000aa40                std::logic_error::logic_error(std::logic_error const&)
 .text._ZNSt11logic_erroraSERKS_
                0x000000001000aab0       0x68 c:/intelfpga_lite/19.1/nios2eds/bin/gnu/h-x86_64-mingw32/bin/../lib/gcc/nios2-elf/8.3.1/../../../../../H-x86_64-mingw32/nios2-elf/lib\libstdc++.a(cow-stdexcept.o)
                0x000000001000aab0                std::logic_error::operator=(std::logic_error const&)
 .text._ZNSt13runtime_errorC2ERKS_
                0x000000001000ab18       0x70 c:/intelfpga_lite/19.1/nios2eds/bin/gnu/h-x86_64-mingw32/bin/../lib/gcc/nios2-elf/8.3.1/../../../../../H-x86_64-mingw32/nios2-elf/lib\libstdc++.a(cow-stdexcept.o)
                0x000000001000ab18                std::runtime_error::runtime_error(std::runtime_error const&)
                0x000000001000ab18                std::runtime_error::runtime_error(std::runtime_error const&)
 .text._ZNSt13runtime_erroraSERKS_
                0x000000001000ab88       0x68 c:/intelfpga_lite/19.1/nios2eds/bin/gnu/h-x86_64-mingw32/bin/../lib/gcc/nios2-elf/8.3.1/../../../../../H-x86_64-mingw32/nios2-elf/lib\libstdc++.a(cow-stdexcept.o)
                0x000000001000ab88                std::runtime_error::operator=(std::runtime_error const&)
 .text._ZNSt11logic_errorC2EPKc
                0x000000001000abf0       0xac c:/intelfpga_lite/19.1/nios2eds/bin/gnu/h-x86_64-mingw32/bin/../lib/gcc/nios2-elf/8.3.1/../../../../../H-x86_64-mingw32/nios2-elf/lib\libstdc++.a(cow-stdexcept.o)
                0x000000001000abf0                std::logic_error::logic_error(char const*)
                0x000000001000abf0                std::logic_error::logic_error(char const*)
 .text._ZNSt12domain_errorC2EPKc
                0x000000001000ac9c       0x30 c:/intelfpga_lite/19.1/nios2eds/bin/gnu/h-x86_64-mingw32/bin/../lib/gcc/nios2-elf/8.3.1/../../../../../H-x86_64-mingw32/nios2-elf/lib\libstdc++.a(cow-stdexcept.o)
                0x000000001000ac9c                std::domain_error::domain_error(char const*)
                0x000000001000ac9c                std::domain_error::domain_error(char const*)
 .text._ZNSt16invalid_argumentC2EPKc
                0x000000001000accc       0x30 c:/intelfpga_lite/19.1/nios2eds/bin/gnu/h-x86_64-mingw32/bin/../lib/gcc/nios2-elf/8.3.1/../../../../../H-x86_64-mingw32/nios2-elf/lib\libstdc++.a(cow-stdexcept.o)
                0x000000001000accc                std::invalid_argument::invalid_argument(char const*)
                0x000000001000accc                std::invalid_argument::invalid_argument(char const*)
 .text._ZNSt12length_errorC2EPKc
                0x000000001000acfc       0x30 c:/intelfpga_lite/19.1/nios2eds/bin/gnu/h-x86_64-mingw32/bin/../lib/gcc/nios2-elf/8.3.1/../../../../../H-x86_64-mingw32/nios2-elf/lib\libstdc++.a(cow-stdexcept.o)
                0x000000001000acfc                std::length_error::length_error(char const*)
                0x000000001000acfc                std::length_error::length_error(char const*)
 .text._ZNSt12out_of_rangeC2EPKc
                0x000000001000ad2c       0x30 c:/intelfpga_lite/19.1/nios2eds/bin/gnu/h-x86_64-mingw32/bin/../lib/gcc/nios2-elf/8.3.1/../../../../../H-x86_64-mingw32/nios2-elf/lib\libstdc++.a(cow-stdexcept.o)
                0x000000001000ad2c                std::out_of_range::out_of_range(char const*)
                0x000000001000ad2c                std::out_of_range::out_of_range(char const*)
 .text._ZNSt13runtime_errorC2EPKc
                0x000000001000ad5c       0xac c:/intelfpga_lite/19.1/nios2eds/bin/gnu/h-x86_64-mingw32/bin/../lib/gcc/nios2-elf/8.3.1/../../../../../H-x86_64-mingw32/nios2-elf/lib\libstdc++.a(cow-stdexcept.o)
                0x000000001000ad5c                std::runtime_error::runtime_error(char const*)
                0x000000001000ad5c                std::runtime_error::runtime_error(char const*)
 .text._ZNSt11range_errorC2EPKc
                0x000000001000ae08       0x30 c:/intelfpga_lite/19.1/nios2eds/bin/gnu/h-x86_64-mingw32/bin/../lib/gcc/nios2-elf/8.3.1/../../../../../H-x86_64-mingw32/nios2-elf/lib\libstdc++.a(cow-stdexcept.o)
                0x000000001000ae08                std::range_error::range_error(char const*)
                0x000000001000ae08                std::range_error::range_error(char const*)
 .text._ZNSt14overflow_errorC2EPKc
                0x000000001000ae38       0x30 c:/intelfpga_lite/19.1/nios2eds/bin/gnu/h-x86_64-mingw32/bin/../lib/gcc/nios2-elf/8.3.1/../../../../../H-x86_64-mingw32/nios2-elf/lib\libstdc++.a(cow-stdexcept.o)
                0x000000001000ae38                std::overflow_error::overflow_error(char const*)
                0x000000001000ae38                std::overflow_error::overflow_error(char const*)
 .text._ZNSt15underflow_errorC2EPKc
                0x000000001000ae68       0x30 c:/intelfpga_lite/19.1/nios2eds/bin/gnu/h-x86_64-mingw32/bin/../lib/gcc/nios2-elf/8.3.1/../../../../../H-x86_64-mingw32/nios2-elf/lib\libstdc++.a(cow-stdexcept.o)
                0x000000001000ae68                std::underflow_error::underflow_error(char const*)
                0x000000001000ae68                std::underflow_error::underflow_error(char const*)
 .text._ZNSt12__sso_stringC2ERKSs
                0x000000001000ae98        0xc c:/intelfpga_lite/19.1/nios2eds/bin/gnu/h-x86_64-mingw32/bin/../lib/gcc/nios2-elf/8.3.1/../../../../../H-x86_64-mingw32/nios2-elf/lib\libstdc++.a(cow-stdexcept.o)
                0x000000001000ae98                std::__sso_string::__sso_string(std::string const&)
                0x000000001000ae98                std::__sso_string::__sso_string(std::string const&)
 .text._ZNSt12__cow_stringC2Ev
                0x000000001000aea4       0x10 c:/intelfpga_lite/19.1/nios2eds/bin/gnu/h-x86_64-mingw32/bin/../lib/gcc/nios2-elf/8.3.1/../../../../../H-x86_64-mingw32/nios2-elf/lib\libstdc++.a(cow-stdexcept.o)
                0x000000001000aea4                std::__cow_string::__cow_string()
                0x000000001000aea4                std::__cow_string::__cow_string()
 .text._ZNSt12__cow_stringC2ERKSs
                0x000000001000aeb4        0x4 c:/intelfpga_lite/19.1/nios2eds/bin/gnu/h-x86_64-mingw32/bin/../lib/gcc/nios2-elf/8.3.1/../../../../../H-x86_64-mingw32/nios2-elf/lib\libstdc++.a(cow-stdexcept.o)
                0x000000001000aeb4                std::__cow_string::__cow_string(std::string const&)
                0x000000001000aeb4                std::__cow_string::__cow_string(std::string const&)
 .text._ZNSt12__cow_stringC2EPKcj
                0x000000001000aeb8       0x1c c:/intelfpga_lite/19.1/nios2eds/bin/gnu/h-x86_64-mingw32/bin/../lib/gcc/nios2-elf/8.3.1/../../../../../H-x86_64-mingw32/nios2-elf/lib\libstdc++.a(cow-stdexcept.o)
                0x000000001000aeb8                std::__cow_string::__cow_string(char const*, unsigned int)
                0x000000001000aeb8                std::__cow_string::__cow_string(char const*, unsigned int)
 .text._ZNSt12__cow_stringC2ERKS_
                0x000000001000aed4       0x5c c:/intelfpga_lite/19.1/nios2eds/bin/gnu/h-x86_64-mingw32/bin/../lib/gcc/nios2-elf/8.3.1/../../../../../H-x86_64-mingw32/nios2-elf/lib\libstdc++.a(cow-stdexcept.o)
                0x000000001000aed4                std::__cow_string::__cow_string(std::__cow_string const&)
                0x000000001000aed4                std::__cow_string::__cow_string(std::__cow_string const&)
 .text._ZNSt12__cow_stringaSERKS_
                0x000000001000af30       0x60 c:/intelfpga_lite/19.1/nios2eds/bin/gnu/h-x86_64-mingw32/bin/../lib/gcc/nios2-elf/8.3.1/../../../../../H-x86_64-mingw32/nios2-elf/lib\libstdc++.a(cow-stdexcept.o)
                0x000000001000af30                std::__cow_string::operator=(std::__cow_string const&)
 .text._ZNSt12__cow_stringD2Ev
                0x000000001000af90       0x44 c:/intelfpga_lite/19.1/nios2eds/bin/gnu/h-x86_64-mingw32/bin/../lib/gcc/nios2-elf/8.3.1/../../../../../H-x86_64-mingw32/nios2-elf/lib\libstdc++.a(cow-stdexcept.o)
                0x000000001000af90                std::__cow_string::~__cow_string()
                0x000000001000af90                std::__cow_string::~__cow_string()
 .text._ZNSt12__cow_stringC2EOS_
                0x000000001000afd4       0x18 c:/intelfpga_lite/19.1/nios2eds/bin/gnu/h-x86_64-mingw32/bin/../lib/gcc/nios2-elf/8.3.1/../../../../../H-x86_64-mingw32/nios2-elf/lib\libstdc++.a(cow-stdexcept.o)
                0x000000001000afd4                std::__cow_string::__cow_string(std::__cow_string&&)
                0x000000001000afd4                std::__cow_string::__cow_string(std::__cow_string&&)
 .text._ZNSt12__cow_stringaSEOS_
                0x000000001000afec       0x60 c:/intelfpga_lite/19.1/nios2eds/bin/gnu/h-x86_64-mingw32/bin/../lib/gcc/nios2-elf/8.3.1/../../../../../H-x86_64-mingw32/nios2-elf/lib\libstdc++.a(cow-stdexcept.o)
                0x000000001000afec                std::__cow_string::operator=(std::__cow_string&&)
 .text._ZNKSt3_V214error_category10_M_messageEi
                0x000000001000b04c      0x118 c:/intelfpga_lite/19.1/nios2eds/bin/gnu/h-x86_64-mingw32/bin/../lib/gcc/nios2-elf/8.3.1/../../../../../H-x86_64-mingw32/nios2-elf/lib\libstdc++.a(cow-stdexcept.o)
                0x000000001000b04c                std::_V2::error_category::_M_message(int) const
 .text._Z35_txnal_cow_string_C1_for_exceptionsPvPKcS_
                0x000000001000b164      0x13c c:/intelfpga_lite/19.1/nios2eds/bin/gnu/h-x86_64-mingw32/bin/../lib/gcc/nios2-elf/8.3.1/../../../../../H-x86_64-mingw32/nios2-elf/lib\libstdc++.a(cow-stdexcept.o)
                0x000000001000b164                _txnal_cow_string_C1_for_exceptions(void*, char const*, void*)
 .text._Z23_txnal_cow_string_c_strPKv
                0x000000001000b2a0        0x4 c:/intelfpga_lite/19.1/nios2eds/bin/gnu/h-x86_64-mingw32/bin/../lib/gcc/nios2-elf/8.3.1/../../../../../H-x86_64-mingw32/nios2-elf/lib\libstdc++.a(cow-stdexcept.o)
                0x000000001000b2a0                _txnal_cow_string_c_str(void const*)
 .text._Z23_txnal_sso_string_c_strPKv
                0x000000001000b2a4        0x4 c:/intelfpga_lite/19.1/nios2eds/bin/gnu/h-x86_64-mingw32/bin/../lib/gcc/nios2-elf/8.3.1/../../../../../H-x86_64-mingw32/nios2-elf/lib\libstdc++.a(cow-stdexcept.o)
                0x000000001000b2a4                _txnal_sso_string_c_str(void const*)
 .text._Z20_txnal_cow_string_D1Pv
                0x000000001000b2a8       0x2c c:/intelfpga_lite/19.1/nios2eds/bin/gnu/h-x86_64-mingw32/bin/../lib/gcc/nios2-elf/8.3.1/../../../../../H-x86_64-mingw32/nios2-elf/lib\libstdc++.a(cow-stdexcept.o)
                0x000000001000b2a8                _txnal_cow_string_D1(void*)
 .text._Z26_txnal_logic_error_get_msgPv
                0x000000001000b2d4        0x8 c:/intelfpga_lite/19.1/nios2eds/bin/gnu/h-x86_64-mingw32/bin/../lib/gcc/nios2-elf/8.3.1/../../../../../H-x86_64-mingw32/nios2-elf/lib\libstdc++.a(cow-stdexcept.o)
                0x000000001000b2d4                _txnal_logic_error_get_msg(void*)
 .text._Z28_txnal_runtime_error_get_msgPv
                0x000000001000b2dc        0x8 c:/intelfpga_lite/19.1/nios2eds/bin/gnu/h-x86_64-mingw32/bin/../lib/gcc/nios2-elf/8.3.1/../../../../../H-x86_64-mingw32/nios2-elf/lib\libstdc++.a(cow-stdexcept.o)
                0x000000001000b2dc                _txnal_runtime_error_get_msg(void*)
 .text._ZGTtNSt11logic_errorC1EPKc
                0x000000001000b2e4       0xd4 c:/intelfpga_lite/19.1/nios2eds/bin/gnu/h-x86_64-mingw32/bin/../lib/gcc/nios2-elf/8.3.1/../../../../../H-x86_64-mingw32/nios2-elf/lib\libstdc++.a(cow-stdexcept.o)
                0x000000001000b2e4                transaction clone for std::logic_error::logic_error(char const*)
                0x000000001000b2e4                transaction clone for std::logic_error::logic_error(char const*)
 .text._ZGTtNSt11logic_errorC1ERKNSt7__cxx1112basic_stringIcSt11char_traitsIcESaIcEEE
                0x000000001000b3b8       0xe8 c:/intelfpga_lite/19.1/nios2eds/bin/gnu/h-x86_64-mingw32/bin/../lib/gcc/nios2-elf/8.3.1/../../../../../H-x86_64-mingw32/nios2-elf/lib\libstdc++.a(cow-stdexcept.o)
                0x000000001000b3b8                transaction clone for std::logic_error::logic_error(std::__cxx11::basic_string<char, std::char_traits<char>, std::allocator<char> > const&)
                0x000000001000b3b8                transaction clone for std::logic_error::logic_error(std::__cxx11::basic_string<char, std::char_traits<char>, std::allocator<char> > const&)
 .text._ZGTtNSt11logic_errorD1Ev
                0x000000001000b4a0        0x8 c:/intelfpga_lite/19.1/nios2eds/bin/gnu/h-x86_64-mingw32/bin/../lib/gcc/nios2-elf/8.3.1/../../../../../H-x86_64-mingw32/nios2-elf/lib\libstdc++.a(cow-stdexcept.o)
                0x000000001000b4a0                transaction clone for std::logic_error::~logic_error()
                0x000000001000b4a0                transaction clone for std::logic_error::~logic_error()
 .text._ZGTtNSt11logic_errorD0Ev
                0x000000001000b4a8       0x2c c:/intelfpga_lite/19.1/nios2eds/bin/gnu/h-x86_64-mingw32/bin/../lib/gcc/nios2-elf/8.3.1/../../../../../H-x86_64-mingw32/nios2-elf/lib\libstdc++.a(cow-stdexcept.o)
                0x000000001000b4a8                transaction clone for std::logic_error::~logic_error()
 .text._ZGTtNKSt11logic_error4whatEv
                0x000000001000b4d4        0x8 c:/intelfpga_lite/19.1/nios2eds/bin/gnu/h-x86_64-mingw32/bin/../lib/gcc/nios2-elf/8.3.1/../../../../../H-x86_64-mingw32/nios2-elf/lib\libstdc++.a(cow-stdexcept.o)
                0x000000001000b4d4                transaction clone for std::logic_error::what() const
 .text._ZGTtNSt12domain_errorC1EPKc
                0x000000001000b4dc       0xe0 c:/intelfpga_lite/19.1/nios2eds/bin/gnu/h-x86_64-mingw32/bin/../lib/gcc/nios2-elf/8.3.1/../../../../../H-x86_64-mingw32/nios2-elf/lib\libstdc++.a(cow-stdexcept.o)
                0x000000001000b4dc                transaction clone for std::domain_error::domain_error(char const*)
                0x000000001000b4dc                transaction clone for std::domain_error::domain_error(char const*)
 .text._ZGTtNSt12domain_errorC1ERKNSt7__cxx1112basic_stringIcSt11char_traitsIcESaIcEEE
                0x000000001000b5bc       0xf4 c:/intelfpga_lite/19.1/nios2eds/bin/gnu/h-x86_64-mingw32/bin/../lib/gcc/nios2-elf/8.3.1/../../../../../H-x86_64-mingw32/nios2-elf/lib\libstdc++.a(cow-stdexcept.o)
                0x000000001000b5bc                transaction clone for std::domain_error::domain_error(std::__cxx11::basic_string<char, std::char_traits<char>, std::allocator<char> > const&)
                0x000000001000b5bc                transaction clone for std::domain_error::domain_error(std::__cxx11::basic_string<char, std::char_traits<char>, std::allocator<char> > const&)
 .text._ZGTtNSt12domain_errorD1Ev
                0x000000001000b6b0        0x8 c:/intelfpga_lite/19.1/nios2eds/bin/gnu/h-x86_64-mingw32/bin/../lib/gcc/nios2-elf/8.3.1/../../../../../H-x86_64-mingw32/nios2-elf/lib\libstdc++.a(cow-stdexcept.o)
                0x000000001000b6b0                transaction clone for std::domain_error::~domain_error()
                0x000000001000b6b0                transaction clone for std::domain_error::~domain_error()
 .text._ZGTtNSt12domain_errorD0Ev
                0x000000001000b6b8       0x2c c:/intelfpga_lite/19.1/nios2eds/bin/gnu/h-x86_64-mingw32/bin/../lib/gcc/nios2-elf/8.3.1/../../../../../H-x86_64-mingw32/nios2-elf/lib\libstdc++.a(cow-stdexcept.o)
                0x000000001000b6b8                transaction clone for std::domain_error::~domain_error()
 .text._ZGTtNSt16invalid_argumentC1EPKc
                0x000000001000b6e4       0xe0 c:/intelfpga_lite/19.1/nios2eds/bin/gnu/h-x86_64-mingw32/bin/../lib/gcc/nios2-elf/8.3.1/../../../../../H-x86_64-mingw32/nios2-elf/lib\libstdc++.a(cow-stdexcept.o)
                0x000000001000b6e4                transaction clone for std::invalid_argument::invalid_argument(char const*)
                0x000000001000b6e4                transaction clone for std::invalid_argument::invalid_argument(char const*)
 .text._ZGTtNSt16invalid_argumentC1ERKNSt7__cxx1112basic_stringIcSt11char_traitsIcESaIcEEE
                0x000000001000b7c4       0xf4 c:/intelfpga_lite/19.1/nios2eds/bin/gnu/h-x86_64-mingw32/bin/../lib/gcc/nios2-elf/8.3.1/../../../../../H-x86_64-mingw32/nios2-elf/lib\libstdc++.a(cow-stdexcept.o)
                0x000000001000b7c4                transaction clone for std::invalid_argument::invalid_argument(std::__cxx11::basic_string<char, std::char_traits<char>, std::allocator<char> > const&)
                0x000000001000b7c4                transaction clone for std::invalid_argument::invalid_argument(std::__cxx11::basic_string<char, std::char_traits<char>, std::allocator<char> > const&)
 .text._ZGTtNSt16invalid_argumentD1Ev
                0x000000001000b8b8        0x8 c:/intelfpga_lite/19.1/nios2eds/bin/gnu/h-x86_64-mingw32/bin/../lib/gcc/nios2-elf/8.3.1/../../../../../H-x86_64-mingw32/nios2-elf/lib\libstdc++.a(cow-stdexcept.o)
                0x000000001000b8b8                transaction clone for std::invalid_argument::~invalid_argument()
                0x000000001000b8b8                transaction clone for std::invalid_argument::~invalid_argument()
 .text._ZGTtNSt16invalid_argumentD0Ev
                0x000000001000b8c0       0x2c c:/intelfpga_lite/19.1/nios2eds/bin/gnu/h-x86_64-mingw32/bin/../lib/gcc/nios2-elf/8.3.1/../../../../../H-x86_64-mingw32/nios2-elf/lib\libstdc++.a(cow-stdexcept.o)
                0x000000001000b8c0                transaction clone for std::invalid_argument::~invalid_argument()
 .text._ZGTtNSt12length_errorC1EPKc
                0x000000001000b8ec       0xe0 c:/intelfpga_lite/19.1/nios2eds/bin/gnu/h-x86_64-mingw32/bin/../lib/gcc/nios2-elf/8.3.1/../../../../../H-x86_64-mingw32/nios2-elf/lib\libstdc++.a(cow-stdexcept.o)
                0x000000001000b8ec                transaction clone for std::length_error::length_error(char const*)
                0x000000001000b8ec                transaction clone for std::length_error::length_error(char const*)
 .text._ZGTtNSt12length_errorC1ERKNSt7__cxx1112basic_stringIcSt11char_traitsIcESaIcEEE
                0x000000001000b9cc       0xf4 c:/intelfpga_lite/19.1/nios2eds/bin/gnu/h-x86_64-mingw32/bin/../lib/gcc/nios2-elf/8.3.1/../../../../../H-x86_64-mingw32/nios2-elf/lib\libstdc++.a(cow-stdexcept.o)
                0x000000001000b9cc                transaction clone for std::length_error::length_error(std::__cxx11::basic_string<char, std::char_traits<char>, std::allocator<char> > const&)
                0x000000001000b9cc                transaction clone for std::length_error::length_error(std::__cxx11::basic_string<char, std::char_traits<char>, std::allocator<char> > const&)
 .text._ZGTtNSt12length_errorD1Ev
                0x000000001000bac0        0x8 c:/intelfpga_lite/19.1/nios2eds/bin/gnu/h-x86_64-mingw32/bin/../lib/gcc/nios2-elf/8.3.1/../../../../../H-x86_64-mingw32/nios2-elf/lib\libstdc++.a(cow-stdexcept.o)
                0x000000001000bac0                transaction clone for std::length_error::~length_error()
                0x000000001000bac0                transaction clone for std::length_error::~length_error()
 .text._ZGTtNSt12length_errorD0Ev
                0x000000001000bac8       0x2c c:/intelfpga_lite/19.1/nios2eds/bin/gnu/h-x86_64-mingw32/bin/../lib/gcc/nios2-elf/8.3.1/../../../../../H-x86_64-mingw32/nios2-elf/lib\libstdc++.a(cow-stdexcept.o)
                0x000000001000bac8                transaction clone for std::length_error::~length_error()
 .text._ZGTtNSt12out_of_rangeC1EPKc
                0x000000001000baf4       0xe0 c:/intelfpga_lite/19.1/nios2eds/bin/gnu/h-x86_64-mingw32/bin/../lib/gcc/nios2-elf/8.3.1/../../../../../H-x86_64-mingw32/nios2-elf/lib\libstdc++.a(cow-stdexcept.o)
                0x000000001000baf4                transaction clone for std::out_of_range::out_of_range(char const*)
                0x000000001000baf4                transaction clone for std::out_of_range::out_of_range(char const*)
 .text._ZGTtNSt12out_of_rangeC1ERKNSt7__cxx1112basic_stringIcSt11char_traitsIcESaIcEEE
                0x000000001000bbd4       0xf4 c:/intelfpga_lite/19.1/nios2eds/bin/gnu/h-x86_64-mingw32/bin/../lib/gcc/nios2-elf/8.3.1/../../../../../H-x86_64-mingw32/nios2-elf/lib\libstdc++.a(cow-stdexcept.o)
                0x000000001000bbd4                transaction clone for std::out_of_range::out_of_range(std::__cxx11::basic_string<char, std::char_traits<char>, std::allocator<char> > const&)
                0x000000001000bbd4                transaction clone for std::out_of_range::out_of_range(std::__cxx11::basic_string<char, std::char_traits<char>, std::allocator<char> > const&)
 .text._ZGTtNSt12out_of_rangeD1Ev
                0x000000001000bcc8        0x8 c:/intelfpga_lite/19.1/nios2eds/bin/gnu/h-x86_64-mingw32/bin/../lib/gcc/nios2-elf/8.3.1/../../../../../H-x86_64-mingw32/nios2-elf/lib\libstdc++.a(cow-stdexcept.o)
                0x000000001000bcc8                transaction clone for std::out_of_range::~out_of_range()
                0x000000001000bcc8                transaction clone for std::out_of_range::~out_of_range()
 .text._ZGTtNSt12out_of_rangeD0Ev
                0x000000001000bcd0       0x2c c:/intelfpga_lite/19.1/nios2eds/bin/gnu/h-x86_64-mingw32/bin/../lib/gcc/nios2-elf/8.3.1/../../../../../H-x86_64-mingw32/nios2-elf/lib\libstdc++.a(cow-stdexcept.o)
                0x000000001000bcd0                transaction clone for std::out_of_range::~out_of_range()
 .text._ZGTtNSt13runtime_errorC1EPKc
                0x000000001000bcfc       0xd4 c:/intelfpga_lite/19.1/nios2eds/bin/gnu/h-x86_64-mingw32/bin/../lib/gcc/nios2-elf/8.3.1/../../../../../H-x86_64-mingw32/nios2-elf/lib\libstdc++.a(cow-stdexcept.o)
                0x000000001000bcfc                transaction clone for std::runtime_error::runtime_error(char const*)
                0x000000001000bcfc                transaction clone for std::runtime_error::runtime_error(char const*)
 .text._ZGTtNSt13runtime_errorC1ERKNSt7__cxx1112basic_stringIcSt11char_traitsIcESaIcEEE
                0x000000001000bdd0       0xe8 c:/intelfpga_lite/19.1/nios2eds/bin/gnu/h-x86_64-mingw32/bin/../lib/gcc/nios2-elf/8.3.1/../../../../../H-x86_64-mingw32/nios2-elf/lib\libstdc++.a(cow-stdexcept.o)
                0x000000001000bdd0                transaction clone for std::runtime_error::runtime_error(std::__cxx11::basic_string<char, std::char_traits<char>, std::allocator<char> > const&)
                0x000000001000bdd0                transaction clone for std::runtime_error::runtime_error(std::__cxx11::basic_string<char, std::char_traits<char>, std::allocator<char> > const&)
 .text._ZGTtNSt13runtime_errorD1Ev
                0x000000001000beb8        0x8 c:/intelfpga_lite/19.1/nios2eds/bin/gnu/h-x86_64-mingw32/bin/../lib/gcc/nios2-elf/8.3.1/../../../../../H-x86_64-mingw32/nios2-elf/lib\libstdc++.a(cow-stdexcept.o)
                0x000000001000beb8                transaction clone for std::runtime_error::~runtime_error()
                0x000000001000beb8                transaction clone for std::runtime_error::~runtime_error()
 .text._ZGTtNSt13runtime_errorD0Ev
                0x000000001000bec0       0x2c c:/intelfpga_lite/19.1/nios2eds/bin/gnu/h-x86_64-mingw32/bin/../lib/gcc/nios2-elf/8.3.1/../../../../../H-x86_64-mingw32/nios2-elf/lib\libstdc++.a(cow-stdexcept.o)
                0x000000001000bec0                transaction clone for std::runtime_error::~runtime_error()
 .text._ZGTtNKSt13runtime_error4whatEv
                0x000000001000beec        0x8 c:/intelfpga_lite/19.1/nios2eds/bin/gnu/h-x86_64-mingw32/bin/../lib/gcc/nios2-elf/8.3.1/../../../../../H-x86_64-mingw32/nios2-elf/lib\libstdc++.a(cow-stdexcept.o)
                0x000000001000beec                transaction clone for std::runtime_error::what() const
 .text._ZGTtNSt11range_errorC1EPKc
                0x000000001000bef4       0xe0 c:/intelfpga_lite/19.1/nios2eds/bin/gnu/h-x86_64-mingw32/bin/../lib/gcc/nios2-elf/8.3.1/../../../../../H-x86_64-mingw32/nios2-elf/lib\libstdc++.a(cow-stdexcept.o)
                0x000000001000bef4                transaction clone for std::range_error::range_error(char const*)
                0x000000001000bef4                transaction clone for std::range_error::range_error(char const*)
 .text._ZGTtNSt11range_errorC1ERKNSt7__cxx1112basic_stringIcSt11char_traitsIcESaIcEEE
                0x000000001000bfd4       0xf4 c:/intelfpga_lite/19.1/nios2eds/bin/gnu/h-x86_64-mingw32/bin/../lib/gcc/nios2-elf/8.3.1/../../../../../H-x86_64-mingw32/nios2-elf/lib\libstdc++.a(cow-stdexcept.o)