Archive member included to satisfy reference by file (symbol)

c:/intelfpga_lite/19.1/nios2eds/bin/gnu/h-x86_64-mingw32/bin/../lib/gcc/nios2-elf/8.3.1\libgcc.a(_muldi3.o)
                              obj/default/aesop.o (__muldi3)
c:/intelfpga_lite/19.1/nios2eds/bin/gnu/h-x86_64-mingw32/bin/../lib/gcc/nios2-elf/8.3.1/../../../../../H-x86_64-mingw32/nios2-elf/lib\libc.a(lib_a-memcpy.o)
                              obj/default/aesop.o (memcpy)
c:/intelfpga_lite/19.1/nios2eds/bin/gnu/h-x86_64-mingw32/bin/../lib/gcc/nios2-elf/8.3.1/../../../../../H-x86_64-mingw32/nios2-elf/lib\libc.a(lib_a-printf.o)
                              obj/default/main.o (printf)
c:/intelfpga_lite/19.1/nios2eds/bin/gnu/h-x86_64-mingw32/bin/../lib/gcc/nios2-elf/8.3.1/../../../../../H-x86_64-mingw32/nios2-elf/lib\libc.a(lib_a-puts.o)
                              obj/default/main.o (puts)
c:/intelfpga_lite/19.1/nios2eds/bin/gnu/h-x86_64-mingw32/bin/../lib/gcc/nios2-elf/8.3.1/../../../../../H-x86_64-mingw32/nios2-elf/lib\libc.a(lib_a-strlen.o)
                              c:/intelfpga_lite/19.1/nios2eds/bin/gnu/h-x86_64-mingw32/bin/../lib/gcc/nios2-elf/8.3.1/../../../../../H-x86_64-mingw32/nios2-elf/lib\libc.a(lib_a-puts.o) (strlen)
c:/intelfpga_lite/19.1/nios2eds/bin/gnu/h-x86_64-mingw32/bin/../lib/gcc/nios2-elf/8.3.1/../../../../../H-x86_64-mingw32/nios2-elf/lib\libc.a(lib_a-vfprintf.o)
                              c:/intelfpga_lite/19.1/nios2eds/bin/gnu/h-x86_64-mingw32/bin/../lib/gcc/nios2-elf/8.3.1/../../../../../H-x86_64-mingw32/nios2-elf/lib\libc.a(lib_a-printf.o) (___vfprintf_internal_r)
c:/intelfpga_lite/19.1/nios2eds/bin/gnu/h-x86_64-mingw32/bin/../lib/gcc/nios2-elf/8.3.1/../../../../../H-x86_64-mingw32/nios2-elf/lib\libc.a(lib_a-wsetup.o)
                              c:/intelfpga_lite/19.1/nios2eds/bin/gnu/h-x86_64-mingw32/bin/../lib/gcc/nios2-elf/8.3.1/../../../../../H-x86_64-mingw32/nios2-elf/lib\libc.a(lib_a-vfprintf.o) (__swsetup_r)
c:/intelfpga_lite/19.1/nios2eds/bin/gnu/h-x86_64-mingw32/bin/../lib/gcc/nios2-elf/8.3.1/../../../../../H-x86_64-mingw32/nios2-elf/lib\libc.a(lib_a-dtoa.o)
                              c:/intelfpga_lite/19.1/nios2eds/bin/gnu/h-x86_64-mingw32/bin/../lib/gcc/nios2-elf/8.3.1/../../../../../H-x86_64-mingw32/nios2-elf/lib\libc.a(lib_a-vfprintf.o) (_dtoa_r)
c:/intelfpga_lite/19.1/nios2eds/bin/gnu/h-x86_64-mingw32/bin/../lib/gcc/nios2-elf/8.3.1/../../../../../H-x86_64-mingw32/nios2-elf/lib\libc.a(lib_a-fflush.o)
                              c:/intelfpga_lite/19.1/nios2eds/bin/gnu/h-x86_64-mingw32/bin/../lib/gcc/nios2-elf/8.3.1/../../../../../H-x86_64-mingw32/nios2-elf/lib\libc.a(lib_a-vfprintf.o) (_fflush_r)
c:/intelfpga_lite/19.1/nios2eds/bin/gnu/h-x86_64-mingw32/bin/../lib/gcc/nios2-elf/8.3.1/../../../../../H-x86_64-mingw32/nios2-elf/lib\libc.a(lib_a-findfp.o)
                              c:/intelfpga_lite/19.1/nios2eds/bin/gnu/h-x86_64-mingw32/bin/../lib/gcc/nios2-elf/8.3.1/../../../../../H-x86_64-mingw32/nios2-elf/lib\libc.a(lib_a-puts.o) (__sinit)
c:/intelfpga_lite/19.1/nios2eds/bin/gnu/h-x86_64-mingw32/bin/../lib/gcc/nios2-elf/8.3.1/../../../../../H-x86_64-mingw32/nios2-elf/lib\libc.a(lib_a-freer.o)
                              c:/intelfpga_lite/19.1/nios2eds/bin/gnu/h-x86_64-mingw32/bin/../lib/gcc/nios2-elf/8.3.1/../../../../../H-x86_64-mingw32/nios2-elf/lib\libc.a(lib_a-wsetup.o) (_free_r)
c:/intelfpga_lite/19.1/nios2eds/bin/gnu/h-x86_64-mingw32/bin/../lib/gcc/nios2-elf/8.3.1/../../../../../H-x86_64-mingw32/nios2-elf/lib\libc.a(lib_a-fvwrite.o)
                              c:/intelfpga_lite/19.1/nios2eds/bin/gnu/h-x86_64-mingw32/bin/../lib/gcc/nios2-elf/8.3.1/../../../../../H-x86_64-mingw32/nios2-elf/lib\libc.a(lib_a-puts.o) (__sfvwrite_r)
c:/intelfpga_lite/19.1/nios2eds/bin/gnu/h-x86_64-mingw32/bin/../lib/gcc/nios2-elf/8.3.1/../../../../../H-x86_64-mingw32/nios2-elf/lib\libc.a(lib_a-fwalk.o)
                              c:/intelfpga_lite/19.1/nios2eds/bin/gnu/h-x86_64-mingw32/bin/../lib/gcc/nios2-elf/8.3.1/../../../../../H-x86_64-mingw32/nios2-elf/lib\libc.a(lib_a-findfp.o) (_fwalk)
c:/intelfpga_lite/19.1/nios2eds/bin/gnu/h-x86_64-mingw32/bin/../lib/gcc/nios2-elf/8.3.1/../../../../../H-x86_64-mingw32/nios2-elf/lib\libc.a(lib_a-impure.o)
                              c:/intelfpga_lite/19.1/nios2eds/bin/gnu/h-x86_64-mingw32/bin/../lib/gcc/nios2-elf/8.3.1/../../../../../H-x86_64-mingw32/nios2-elf/lib\libc.a(lib_a-fflush.o) (_global_impure_ptr)
c:/intelfpga_lite/19.1/nios2eds/bin/gnu/h-x86_64-mingw32/bin/../lib/gcc/nios2-elf/8.3.1/../../../../../H-x86_64-mingw32/nios2-elf/lib\libc.a(lib_a-localeconv.o)
                              c:/intelfpga_lite/19.1/nios2eds/bin/gnu/h-x86_64-mingw32/bin/../lib/gcc/nios2-elf/8.3.1/../../../../../H-x86_64-mingw32/nios2-elf/lib\libc.a(lib_a-vfprintf.o) (_localeconv_r)
[...]
Memory Configuration

Name             Origin             Length             Attributes
onchip_memory2_0 0x0000000000000000 0x0000000000000010
reset            0x0000000010000000 0x0000000000000020
sdram            0x0000000010000020 0x0000000007ffffe0
*default*        0x0000000000000000 0xffffffffffffffff

Linker script and memory map

LOAD C:/Lab7/final_project/software/final_project_bsp/obj/HAL/src/crt0.o
LOAD obj/default/aesop.o
LOAD obj/default/core.o
LOAD obj/default/io_handler.o
LOAD obj/default/main.o
LOAD obj/default/usb.o
LOAD c:/intelfpga_lite/19.1/nios2eds/bin/gnu/h-x86_64-mingw32/bin/../lib/gcc/nios2-elf/8.3.1/../../../../../H-x86_64-mingw32/nios2-elf/lib\libstdc++.a
LOAD c:/intelfpga_lite/19.1/nios2eds/bin/gnu/h-x86_64-mingw32/bin/../lib/gcc/nios2-elf/8.3.1/../../../../../H-x86_64-mingw32/nios2-elf/lib\libm.a
LOAD c:/intelfpga_lite/19.1/nios2eds/bin/gnu/h-x86_64-mingw32/bin/../lib/gcc/nios2-elf/8.3.1\libgcc.a
START GROUP
LOAD c:/intelfpga_lite/19.1/nios2eds/bin/gnu/h-x86_64-mingw32/bin/../lib/gcc/nios2-elf/8.3.1/../../../../../H-x86_64-mingw32/nios2-elf/lib\libc.a
LOAD c:/intelfpga_lite/19.1/nios2eds/bin/gnu/h-x86_64-mingw32/bin/../lib/gcc/nios2-elf/8.3.1\libgcc.a
LOAD C:/Lab7/final_project/software/final_project_bsp\libhal_bsp.a
LOAD c:/intelfpga_lite/19.1/nios2eds/bin/gnu/h-x86_64-mingw32/bin/../lib/gcc/nios2-elf/8.3.1/../../../../../H-x86_64-mingw32/nios2-elf/lib\libm.a
END GROUP
LOAD c:/intelfpga_lite/19.1/nios2eds/bin/gnu/h-x86_64-mingw32/bin/../lib/gcc/nios2-elf/8.3.1\libgcc.a
                0x0000000000000000                __alt_mem_onchip_memory2_0 = 0x0
                0x0000000010000000                __alt_mem_sdram = 0x10000000

.entry          0x0000000010000000       0x20
 *(.entry)
 .entry         0x0000000010000000       0x20 C:/Lab7/final_project/software/final_project_bsp/obj/HAL/src/crt0.o
                0x0000000010000000                __reset

.exceptions     0x0000000010000020      0x218
                0x0000000010000020                PROVIDE (__ram_exceptions_start = ABSOLUTE (.))
                0x0000000010000020                . = ALIGN (0x20)
 *(.irq)
 *(.exceptions.entry.label)
 .exceptions.entry.label
                0x0000000010000020        0x0 C:/Lab7/final_project/software/final_project_bsp\libhal_bsp.a(alt_irq_entry.o)
                0x0000000010000020                alt_irq_entry
 .exceptions.entry.label
                0x0000000010000020        0x0 C:/Lab7/final_project/software/final_project_bsp\libhal_bsp.a(alt_exception_entry.o)
                0x0000000010000020                alt_exception
 *(.exceptions.entry.user)
 *(.exceptions.entry.ecc_fatal)
 *(.exceptions.entry)
 .exceptions.entry
                0x0000000010000020       0x54 C:/Lab7/final_project/software/final_project_bsp\libhal_bsp.a(alt_exception_entry.o)
 *(.exceptions.irqtest.user)
 *(.exceptions.irqtest)
 .exceptions.irqtest
                0x0000000010000074       0x10 C:/Lab7/final_project/software/final_project_bsp\libhal_bsp.a(alt_irq_entry.o)
 *(.exceptions.irqhandler.user)
 *(.exceptions.irqhandler)
 .exceptions.irqhandler
                0x0000000010000084        0x4 C:/Lab7/final_project/software/final_project_bsp\libhal_bsp.a(alt_irq_entry.o)
 *(.exceptions.irqreturn.user)
 *(.exceptions.irqreturn)
 .exceptions.irqreturn
                0x0000000010000088        0x4 C:/Lab7/final_project/software/final_project_bsp\libhal_bsp.a(alt_irq_entry.o)
 *(.exceptions.notirq.label)
 .exceptions.notirq.label
                0x000000001000008c        0x0 C:/Lab7/final_project/software/final_project_bsp\libhal_bsp.a(alt_irq_entry.o)
 *(.exceptions.notirq.user)
 *(.exceptions.notirq)
 .exceptions.notirq
                0x000000001000008c        0x8 C:/Lab7/final_project/software/final_project_bsp\libhal_bsp.a(alt_exception_entry.o)
 *(.exceptions.soft.user)
 *(.exceptions.soft)
 *(.exceptions.unknown.user)
 *(.exceptions.unknown)
 .exceptions.unknown
                0x0000000010000094       0x14 C:/Lab7/final_project/software/final_project_bsp\libhal_bsp.a(alt_exception_entry.o)
 *(.exceptions.exit.label)
 .exceptions.exit.label
                0x00000000100000a8        0x0 C:/Lab7/final_project/software/final_project_bsp\libhal_bsp.a(alt_irq_entry.o)
 .exceptions.exit.label
                0x00000000100000a8        0x0 C:/Lab7/final_project/software/final_project_bsp\libhal_bsp.a(alt_exception_entry.o)
 *(.exceptions.exit.user)
 *(.exceptions.exit)
 .exceptions.exit
                0x00000000100000a8       0x54 C:/Lab7/final_project/software/final_project_bsp\libhal_bsp.a(alt_exception_entry.o)
 *(.exceptions)
 .exceptions    0x00000000100000fc       0xc8 C:/Lab7/final_project/software/final_project_bsp\libhal_bsp.a(alt_irq_handler.o)
                0x00000000100000fc                alt_irq_handler
 .exceptions    0x00000000100001c4       0x74 C:/Lab7/final_project/software/final_project_bsp\libhal_bsp.a(alt_instruction_exception_entry.o)
                0x00000000100001c4                alt_instruction_exception_entry
                0x0000000010000238                PROVIDE (__ram_exceptions_end = ABSOLUTE (.))
                0x0000000010000020                PROVIDE (__flash_exceptions_start = LOADADDR (.exceptions))

.text           0x0000000010000238    0x11c44
                [!provide]                        PROVIDE (stext = ABSOLUTE (.))
 *(.interp)
 *(.hash)
 *(.dynsym)
 *(.dynstr)
 *(.gnu.version)
 *(.gnu.version_d)
 *(.gnu.version_r)
 *(.rel.init)
 *(.rela.init)
 *(.rel.text .rel.text.* .rel.gnu.linkonce.t.*)
 *(.rela.text .rela.text.* .rela.gnu.linkonce.t.*)
 *(.rel.fini)
 *(.rela.fini)
 *(.rel.rodata .rel.rodata.* .rel.gnu.linkonce.r.*)
 *(.rela.rodata .rela.rodata.* .rela.gnu.linkonce.r.*)
 *(.rel.data .rel.data.* .rel.gnu.linkonce.d.*)
 *(.rela.data .rela.data.* .rela.gnu.linkonce.d.*)
 *(.rel.tdata .rel.tdata.* .rel.gnu.linkonce.td.*)
 *(.rela.tdata .rela.tdata.* .rela.gnu.linkonce.td.*)
 *(.rel.tbss .rel.tbss.* .rel.gnu.linkonce.tb.*)
 *(.rela.tbss .rela.tbss.* .rela.gnu.linkonce.tb.*)
 *(.rel.ctors)
 *(.rela.ctors)
 *(.rel.dtors)
 *(.rela.dtors)
 *(.rel.got)
 *(.rela.got)
 *(.rel.sdata .rel.sdata.* .rel.gnu.linkonce.s.*)
 *(.rela.sdata .rela.sdata.* .rela.gnu.linkonce.s.*)
 *(.rel.sbss .rel.sbss.* .rel.gnu.linkonce.sb.*)
 *(.rela.sbss .rela.sbss.* .rela.gnu.linkonce.sb.*)
 *(.rel.sdata2 .rel.sdata2.* .rel.gnu.linkonce.s2.*)
 *(.rela.sdata2 .rela.sdata2.* .rela.gnu.linkonce.s2.*)
 *(.rel.sbss2 .rel.sbss2.* .rel.gnu.linkonce.sb2.*)
 *(.rela.sbss2 .rela.sbss2.* .rela.gnu.linkonce.sb2.*)
 *(.rel.bss .rel.bss.* .rel.gnu.linkonce.b.*)
 *(.rela.bss .rela.bss.* .rela.gnu.linkonce.b.*)
 *(.rel.plt)
 *(.rela.plt)
 *(.rel.dyn)
 *(.init)
 *(.plt)
 *(.text .stub .text.* .gnu.linkonce.t.*)
 .text          0x0000000010000238       0x4c C:/Lab7/final_project/software/final_project_bsp/obj/HAL/src/crt0.o
                0x0000000010000238                _start
 .text          0x0000000010000284      0xca4 obj/default/aesop.o
                0x0000000010000284                aes_encrypt
                0x0000000010000658                key_expansion
                0x0000000010000848                shift_rows
                0x0000000010000920                sub_byte
                0x000000001000096c                sub_word32
                0x0000000010000a18                sub_word
                0x0000000010000adc                rot_word
                0x0000000010000b04                mix_columns
                0x0000000010000dc0                add_round_key
                0x0000000010000e80                transpose
 .text          0x0000000010000f28       0x48 obj/default/core.o
                0x0000000010000f28                game_tick
 .text          0x0000000010000f70      0x164 obj/default/io_handler.o
                0x0000000010000f70                IO_init
                0x0000000010000ff8                IO_write
                0x000000001000106c                IO_read
 .text          0x00000000100010d4      0xd9c obj/default/main.o
                0x00000000100010d4                main
 .text          0x0000000010001e70     0x1178 obj/default/usb.o
                0x0000000010001e70                UsbWrite
                0x0000000010001ecc                UsbRead
                0x0000000010001f10                UsbSoftReset
                0x0000000010001fc4                UsbSetAddress
                0x00000000100020c4                UsbGetDeviceDesc1
                0x000000001000220c                UsbGetDeviceDesc2
                0x00000000100023e4                UsbGetConfigDesc1
                0x0000000010002574                UsbGetConfigDesc2
                0x00000000100027dc                UsbSetConfig
                0x00000000100028dc                UsbClassRequest
                0x00000000100029dc                UsbGetHidDesc
                0x0000000010002b24                UsbGetReportDesc
                0x0000000010002e64                UsbWaitTDListDone
                0x0000000010002ee8                UsbGetRetryCnt
                0x0000000010002f68                UsbPrintMem
 .text          0x0000000010002fe8       0x60 c:/intelfpga_lite/19.1/nios2eds/bin/gnu/h-x86_64-mingw32/bin/../lib/gcc/nios2-elf/8.3.1\libgcc.a(_muldi3.o)
                0x0000000010002fe8                __muldi3
 .text          0x0000000010003048        0x0 c:/intelfpga_lite/19.1/nios2eds/bin/gnu/h-x86_64-mingw32/bin/../lib/gcc/nios2-elf/8.3.1/../../../../../H-x86_64-mingw32/nios2-elf/lib\libc.a(lib_a-memcpy.o)
 .text.memcpy   0x0000000010003048      0x100 c:/intelfpga_lite/19.1/nios2eds/bin/gnu/h-x86_64-mingw32/bin/../lib/gcc/nios2-elf/8.3.1/../../../../../H-x86_64-mingw32/nios2-elf/lib\libc.a(lib_a-memcpy.o)
                0x0000000010003048                memcpy
 .text          0x0000000010003148        0x0 c:/intelfpga_lite/19.1/nios2eds/bin/gnu/h-x86_64-mingw32/bin/../lib/gcc/nios2-elf/8.3.1/../../../../../H-x86_64-mingw32/nios2-elf/lib\libc.a(lib_a-printf.o)
 .text._printf_r
                0x0000000010003148       0x30 c:/intelfpga_lite/19.1/nios2eds/bin/gnu/h-x86_64-mingw32/bin/../lib/gcc/nios2-elf/8.3.1/../../../../../H-x86_64-mingw32/nios2-elf/lib\libc.a(lib_a-printf.o)
                0x0000000010003148                _printf_r
 .text.printf   0x0000000010003178       0x38 c:/intelfpga_lite/19.1/nios2eds/bin/gnu/h-x86_64-mingw32/bin/../lib/gcc/nios2-elf/8.3.1/../../../../../H-x86_64-mingw32/nios2-elf/lib\libc.a(lib_a-printf.o)
                0x0000000010003178                printf
 .text          0x00000000100031b0        0x0 c:/intelfpga_lite/19.1/nios2eds/bin/gnu/h-x86_64-mingw32/bin/../lib/gcc/nios2-elf/8.3.1/../../../../../H-x86_64-mingw32/nios2-elf/lib\libc.a(lib_a-puts.o)
 .text._puts_r  0x00000000100031b0       0xcc c:/intelfpga_lite/19.1/nios2eds/bin/gnu/h-x86_64-mingw32/bin/../lib/gcc/nios2-elf/8.3.1/../../../../../H-x86_64-mingw32/nios2-elf/lib\libc.a(lib_a-puts.o)
                0x00000000100031b0                _puts_r
 .text.puts     0x000000001000327c       0x10 c:/intelfpga_lite/19.1/nios2eds/bin/gnu/h-x86_64-mingw32/bin/../lib/gcc/nios2-elf/8.3.1/../../../../../H-x86_64-mingw32/nios2-elf/lib\libc.a(lib_a-puts.o)
                0x000000001000327c                puts
 .text          0x000000001000328c        0x0 c:/intelfpga_lite/19.1/nios2eds/bin/gnu/h-x86_64-mingw32/bin/../lib/gcc/nios2-elf/8.3.1/../../../../../H-x86_64-mingw32/nios2-elf/lib\libc.a(lib_a-strlen.o)
 .text.strlen   0x000000001000328c       0x98 c:/intelfpga_lite/19.1/nios2eds/bin/gnu/h-x86_64-mingw32/bin/../lib/gcc/nios2-elf/8.3.1/../../../../../H-x86_64-mingw32/nios2-elf/lib\libc.a(lib_a-strlen.o)
                0x000000001000328c                strlen
 .text          0x0000000010003324        0x0 c:/intelfpga_lite/19.1/nios2eds/bin/gnu/h-x86_64-mingw32/bin/../lib/gcc/nios2-elf/8.3.1/../../../../../H-x86_64-mingw32/nios2-elf/lib\libc.a(lib_a-vfprintf.o)
 .text.___vfprintf_internal_r
                0x0000000010003324     0x2160 c:/intelfpga_lite/19.1/nios2eds/bin/gnu/h-x86_64-mingw32/bin/../lib/gcc/nios2-elf/8.3.1/../../../../../H-x86_64-mingw32/nios2-elf/lib\libc.a(lib_a-vfprintf.o)
                0x0000000010003324                ___vfprintf_internal_r
 .text.__vfprintf_internal
                0x0000000010005484       0x18 c:/intelfpga_lite/19.1/nios2eds/bin/gnu/h-x86_64-mingw32/bin/../lib/gcc/nios2-elf/8.3.1/../../../../../H-x86_64-mingw32/nios2-elf/lib\libc.a(lib_a-vfprintf.o)
                0x0000000010005484                __vfprintf_internal
 .text.__sbprintf
                0x000000001000549c       0xc0 c:/intelfpga_lite/19.1/nios2eds/bin/gnu/h-x86_64-mingw32/bin/../lib/gcc/nios2-elf/8.3.1/../../../../../H-x86_64-mingw32/nios2-elf/lib\libc.a(lib_a-vfprintf.o)
 .text          0x000000001000555c        0x0 c:/intelfpga_lite/19.1/nios2eds/bin/gnu/h-x86_64-mingw32/bin/../lib/gcc/nios2-elf/8.3.1/../../../../../H-x86_64-mingw32/nios2-elf/lib\libc.a(lib_a-wsetup.o)
 .text.__swsetup_r
                0x000000001000555c      0x160 c:/intelfpga_lite/19.1/nios2eds/bin/gnu/h-x86_64-mingw32/bin/../lib/gcc/nios2-elf/8.3.1/../../../../../H-x86_64-mingw32/nios2-elf/lib\libc.a(lib_a-wsetup.o)
                0x000000001000555c                __swsetup_r
 .text          0x00000000100056bc        0x0 c:/intelfpga_lite/19.1/nios2eds/bin/gnu/h-x86_64-mingw32/bin/../lib/gcc/nios2-elf/8.3.1/../../../../../H-x86_64-mingw32/nios2-elf/lib\libc.a(lib_a-dtoa.o)
 .text.quorem   0x00000000100056bc      0x210 c:/intelfpga_lite/19.1/nios2eds/bin/gnu/h-x86_64-mingw32/bin/../lib/gcc/nios2-elf/8.3.1/../../../../../H-x86_64-mingw32/nios2-elf/lib\libc.a(lib_a-dtoa.o)
 .text._dtoa_r  0x00000000100058cc     0x16c8 c:/intelfpga_lite/19.1/nios2eds/bin/gnu/h-x86_64-mingw32/bin/../lib/gcc/nios2-elf/8.3.1/../../../../../H-x86_64-mingw32/nios2-elf/lib\libc.a(lib_a-dtoa.o)
                0x00000000100058cc                _dtoa_r
 .text          0x0000000010006f94        0x0 c:/intelfpga_lite/19.1/nios2eds/bin/gnu/h-x86_64-mingw32/bin/../lib/gcc/nios2-elf/8.3.1/../../../../../H-x86_64-mingw32/nios2-elf/lib\libc.a(lib_a-fflush.o)
 .text.__sflush_r
                0x0000000010006f94      0x228 c:/intelfpga_lite/19.1/nios2eds/bin/gnu/h-x86_64-mingw32/bin/../lib/gcc/nios2-elf/8.3.1/../../../../../H-x86_64-mingw32/nios2-elf/lib\libc.a(lib_a-fflush.o)
                0x0000000010006f94                __sflush_r
 .text._fflush_r
                0x00000000100071bc       0x60 c:/intelfpga_lite/19.1/nios2eds/bin/gnu/h-x86_64-mingw32/bin/../lib/gcc/nios2-elf/8.3.1/../../../../../H-x86_64-mingw32/nios2-elf/lib\libc.a(lib_a-fflush.o)
                0x00000000100071bc                _fflush_r
 .text.fflush   0x000000001000721c       0x28 c:/intelfpga_lite/19.1/nios2eds/bin/gnu/h-x86_64-mingw32/bin/../lib/gcc/nios2-elf/8.3.1/../../../../../H-x86_64-mingw32/nios2-elf/lib\libc.a(lib_a-fflush.o)
                0x000000001000721c                fflush
 .text          0x0000000010007244        0x0 c:/intelfpga_lite/19.1/nios2eds/bin/gnu/h-x86_64-mingw32/bin/../lib/gcc/nios2-elf/8.3.1/../../../../../H-x86_64-mingw32/nios2-elf/lib\libc.a(lib_a-findfp.o)
 .text.__fp_lock
                0x0000000010007244        0x8 c:/intelfpga_lite/19.1/nios2eds/bin/gnu/h-x86_64-mingw32/bin/../lib/gcc/nios2-elf/8.3.1/../../../../../H-x86_64-mingw32/nios2-elf/lib\libc.a(lib_a-findfp.o)
 .text._cleanup_r
                0x000000001000724c        0xc c:/intelfpga_lite/19.1/nios2eds/bin/gnu/h-x86_64-mingw32/bin/../lib/gcc/nios2-elf/8.3.1/../../../../../H-x86_64-mingw32/nios2-elf/lib\libc.a(lib_a-findfp.o)
                0x000000001000724c                _cleanup_r
 .text.__sinit.part.0
                0x0000000010007258      0x168 c:/intelfpga_lite/19.1/nios2eds/bin/gnu/h-x86_64-mingw32/bin/../lib/gcc/nios2-elf/8.3.1/../../../../../H-x86_64-mingw32/nios2-elf/lib\libc.a(lib_a-findfp.o)
 .text.__fp_unlock
                0x00000000100073c0        0x8 c:/intelfpga_lite/19.1/nios2eds/bin/gnu/h-x86_64-mingw32/bin/../lib/gcc/nios2-elf/8.3.1/../../../../../H-x86_64-mingw32/nios2-elf/lib\libc.a(lib_a-findfp.o)
 .text.__sfmoreglue
                0x00000000100073c8       0x68 c:/intelfpga_lite/19.1/nios2eds/bin/gnu/h-x86_64-mingw32/bin/../lib/gcc/nios2-elf/8.3.1/../../../../../H-x86_64-mingw32/nios2-elf/lib\libc.a(lib_a-findfp.o)
                0x00000000100073c8                __sfmoreglue
 .text.__sfp    0x0000000010007430       0xfc c:/intelfpga_lite/19.1/nios2eds/bin/gnu/h-x86_64-mingw32/bin/../lib/gcc/nios2-elf/8.3.1/../../../../../H-x86_64-mingw32/nios2-elf/lib\libc.a(lib_a-findfp.o)
                0x0000000010007430                __sfp
 .text._cleanup
                0x000000001000752c       0x14 c:/intelfpga_lite/19.1/nios2eds/bin/gnu/h-x86_64-mingw32/bin/../lib/gcc/nios2-elf/8.3.1/../../../../../H-x86_64-mingw32/nios2-elf/lib\libc.a(lib_a-findfp.o)
                0x000000001000752c                _cleanup
 .text.__sinit  0x0000000010007540       0x10 c:/intelfpga_lite/19.1/nios2eds/bin/gnu/h-x86_64-mingw32/bin/../lib/gcc/nios2-elf/8.3.1/../../../../../H-x86_64-mingw32/nios2-elf/lib\libc.a(lib_a-findfp.o)
                0x0000000010007540                __sinit
 .text.__sfp_lock_acquire
                0x0000000010007550        0x4 c:/intelfpga_lite/19.1/nios2eds/bin/gnu/h-x86_64-mingw32/bin/../lib/gcc/nios2-elf/8.3.1/../../../../../H-x86_64-mingw32/nios2-elf/lib\libc.a(lib_a-findfp.o)
                0x0000000010007550                __sfp_lock_acquire
 .text.__sfp_lock_release
                0x0000000010007554        0x4 c:/intelfpga_lite/19.1/nios2eds/bin/gnu/h-x86_64-mingw32/bin/../lib/gcc/nios2-elf/8.3.1/../../../../../H-x86_64-mingw32/nios2-elf/lib\libc.a(lib_a-findfp.o)
                0x0000000010007554                __sfp_lock_release
 .text.__sinit_lock_acquire
                0x0000000010007558        0x4 c:/intelfpga_lite/19.1/nios2eds/bin/gnu/h-x86_64-mingw32/bin/../lib/gcc/nios2-elf/8.3.1/../../../../../H-x86_64-mingw32/nios2-elf/lib\libc.a(lib_a-findfp.o)
                0x0000000010007558                __sinit_lock_acquire
 .text.__sinit_lock_release
                0x000000001000755c        0x4 c:/intelfpga_lite/19.1/nios2eds/bin/gnu/h-x86_64-mingw32/bin/../lib/gcc/nios2-elf/8.3.1/../../../../../H-x86_64-mingw32/nios2-elf/lib\libc.a(lib_a-findfp.o)
                0x000000001000755c                __sinit_lock_release
 .text.__fp_lock_all
                0x0000000010007560       0x14 c:/intelfpga_lite/19.1/nios2eds/bin/gnu/h-x86_64-mingw32/bin/../lib/gcc/nios2-elf/8.3.1/../../../../../H-x86_64-mingw32/nios2-elf/lib\libc.a(lib_a-findfp.o)
                0x0000000010007560                __fp_lock_all
 .text.__fp_unlock_all
                0x0000000010007574       0x14 c:/intelfpga_lite/19.1/nios2eds/bin/gnu/h-x86_64-mingw32/bin/../lib/gcc/nios2-elf/8.3.1/../../../../../H-x86_64-mingw32/nios2-elf/lib\libc.a(lib_a-findfp.o)
                0x0000000010007574                __fp_unlock_all
 .text          0x0000000010007588        0x0 c:/intelfpga_lite/19.1/nios2eds/bin/gnu/h-x86_64-mingw32/bin/../lib/gcc/nios2-elf/8.3.1/../../../../../H-x86_64-mingw32/nios2-elf/lib\libc.a(lib_a-freer.o)
 .text._malloc_trim_r
                0x0000000010007588      0x11c c:/intelfpga_lite/19.1/nios2eds/bin/gnu/h-x86_64-mingw32/bin/../lib/gcc/nios2-elf/8.3.1/../../../../../H-x86_64-mingw32/nios2-elf/lib\libc.a(lib_a-freer.o)
                0x0000000010007588                _malloc_trim_r
 .text._free_r  0x00000000100076a4      0x2fc c:/intelfpga_lite/19.1/nios2eds/bin/gnu/h-x86_64-mingw32/bin/../lib/gcc/nios2-elf/8.3.1/../../../../../H-x86_64-mingw32/nios2-elf/lib\libc.a(lib_a-freer.o)
                0x00000000100076a4                _free_r
 .text          0x00000000100079a0        0x0 c:/intelfpga_lite/19.1/nios2eds/bin/gnu/h-x86_64-mingw32/bin/../lib/gcc/nios2-elf/8.3.1/../../../../../H-x86_64-mingw32/nios2-elf/lib\libc.a(lib_a-fvwrite.o)
 .text.__sfvwrite_r
                0x00000000100079a0      0x4c4 c:/intelfpga_lite/19.1/nios2eds/bin/gnu/h-x86_64-mingw32/bin/../lib/gcc/nios2-elf/8.3.1/../../../../../H-x86_64-mingw32/nios2-elf/lib\libc.a(lib_a-fvwrite.o)
                0x00000000100079a0                __sfvwrite_r
 .text          0x0000000010007e64        0x0 c:/intelfpga_lite/19.1/nios2eds/bin/gnu/h-x86_64-mingw32/bin/../lib/gcc/nios2-elf/8.3.1/../../../../../H-x86_64-mingw32/nios2-elf/lib\libc.a(lib_a-fwalk.o)
 .text._fwalk   0x0000000010007e64       0xa4 c:/intelfpga_lite/19.1/nios2eds/bin/gnu/h-x86_64-mingw32/bin/../lib/gcc/nios2-elf/8.3.1/../../../../../H-x86_64-mingw32/nios2-elf/lib\libc.a(lib_a-fwalk.o)
                0x0000000010007e64                _fwalk
 .text._fwalk_reent
                0x0000000010007f08       0xb4 c:/intelfpga_lite/19.1/nios2eds/bin/gnu/h-x86_64-mingw32/bin/../lib/gcc/nios2-elf/8.3.1/../../../../../H-x86_64-mingw32/nios2-elf/lib\libc.a(lib_a-fwalk.o)
                0x0000000010007f08                _fwalk_reent
 .text          0x0000000010007fbc        0x0 c:/intelfpga_lite/19.1/nios2eds/bin/gnu/h-x86_64-mingw32/bin/../lib/gcc/nios2-elf/8.3.1/../../../../../H-x86_64-mingw32/nios2-elf/lib\libc.a(lib_a-impure.o)
 .text          0x0000000010007fbc        0x0 c:/intelfpga_lite/19.1/nios2eds/bin/gnu/h-x86_64-mingw32/bin/../lib/gcc/nios2-elf/8.3.1/../../../../../H-x86_64-mingw32/nios2-elf/lib\libc.a(lib_a-localeconv.o)
 .text.__localeconv_l
                0x0000000010007fbc        0x8 c:/intelfpga_lite/19.1/nios2eds/bin/gnu/h-x86_64-mingw32/bin/../lib/gcc/nios2-elf/8.3.1/../../../../../H-x86_64-mingw32/nios2-elf/lib\libc.a(lib_a-localeconv.o)
                0x0000000010007fbc                __localeconv_l
 .text._localeconv_r
                0x0000000010007fc4        0xc c:/intelfpga_lite/19.1/nios2eds/bin/gnu/h-x86_64-mingw32/bin/../lib/gcc/nios2-elf/8.3.1/../../../../../H-x86_64-mingw32/nios2-elf/lib\libc.a(lib_a-localeconv.o)
                0x0000000010007fc4                _localeconv_r
 .text.localeconv
                0x0000000010007fd0        0xc c:/intelfpga_lite/19.1/nios2eds/bin/gnu/h-x86_64-mingw32/bin/../lib/gcc/nios2-elf/8.3.1/../../../../../H-x86_64-mingw32/nios2-elf/lib\libc.a(lib_a-localeconv.o)
                0x0000000010007fd0                localeconv
 .text          0x0000000010007fdc        0x0 c:/intelfpga_lite/19.1/nios2eds/bin/gnu/h-x86_64-mingw32/bin/../lib/gcc/nios2-elf/8.3.1/../../../../../H-x86_64-mingw32/nios2-elf/lib\libc.a(lib_a-makebuf.o)
 .text.__swhatbuf_r
                0x0000000010007fdc       0x98 c:/intelfpga_lite/19.1/nios2eds/bin/gnu/h-x86_64-mingw32/bin/../lib/gcc/nios2-elf/8.3.1/../../../../../H-x86_64-mingw32/nios2-elf/lib\libc.a(lib_a-makebuf.o)
                0x0000000010007fdc                __swhatbuf_r
 .text.__smakebuf_r
                0x0000000010008074      0x13c c:/intelfpga_lite/19.1/nios2eds/bin/gnu/h-x86_64-mingw32/bin/../lib/gcc/nios2-elf/8.3.1/../../../../../H-x86_64-mingw32/nios2-elf/lib\libc.a(lib_a-makebuf.o)
                0x0000000010008074                __smakebuf_r
 .text          0x00000000100081b0        0x0 c:/intelfpga_lite/19.1/nios2eds/bin/gnu/h-x86_64-mingw32/bin/../lib/gcc/nios2-elf/8.3.1/../../../../../H-x86_64-mingw32/nios2-elf/lib\libc.a(lib_a-mallocr.o)
 .text._malloc_r
                0x00000000100081b0      0x7f4 c:/intelfpga_lite/19.1/nios2eds/bin/gnu/h-x86_64-mingw32/bin/../lib/gcc/nios2-elf/8.3.1/../../../../../H-x86_64-mingw32/nios2-elf/lib\libc.a(lib_a-mallocr.o)
                0x00000000100081b0                _malloc_r
 .text          0x00000000100089a4        0x0 c:/intelfpga_lite/19.1/nios2eds/bin/gnu/h-x86_64-mingw32/bin/../lib/gcc/nios2-elf/8.3.1/../../../../../H-x86_64-mingw32/nios2-elf/lib\libc.a(lib_a-memchr.o)
 .text.memchr   0x00000000100089a4       0xe8 c:/intelfpga_lite/19.1/nios2eds/bin/gnu/h-x86_64-mingw32/bin/../lib/gcc/nios2-elf/8.3.1/../../../../../H-x86_64-mingw32/nios2-elf/lib\libc.a(lib_a-memchr.o)
                0x00000000100089a4                memchr
 .text          0x0000000010008a8c        0x0 c:/intelfpga_lite/19.1/nios2eds/bin/gnu/h-x86_64-mingw32/bin/../lib/gcc/nios2-elf/8.3.1/../../../../../H-x86_64-mingw32/nios2-elf/lib\libc.a(lib_a-memmove.o)
 .text.memmove  0x0000000010008a8c      0x12c c:/intelfpga_lite/19.1/nios2eds/bin/gnu/h-x86_64-mingw32/bin/../lib/gcc/nios2-elf/8.3.1/../../../../../H-x86_64-mingw32/nios2-elf/lib\libc.a(lib_a-memmove.o)
                0x0000000010008a8c                memmove
 .text          0x0000000010008bb8        0x0 c:/intelfpga_lite/19.1/nios2eds/bin/gnu/h-x86_64-mingw32/bin/../lib/gcc/nios2-elf/8.3.1/../../../../../H-x86_64-mingw32/nios2-elf/lib\libc.a(lib_a-memset.o)
 .text.memset   0x0000000010008bb8       0xf0 c:/intelfpga_lite/19.1/nios2eds/bin/gnu/h-x86_64-mingw32/bin/../lib/gcc/nios2-elf/8.3.1/../../../../../H-x86_64-mingw32/nios2-elf/lib\libc.a(lib_a-memset.o)
                0x0000000010008bb8                memset
 .text          0x0000000010008ca8        0x0 c:/intelfpga_lite/19.1/nios2eds/bin/gnu/h-x86_64-mingw32/bin/../lib/gcc/nios2-elf/8.3.1/../../../../../H-x86_64-mingw32/nios2-elf/lib\libc.a(lib_a-mprec.o)
 .text._Balloc  0x0000000010008ca8       0xa4 c:/intelfpga_lite/19.1/nios2eds/bin/gnu/h-x86_64-mingw32/bin/../lib/gcc/nios2-elf/8.3.1/../../../../../H-x86_64-mingw32/nios2-elf/lib\libc.a(lib_a-mprec.o)
                0x0000000010008ca8                _Balloc
 .text._Bfree   0x0000000010008d4c       0x24 c:/intelfpga_lite/19.1/nios2eds/bin/gnu/h-x86_64-mingw32/bin/../lib/gcc/nios2-elf/8.3.1/../../../../../H-x86_64-mingw32/nios2-elf/lib\libc.a(lib_a-mprec.o)
                0x0000000010008d4c                _Bfree
 .text.__multadd
                0x0000000010008d70      0x114 c:/intelfpga_lite/19.1/nios2eds/bin/gnu/h-x86_64-mingw32/bin/../lib/gcc/nios2-elf/8.3.1/../../../../../H-x86_64-mingw32/nios2-elf/lib\libc.a(lib_a-mprec.o)
                0x0000000010008d70                __multadd
 .text.__s2b    0x0000000010008e84      0x110 c:/intelfpga_lite/19.1/nios2eds/bin/gnu/h-x86_64-mingw32/bin/../lib/gcc/nios2-elf/8.3.1/../../../../../H-x86_64-mingw32/nios2-elf/lib\libc.a(lib_a-mprec.o)
                0x0000000010008e84                __s2b
 .text.__hi0bits
                0x0000000010008f94       0x64 c:/intelfpga_lite/19.1/nios2eds/bin/gnu/h-x86_64-mingw32/bin/../lib/gcc/nios2-elf/8.3.1/../../../../../H-x86_64-mingw32/nios2-elf/lib\libc.a(lib_a-mprec.o)
                0x0000000010008f94                __hi0bits
 .text.__lo0bits
                0x0000000010008ff8       0xb0 c:/intelfpga_lite/19.1/nios2eds/bin/gnu/h-x86_64-mingw32/bin/../lib/gcc/nios2-elf/8.3.1/../../../../../H-x86_64-mingw32/nios2-elf/lib\libc.a(lib_a-mprec.o)
                0x0000000010008ff8                __lo0bits
 .text.__i2b    0x00000000100090a8       0x34 c:/intelfpga_lite/19.1/nios2eds/bin/gnu/h-x86_64-mingw32/bin/../lib/gcc/nios2-elf/8.3.1/../../../../../H-x86_64-mingw32/nios2-elf/lib\libc.a(lib_a-mprec.o)
                0x00000000100090a8                __i2b
 .text.__multiply
                0x00000000100090dc      0x1ec c:/intelfpga_lite/19.1/nios2eds/bin/gnu/h-x86_64-mingw32/bin/../lib/gcc/nios2-elf/8.3.1/../../../../../H-x86_64-mingw32/nios2-elf/lib\libc.a(lib_a-mprec.o)
                0x00000000100090dc                __multiply
 .text.__pow5mult
                0x00000000100092c8      0x128 c:/intelfpga_lite/19.1/nios2eds/bin/gnu/h-x86_64-mingw32/bin/../lib/gcc/nios2-elf/8.3.1/../../../../../H-x86_64-mingw32/nios2-elf/lib\libc.a(lib_a-mprec.o)
                0x00000000100092c8                __pow5mult
 .text.__lshift
                0x00000000100093f0      0x13c c:/intelfpga_lite/19.1/nios2eds/bin/gnu/h-x86_64-mingw32/bin/../lib/gcc/nios2-elf/8.3.1/../../../../../H-x86_64-mingw32/nios2-elf/lib\libc.a(lib_a-mprec.o)
                0x00000000100093f0                __lshift
 .text.__mcmp   0x000000001000952c       0x58 c:/intelfpga_lite/19.1/nios2eds/bin/gnu/h-x86_64-mingw32/bin/../lib/gcc/nios2-elf/8.3.1/../../../../../H-x86_64-mingw32/nios2-elf/lib\libc.a(lib_a-mprec.o)
                0x000000001000952c                __mcmp
 .text.__mdiff  0x0000000010009584      0x1bc c:/intelfpga_lite/19.1/nios2eds/bin/gnu/h-x86_64-mingw32/bin/../lib/gcc/nios2-elf/8.3.1/../../../../../H-x86_64-mingw32/nios2-elf/lib\libc.a(lib_a-mprec.o)
                0x0000000010009584                __mdiff
 .text.__ulp    0x0000000010009740       0x5c c:/intelfpga_lite/19.1/nios2eds/bin/gnu/h-x86_64-mingw32/bin/../lib/gcc/nios2-elf/8.3.1/../../../../../H-x86_64-mingw32/nios2-elf/lib\libc.a(lib_a-mprec.o)
                0x0000000010009740                __ulp
 .text.__b2d    0x000000001000979c      0x104 c:/intelfpga_lite/19.1/nios2eds/bin/gnu/h-x86_64-mingw32/bin/../lib/gcc/nios2-elf/8.3.1/../../../../../H-x86_64-mingw32/nios2-elf/lib\libc.a(lib_a-mprec.o)
                0x000000001000979c                __b2d
 .text.__d2b    0x00000000100098a0      0x148 c:/intelfpga_lite/19.1/nios2eds/bin/gnu/h-x86_64-mingw32/bin/../lib/gcc/nios2-elf/8.3.1/../../../../../H-x86_64-mingw32/nios2-elf/lib\libc.a(lib_a-mprec.o)
                0x00000000100098a0                __d2b
 .text.__ratio  0x00000000100099e8       0xa8 c:/intelfpga_lite/19.1/nios2eds/bin/gnu/h-x86_64-mingw32/bin/../lib/gcc/nios2-elf/8.3.1/../../../../../H-x86_64-mingw32/nios2-elf/lib\libc.a(lib_a-mprec.o)
                0x00000000100099e8                __ratio
 .text._mprec_log10
                0x0000000010009a90       0x74 c:/intelfpga_lite/19.1/nios2eds/bin/gnu/h-x86_64-mingw32/bin/../lib/gcc/nios2-elf/8.3.1/../../../../../H-x86_64-mingw32/nios2-elf/lib\libc.a(lib_a-mprec.o)
                0x0000000010009a90                _mprec_log10
 .text.__copybits
                0x0000000010009b04       0x6c c:/intelfpga_lite/19.1/nios2eds/bin/gnu/h-x86_64-mingw32/bin/../lib/gcc/nios2-elf/8.3.1/../../../../../H-x86_64-mingw32/nios2-elf/lib\libc.a(lib_a-mprec.o)
                0x0000000010009b04                __copybits
 .text.__any_on
                0x0000000010009b70       0x74 c:/intelfpga_lite/19.1/nios2eds/bin/gnu/h-x86_64-mingw32/bin/../lib/gcc/nios2-elf/8.3.1/../../../../../H-x86_64-mingw32/nios2-elf/lib\libc.a(lib_a-mprec.o)
                0x0000000010009b70                __any_on
 .text          0x0000000010009be4        0x0 c:/intelfpga_lite/19.1/nios2eds/bin/gnu/h-x86_64-mingw32/bin/../lib/gcc/nios2-elf/8.3.1/../../../../../H-x86_64-mingw32/nios2-elf/lib\libc.a(lib_a-reallocr.o)
 .text._realloc_r
                0x0000000010009be4      0x62c c:/intelfpga_lite/19.1/nios2eds/bin/gnu/h-x86_64-mingw32/bin/../lib/gcc/nios2-elf/8.3.1/../../../../../H-x86_64-mingw32/nios2-elf/lib\libc.a(lib_a-reallocr.o)
                0x0000000010009be4                _realloc_r
 .text          0x000000001000a210        0x0 c:/intelfpga_lite/19.1/nios2eds/bin/gnu/h-x86_64-mingw32/bin/../lib/gcc/nios2-elf/8.3.1/../../../../../H-x86_64-mingw32/nios2-elf/lib\libc.a(lib_a-sbrkr.o)
 .text._sbrk_r  0x000000001000a210       0x58 c:/intelfpga_lite/19.1/nios2eds/bin/gnu/h-x86_64-mingw32/bin/../lib/gcc/nios2-elf/8.3.1/../../../../../H-x86_64-mingw32/nios2-elf/lib\libc.a(lib_a-sbrkr.o)
                0x000000001000a210                _sbrk_r
 .text          0x000000001000a268        0x0 c:/intelfpga_lite/19.1/nios2eds/bin/gnu/h-x86_64-mingw32/bin/../lib/gcc/nios2-elf/8.3.1/../../../../../H-x86_64-mingw32/nios2-elf/lib\libc.a(lib_a-stdio.o)
 .text.__sread  0x000000001000a268       0x54 c:/intelfpga_lite/19.1/nios2eds/bin/gnu/h-x86_64-mingw32/bin/../lib/gcc/nios2-elf/8.3.1/../../../../../H-x86_64-mingw32/nios2-elf/lib\libc.a(lib_a-stdio.o)
                0x000000001000a268                __sread
 .text.__seofread
                0x000000001000a2bc        0x8 c:/intelfpga_lite/19.1/nios2eds/bin/gnu/h-x86_64-mingw32/bin/../lib/gcc/nios2-elf/8.3.1/../../../../../H-x86_64-mingw32/nios2-elf/lib\libc.a(lib_a-stdio.o)
                0x000000001000a2bc                __seofread
 .text.__swrite
                0x000000001000a2c4       0x80 c:/intelfpga_lite/19.1/nios2eds/bin/gnu/h-x86_64-mingw32/bin/../lib/gcc/nios2-elf/8.3.1/../../../../../H-x86_64-mingw32/nios2-elf/lib\libc.a(lib_a-stdio.o)
                0x000000001000a2c4                __swrite
 .text.__sseek  0x000000001000a344       0x5c c:/intelfpga_lite/19.1/nios2eds/bin/gnu/h-x86_64-mingw32/bin/../lib/gcc/nios2-elf/8.3.1/../../../../../H-x86_64-mingw32/nios2-elf/lib\libc.a(lib_a-stdio.o)
                0x000000001000a344                __sseek
 .text.__sclose
                0x000000001000a3a0        0x8 c:/intelfpga_lite/19.1/nios2eds/bin/gnu/h-x86_64-mingw32/bin/../lib/gcc/nios2-elf/8.3.1/../../../../../H-x86_64-mingw32/nios2-elf/lib\libc.a(lib_a-stdio.o)
                0x000000001000a3a0                __sclose
 .text          0x000000001000a3a8        0x0 c:/intelfpga_lite/19.1/nios2eds/bin/gnu/h-x86_64-mingw32/bin/../lib/gcc/nios2-elf/8.3.1/../../../../../H-x86_64-mingw32/nios2-elf/lib\libc.a(lib_a-vfiprintf.o)
 .text.__sprint_r.part.0
                0x000000001000a3a8       0xf4 c:/intelfpga_lite/19.1/nios2eds/bin/gnu/h-x86_64-mingw32/bin/../lib/gcc/nios2-elf/8.3.1/../../../../../H-x86_64-mingw32/nios2-elf/lib\libc.a(lib_a-vfiprintf.o)
 .text.__sprint_r
                0x000000001000a49c       0x18 c:/intelfpga_lite/19.1/nios2eds/bin/gnu/h-x86_64-mingw32/bin/../lib/gcc/nios2-elf/8.3.1/../../../../../H-x86_64-mingw32/nios2-elf/lib\libc.a(lib_a-vfiprintf.o)
                0x000000001000a49c                __sprint_r
 .text.___vfiprintf_internal_r
                0x000000001000a4b4     0x132c c:/intelfpga_lite/19.1/nios2eds/bin/gnu/h-x86_64-mingw32/bin/../lib/gcc/nios2-elf/8.3.1/../../../../../H-x86_64-mingw32/nios2-elf/lib\libc.a(lib_a-vfiprintf.o)
                0x000000001000a4b4                ___vfiprintf_internal_r
 .text.__vfiprintf_internal
                0x000000001000b7e0       0x18 c:/intelfpga_lite/19.1/nios2eds/bin/gnu/h-x86_64-mingw32/bin/../lib/gcc/nios2-elf/8.3.1/../../../../../H-x86_64-mingw32/nios2-elf/lib\libc.a(lib_a-vfiprintf.o)
                0x000000001000b7e0                __vfiprintf_internal
 .text.__sbprintf
                0x000000001000b7f8       0xc0 c:/intelfpga_lite/19.1/nios2eds/bin/gnu/h-x86_64-mingw32/bin/../lib/gcc/nios2-elf/8.3.1/../../../../../H-x86_64-mingw32/nios2-elf/lib\libc.a(lib_a-vfiprintf.o)
 .text          0x000000001000b8b8        0x0 c:/intelfpga_lite/19.1/nios2eds/bin/gnu/h-x86_64-mingw32/bin/../lib/gcc/nios2-elf/8.3.1/../../../../../H-x86_64-mingw32/nios2-elf/lib\libc.a(lib_a-writer.o)
 .text._write_r
                0x000000001000b8b8       0x64 c:/intelfpga_lite/19.1/nios2eds/bin/gnu/h-x86_64-mingw32/bin/../lib/gcc/nios2-elf/8.3.1/../../../../../H-x86_64-mingw32/nios2-elf/lib\libc.a(lib_a-writer.o)
                0x000000001000b8b8                _write_r
 .text          0x000000001000b91c        0x0 c:/intelfpga_lite/19.1/nios2eds/bin/gnu/h-x86_64-mingw32/bin/../lib/gcc/nios2-elf/8.3.1/../../../../../H-x86_64-mingw32/nios2-elf/lib\libc.a(closer.o)
 .text._close_r
                0x000000001000b91c       0x58 c:/intelfpga_lite/19.1/nios2eds/bin/gnu/h-x86_64-mingw32/bin/../lib/gcc/nios2-elf/8.3.1/../../../../../H-x86_64-mingw32/nios2-elf/lib\libc.a(closer.o)
                0x000000001000b91c                _close_r
 .text          0x000000001000b974        0x0 c:/intelfpga_lite/19.1/nios2eds/bin/gnu/h-x86_64-mingw32/bin/../lib/gcc/nios2-elf/8.3.1/../../../../../H-x86_64-mingw32/nios2-elf/lib\libc.a(lib_a-callocr.o)
 .text._calloc_r
                0x000000001000b974       0xb8 c:/intelfpga_lite/19.1/nios2eds/bin/gnu/h-x86_64-mingw32/bin/../lib/gcc/nios2-elf/8.3.1/../../../../../H-x86_64-mingw32/nios2-elf/lib\libc.a(lib_a-callocr.o)
                0x000000001000b974                _calloc_r
 .text          0x000000001000ba2c        0x0 c:/intelfpga_lite/19.1/nios2eds/bin/gnu/h-x86_64-mingw32/bin/../lib/gcc/nios2-elf/8.3.1/../../../../../H-x86_64-mingw32/nios2-elf/lib\libc.a(lib_a-fclose.o)
 .text._fclose_r
                0x000000001000ba2c       0xf8 c:/intelfpga_lite/19.1/nios2eds/bin/gnu/h-x86_64-mingw32/bin/../lib/gcc/nios2-elf/8.3.1/../../../../../H-x86_64-mingw32/nios2-elf/lib\libc.a(lib_a-fclose.o)
                0x000000001000ba2c                _fclose_r
 .text.fclose   0x000000001000bb24       0x10 c:/intelfpga_lite/19.1/nios2eds/bin/gnu/h-x86_64-mingw32/bin/../lib/gcc/nios2-elf/8.3.1/../../../../../H-x86_64-mingw32/nios2-elf/lib\libc.a(lib_a-fclose.o)
                0x000000001000bb24                fclose
 .text          0x000000001000bb34        0x0 c:/intelfpga_lite/19.1/nios2eds/bin/gnu/h-x86_64-mingw32/bin/../lib/gcc/nios2-elf/8.3.1/../../../../../H-x86_64-mingw32/nios2-elf/lib\libc.a(lib_a-fputwc.o)
 .text.__fputwc
                0x000000001000bb34      0x150 c:/intelfpga_lite/19.1/nios2eds/bin/gnu/h-x86_64-mingw32/bin/../lib/gcc/nios2-elf/8.3.1/../../../../../H-x86_64-mingw32/nios2-elf/lib\libc.a(lib_a-fputwc.o)
                0x000000001000bb34                __fputwc
 .text._fputwc_r
                0x000000001000bc84       0x24 c:/intelfpga_lite/19.1/nios2eds/bin/gnu/h-x86_64-mingw32/bin/../lib/gcc/nios2-elf/8.3.1/../../../../../H-x86_64-mingw32/nios2-elf/lib\libc.a(lib_a-fputwc.o)
                0x000000001000bc84                _fputwc_r
 .text.fputwc   0x000000001000bca8       0x7c c:/intelfpga_lite/19.1/nios2eds/bin/gnu/h-x86_64-mingw32/bin/../lib/gcc/nios2-elf/8.3.1/../../../../../H-x86_64-mingw32/nios2-elf/lib\libc.a(lib_a-fputwc.o)
                0x000000001000bca8                fputwc
 .text          0x000000001000bd24        0x0 c:/intelfpga_lite/19.1/nios2eds/bin/gnu/h-x86_64-mingw32/bin/../lib/gcc/nios2-elf/8.3.1/../../../../../H-x86_64-mingw32/nios2-elf/lib\libc.a(lib_a-fstatr.o)
 .text._fstat_r
                0x000000001000bd24       0x60 c:/intelfpga_lite/19.1/nios2eds/bin/gnu/h-x86_64-mingw32/bin/../lib/gcc/nios2-elf/8.3.1/../../../../../H-x86_64-mingw32/nios2-elf/lib\libc.a(lib_a-fstatr.o)
                0x000000001000bd24                _fstat_r
 .text          0x000000001000bd84        0x0 c:/intelfpga_lite/19.1/nios2eds/bin/gnu/h-x86_64-mingw32/bin/../lib/gcc/nios2-elf/8.3.1/../../../../../H-x86_64-mingw32/nios2-elf/lib\libc.a(lib_a-int_errno.o)
 .text          0x000000001000bd84        0x0 c:/intelfpga_lite/19.1/nios2eds/bin/gnu/h-x86_64-mingw32/bin/../lib/gcc/nios2-elf/8.3.1/../../../../../H-x86_64-mingw32/nios2-elf/lib\libc.a(lib_a-isattyr.o)
 .text._isatty_r
                0x000000001000bd84       0x58 c:/intelfpga_lite/19.1/nios2eds/bin/gnu/h-x86_64-mingw32/bin/../lib/gcc/nios2-elf/8.3.1/../../../../../H-x86_64-mingw32/nios2-elf/lib\libc.a(lib_a-isattyr.o)
                0x000000001000bd84                _isatty_r
 .text          0x000000001000bddc        0x0 c:/intelfpga_lite/19.1/nios2eds/bin/gnu/h-x86_64-mingw32/bin/../lib/gcc/nios2-elf/8.3.1/../../../../../H-x86_64-mingw32/nios2-elf/lib\libc.a(lib_a-locale.o)
 .text._setlocale_r
                0x000000001000bddc       0x70 c:/intelfpga_lite/19.1/nios2eds/bin/gnu/h-x86_64-mingw32/bin/../lib/gcc/nios2-elf/8.3.1/../../../../../H-x86_64-mingw32/nios2-elf/lib\libc.a(lib_a-locale.o)
                0x000000001000bddc                _setlocale_r
 .text.__locale_mb_cur_max
                0x000000001000be4c        0xc c:/intelfpga_lite/19.1/nios2eds/bin/gnu/h-x86_64-mingw32/bin/../lib/gcc/nios2-elf/8.3.1/../../../../../H-x86_64-mingw32/nios2-elf/lib\libc.a(lib_a-locale.o)
                0x000000001000be4c                __locale_mb_cur_max
 .text.setlocale
                0x000000001000be58       0x14 c:/intelfpga_lite/19.1/nios2eds/bin/gnu/h-x86_64-mingw32/bin/../lib/gcc/nios2-elf/8.3.1/../../../../../H-x86_64-mingw32/nios2-elf/lib\libc.a(lib_a-locale.o)
                0x000000001000be58                setlocale
 .text          0x000000001000be6c        0x0 c:/intelfpga_lite/19.1/nios2eds/bin/gnu/h-x86_64-mingw32/bin/../lib/gcc/nios2-elf/8.3.1/../../../../../H-x86_64-mingw32/nios2-elf/lib\libc.a(lib_a-lseekr.o)
 .text._lseek_r
                0x000000001000be6c       0x64 c:/intelfpga_lite/19.1/nios2eds/bin/gnu/h-x86_64-mingw32/bin/../lib/gcc/nios2-elf/8.3.1/../../../../../H-x86_64-mingw32/nios2-elf/lib\libc.a(lib_a-lseekr.o)
                0x000000001000be6c                _lseek_r
 .text          0x000000001000bed0        0x0 c:/intelfpga_lite/19.1/nios2eds/bin/gnu/h-x86_64-mingw32/bin/../lib/gcc/nios2-elf/8.3.1/../../../../../H-x86_64-mingw32/nios2-elf/lib\libc.a(lib_a-mbtowc_r.o)
 .text._mbtowc_r
                0x000000001000bed0        0xc c:/intelfpga_lite/19.1/nios2eds/bin/gnu/h-x86_64-mingw32/bin/../lib/gcc/nios2-elf/8.3.1/../../../../../H-x86_64-mingw32/nios2-elf/lib\libc.a(lib_a-mbtowc_r.o)
                0x000000001000bed0                _mbtowc_r
 .text.__ascii_mbtowc
                0x000000001000bedc       0x44 c:/intelfpga_lite/19.1/nios2eds/bin/gnu/h-x86_64-mingw32/bin/../lib/gcc/nios2-elf/8.3.1/../../../../../H-x86_64-mingw32/nios2-elf/lib\libc.a(lib_a-mbtowc_r.o)
                0x000000001000bedc                __ascii_mbtowc
 .text          0x000000001000bf20        0x0 c:/intelfpga_lite/19.1/nios2eds/bin/gnu/h-x86_64-mingw32/bin/../lib/gcc/nios2-elf/8.3.1/../../../../../H-x86_64-mingw32/nios2-elf/lib\libc.a(lib_a-readr.o)
 .text._read_r  0x000000001000bf20       0x64 c:/intelfpga_lite/19.1/nios2eds/bin/gnu/h-x86_64-mingw32/bin/../lib/gcc/nios2-elf/8.3.1/../../../../../H-x86_64-mingw32/nios2-elf/lib\libc.a(lib_a-readr.o)
                0x000000001000bf20                _read_r
 .text          0x000000001000bf84        0x0 c:/intelfpga_lite/19.1/nios2eds/bin/gnu/h-x86_64-mingw32/bin/../lib/gcc/nios2-elf/8.3.1/../../../../../H-x86_64-mingw32/nios2-elf/lib\libc.a(lib_a-strcmp.o)
 .text.strcmp   0x000000001000bf84       0xd8 c:/intelfpga_lite/19.1/nios2eds/bin/gnu/h-x86_64-mingw32/bin/../lib/gcc/nios2-elf/8.3.1/../../../../../H-x86_64-mingw32/nios2-elf/lib\libc.a(lib_a-strcmp.o)
                0x000000001000bf84                strcmp
 .text          0x000000001000c05c        0x0 c:/intelfpga_lite/19.1/nios2eds/bin/gnu/h-x86_64-mingw32/bin/../lib/gcc/nios2-elf/8.3.1/../../../../../H-x86_64-mingw32/nios2-elf/lib\libc.a(lib_a-wbuf.o)
 .text.__swbuf_r
                0x000000001000c05c      0x148 c:/intelfpga_lite/19.1/nios2eds/bin/gnu/h-x86_64-mingw32/bin/../lib/gcc/nios2-elf/8.3.1/../../../../../H-x86_64-mingw32/nios2-elf/lib\libc.a(lib_a-wbuf.o)
                0x000000001000c05c                __swbuf_r
 .text.__swbuf  0x000000001000c1a4       0x14 c:/intelfpga_lite/19.1/nios2eds/bin/gnu/h-x86_64-mingw32/bin/../lib/gcc/nios2-elf/8.3.1/../../../../../H-x86_64-mingw32/nios2-elf/lib\libc.a(lib_a-wbuf.o)
                0x000000001000c1a4                __swbuf
 .text          0x000000001000c1b8        0x0 c:/intelfpga_lite/19.1/nios2eds/bin/gnu/h-x86_64-mingw32/bin/../lib/gcc/nios2-elf/8.3.1/../../../../../H-x86_64-mingw32/nios2-elf/lib\libc.a(lib_a-wcrtomb.o)
 .text._wcrtomb_r
                0x000000001000c1b8       0x6c c:/intelfpga_lite/19.1/nios2eds/bin/gnu/h-x86_64-mingw32/bin/../lib/gcc/nios2-elf/8.3.1/../../../../../H-x86_64-mingw32/nios2-elf/lib\libc.a(lib_a-wcrtomb.o)
                0x000000001000c1b8                _wcrtomb_r
 .text.wcrtomb  0x000000001000c224       0x84 c:/intelfpga_lite/19.1/nios2eds/bin/gnu/h-x86_64-mingw32/bin/../lib/gcc/nios2-elf/8.3.1/../../../../../H-x86_64-mingw32/nios2-elf/lib\libc.a(lib_a-wcrtomb.o)
                0x000000001000c224                wcrtomb
 .text          0x000000001000c2a8        0x0 c:/intelfpga_lite/19.1/nios2eds/bin/gnu/h-x86_64-mingw32/bin/../lib/gcc/nios2-elf/8.3.1/../../../../../H-x86_64-mingw32/nios2-elf/lib\libc.a(lib_a-wctomb_r.o)
 .text._wctomb_r
                0x000000001000c2a8        0xc c:/intelfpga_lite/19.1/nios2eds/bin/gnu/h-x86_64-mingw32/bin/../lib/gcc/nios2-elf/8.3.1/../../../../../H-x86_64-mingw32/nios2-elf/lib\libc.a(lib_a-wctomb_r.o)
                0x000000001000c2a8                _wctomb_r
 .text.__ascii_wctomb
                0x000000001000c2b4       0x30 c:/intelfpga_lite/19.1/nios2eds/bin/gnu/h-x86_64-mingw32/bin/../lib/gcc/nios2-elf/8.3.1/../../../../../H-x86_64-mingw32/nios2-elf/lib\libc.a(lib_a-wctomb_r.o)
                0x000000001000c2b4                __ascii_wctomb
 .text          0x000000001000c2e4        0x0 c:/intelfpga_lite/19.1/nios2eds/bin/gnu/h-x86_64-mingw32/bin/../lib/gcc/nios2-elf/8.3.1/../../../../../H-x86_64-mingw32/nios2-elf/lib\libc.a(lib_a-ctype_.o)
 .text          0x000000001000c2e4      0x598 c:/intelfpga_lite/19.1/nios2eds/bin/gnu/h-x86_64-mingw32/bin/../lib/gcc/nios2-elf/8.3.1\libgcc.a(_udivdi3.o)
                0x000000001000c2e4                __udivdi3
 .text          0x000000001000c87c      0x540 c:/intelfpga_lite/19.1/nios2eds/bin/gnu/h-x86_64-mingw32/bin/../lib/gcc/nios2-elf/8.3.1\libgcc.a(_umoddi3.o)
                0x000000001000c87c                __umoddi3
 .text          0x000000001000cdbc      0x1b8 c:/intelfpga_lite/19.1/nios2eds/bin/gnu/h-x86_64-mingw32/bin/../lib/gcc/nios2-elf/8.3.1\libgcc.a(lib2-divmod.o)
                0x000000001000cdbc                __divsi3
                0x000000001000ce3c                __modsi3
                0x000000001000ceb4                __udivsi3
                0x000000001000cf18                __umodsi3
 .text          0x000000001000cf74      0x9a0 c:/intelfpga_lite/19.1/nios2eds/bin/gnu/h-x86_64-mingw32/bin/../lib/gcc/nios2-elf/8.3.1\libgcc.a(adddf3.o)
                0x000000001000cf74                __adddf3
 .text          0x000000001000d914      0x8a8 c:/intelfpga_lite/19.1/nios2eds/bin/gnu/h-x86_64-mingw32/bin/../lib/gcc/nios2-elf/8.3.1\libgcc.a(divdf3.o)
                0x000000001000d914                __divdf3
 .text          0x000000001000e1bc       0x80 c:/intelfpga_lite/19.1/nios2eds/bin/gnu/h-x86_64-mingw32/bin/../lib/gcc/nios2-elf/8.3.1\libgcc.a(eqdf2.o)
                0x000000001000e1bc                __nedf2
                0x000000001000e1bc                __eqdf2
 .text          0x000000001000e23c       0xf0 c:/intelfpga_lite/19.1/nios2eds/bin/gnu/h-x86_64-mingw32/bin/../lib/gcc/nios2-elf/8.3.1\libgcc.a(gedf2.o)
                0x000000001000e23c                __gedf2
                0x000000001000e23c                __gtdf2
 .text          0x000000001000e32c       0xf0 c:/intelfpga_lite/19.1/nios2eds/bin/gnu/h-x86_64-mingw32/bin/../lib/gcc/nios2-elf/8.3.1\libgcc.a(ledf2.o)
                0x000000001000e32c                __ledf2
                0x000000001000e32c                __ltdf2
 .text          0x000000001000e41c      0x68c c:/intelfpga_lite/19.1/nios2eds/bin/gnu/h-x86_64-mingw32/bin/../lib/gcc/nios2-elf/8.3.1\libgcc.a(muldf3.o)
                0x000000001000e41c                __muldf3
 .text          0x000000001000eaa8      0x96c c:/intelfpga_lite/19.1/nios2eds/bin/gnu/h-x86_64-mingw32/bin/../lib/gcc/nios2-elf/8.3.1\libgcc.a(subdf3.o)
                0x000000001000eaa8                __subdf3
 .text          0x000000001000f414       0x54 c:/intelfpga_lite/19.1/nios2eds/bin/gnu/h-x86_64-mingw32/bin/../lib/gcc/nios2-elf/8.3.1\libgcc.a(unorddf2.o)
                0x000000001000f414                __unorddf2
 .text          0x000000001000f468       0x80 c:/intelfpga_lite/19.1/nios2eds/bin/gnu/h-x86_64-mingw32/bin/../lib/gcc/nios2-elf/8.3.1\libgcc.a(fixdfsi.o)
                0x000000001000f468                __fixdfsi
 .text          0x000000001000f4e8       0xc8 c:/intelfpga_lite/19.1/nios2eds/bin/gnu/h-x86_64-mingw32/bin/../lib/gcc/nios2-elf/8.3.1\libgcc.a(floatsidf.o)
                0x000000001000f4e8                __floatsidf
 .text          0x000000001000f5b0       0x9c c:/intelfpga_lite/19.1/nios2eds/bin/gnu/h-x86_64-mingw32/bin/../lib/gcc/nios2-elf/8.3.1\libgcc.a(floatunsidf.o)
                0x000000001000f5b0                __floatunsidf
 .text          0x000000001000f64c        0x0 c:/intelfpga_lite/19.1/nios2eds/bin/gnu/h-x86_64-mingw32/bin/../lib/gcc/nios2-elf/8.3.1\libgcc.a(_clz.o)
 .text          0x000000001000f64c       0x54 c:/intelfpga_lite/19.1/nios2eds/bin/gnu/h-x86_64-mingw32/bin/../lib/gcc/nios2-elf/8.3.1\libgcc.a(_clzsi2.o)
                0x000000001000f64c                __clzsi2
 .text          0x000000001000f6a0      0x10c C:/Lab7/final_project/software/final_project_bsp\libhal_bsp.a(alt_close.o)
                0x000000001000f6dc                close
 .text          0x000000001000f7ac       0x2c C:/Lab7/final_project/software/final_project_bsp\libhal_bsp.a(alt_dev.o)
 .text          0x000000001000f7d8        0x0 C:/Lab7/final_project/software/final_project_bsp\libhal_bsp.a(alt_errno.o)
 .text          0x000000001000f7d8       0xec C:/Lab7/final_project/software/final_project_bsp\libhal_bsp.a(alt_fstat.o)
                0x000000001000f814                fstat
 .text          0x000000001000f8c4       0xe0 C:/Lab7/final_project/software/final_project_bsp\libhal_bsp.a(alt_isatty.o)
                0x000000001000f900                isatty
 .text          0x000000001000f9a4       0xec C:/Lab7/final_project/software/final_project_bsp\libhal_bsp.a(alt_load.o)
                0x000000001000fa0c                alt_load
 .text          0x000000001000fa90      0x110 C:/Lab7/final_project/software/final_project_bsp\libhal_bsp.a(alt_lseek.o)
                0x000000001000facc                lseek
 .text          0x000000001000fba0       0x7c C:/Lab7/final_project/software/final_project_bsp\libhal_bsp.a(alt_main.o)
                0x000000001000fba0                alt_main
 .text          0x000000001000fc1c       0x48 C:/Lab7/final_project/software/final_project_bsp\libhal_bsp.a(alt_malloc_lock.o)
                0x000000001000fc1c                __malloc_lock
                0x000000001000fc40                __malloc_unlock
 .text          0x000000001000fc64      0x138 C:/Lab7/final_project/software/final_project_bsp\libhal_bsp.a(alt_read.o)
                0x000000001000fca0                read
 .text          0x000000001000fd9c       0x58 C:/Lab7/final_project/software/final_project_bsp\libhal_bsp.a(alt_release_fd.o)
                0x000000001000fd9c                alt_release_fd
 .text          0x000000001000fdf4       0xb0 C:/Lab7/final_project/software/final_project_bsp\libhal_bsp.a(alt_sbrk.o)
                0x000000001000fdf4                sbrk
 .text          0x000000001000fea4       0x30 C:/Lab7/final_project/software/final_project_bsp\libhal_bsp.a(alt_usleep.o)
                0x000000001000fea4                usleep
 .text          0x000000001000fed4      0x134 C:/Lab7/final_project/software/final_project_bsp\libhal_bsp.a(alt_write.o)
                0x000000001000ff10                write
 .text          0x0000000010010008       0xcc C:/Lab7/final_project/software/final_project_bsp\libhal_bsp.a(alt_sys_init.o)
                0x000000001001003c                alt_irq_init
                0x0000000010010074                alt_sys_init
 .text          0x00000000100100d4      0x164 C:/Lab7/final_project/software/final_project_bsp\libhal_bsp.a(altera_avalon_jtag_uart_fd.o)
                0x00000000100100d4                altera_avalon_jtag_uart_read_fd
                0x0000000010010134                altera_avalon_jtag_uart_write_fd
                0x0000000010010194                altera_avalon_jtag_uart_close_fd
                0x00000000100101e4                altera_avalon_jtag_uart_ioctl_fd
 .text          0x0000000010010238      0x3cc C:/Lab7/final_project/software/final_project_bsp\libhal_bsp.a(altera_avalon_jtag_uart_init.o)
                0x0000000010010238                altera_avalon_jtag_uart_init
                0x000000001001059c                altera_avalon_jtag_uart_close
 .text          0x0000000010010604       0xf4 C:/Lab7/final_project/software/final_project_bsp\libhal_bsp.a(altera_avalon_jtag_uart_ioctl.o)
                0x0000000010010604                altera_avalon_jtag_uart_ioctl
 .text          0x00000000100106f8      0x21c C:/Lab7/final_project/software/final_project_bsp\libhal_bsp.a(altera_avalon_jtag_uart_read.o)
                0x00000000100106f8                altera_avalon_jtag_uart_read
 .text          0x0000000010010914      0x224 C:/Lab7/final_project/software/final_project_bsp\libhal_bsp.a(altera_avalon_jtag_uart_write.o)
                0x0000000010010914                altera_avalon_jtag_uart_write
 .text          0x0000000010010b38       0xf4 C:/Lab7/final_project/software/final_project_bsp\libhal_bsp.a(altera_avalon_timer_sc.o)
                0x0000000010010bb0                alt_avalon_timer_sc_init
 .text          0x0000000010010c2c      0x12c C:/Lab7/final_project/software/final_project_bsp\libhal_bsp.a(alt_alarm_start.o)
                0x0000000010010c2c                alt_alarm_start
 .text          0x0000000010010d58      0x128 C:/Lab7/final_project/software/final_project_bsp\libhal_bsp.a(alt_busy_sleep.o)
                0x0000000010010d58                alt_busy_sleep
 .text          0x0000000010010e80       0x48 C:/Lab7/final_project/software/final_project_bsp\libhal_bsp.a(alt_dcache_flush_all.o)
                0x0000000010010e80                alt_dcache_flush_all
 .text          0x0000000010010ec8       0xe0 C:/Lab7/final_project/software/final_project_bsp\libhal_bsp.a(alt_dev_llist_insert.o)
                0x0000000010010f04                alt_dev_llist_insert
 .text          0x0000000010010fa8       0x60 C:/Lab7/final_project/software/final_project_bsp\libhal_bsp.a(alt_do_ctors.o)
                0x0000000010010fa8                _do_ctors
 .text          0x0000000010011008       0x60 C:/Lab7/final_project/software/final_project_bsp\libhal_bsp.a(alt_do_dtors.o)
                0x0000000010011008                _do_dtors
 .text          0x0000000010011068       0x34 C:/Lab7/final_project/software/final_project_bsp\libhal_bsp.a(alt_icache_flush_all.o)
                0x0000000010011068                alt_icache_flush_all
 .text          0x000000001001109c      0x1b0 C:/Lab7/final_project/software/final_project_bsp\libhal_bsp.a(alt_iic.o)
                0x000000001001109c                alt_ic_isr_register
                0x00000000100110ec                alt_ic_irq_enable
                0x0000000010011174                alt_ic_irq_disable
                0x0000000010011200                alt_ic_irq_enabled
 .text          0x000000001001124c       0xe4 C:/Lab7/final_project/software/final_project_bsp\libhal_bsp.a(alt_iic_isr_register.o)
                0x000000001001124c                alt_iic_isr_register
 .text          0x0000000010011330      0x12c C:/Lab7/final_project/software/final_project_bsp\libhal_bsp.a(alt_io_redirect.o)
                0x00000000100113e0                alt_io_redirect
 .text          0x000000001001145c        0x0 C:/Lab7/final_project/software/final_project_bsp\libhal_bsp.a(alt_irq_entry.o)
 .text          0x000000001001145c        0x0 C:/Lab7/final_project/software/final_project_bsp\libhal_bsp.a(alt_irq_handler.o)
 .text          0x000000001001145c        0x0 C:/Lab7/final_project/software/final_project_bsp\libhal_bsp.a(alt_irq_vars.o)
 .text          0x000000001001145c      0x248 C:/Lab7/final_project/software/final_project_bsp\libhal_bsp.a(alt_open.o)
                0x0000000010011550                open
 .text          0x00000000100116a4      0x1a4 C:/Lab7/final_project/software/final_project_bsp\libhal_bsp.a(alt_tick.o)
                0x00000000100116a4                alt_alarm_stop
                0x0000000010011740                alt_tick
 .text          0x0000000010011848       0x24 C:/Lab7/final_project/software/final_project_bsp\libhal_bsp.a(altera_nios2_gen2_irq.o)
                0x0000000010011848                altera_nios2_gen2_irq_init
 .text          0x000000001001186c        0x0 C:/Lab7/final_project/software/final_project_bsp\libhal_bsp.a(alt_exception_entry.o)
 .text          0x000000001001186c       0x90 C:/Lab7/final_project/software/final_project_bsp\libhal_bsp.a(alt_find_dev.o)
                0x000000001001186c                alt_find_dev
 .text          0x00000000100118fc      0x108 C:/Lab7/final_project/software/final_project_bsp\libhal_bsp.a(alt_find_file.o)
                0x00000000100118fc                alt_find_file
 .text          0x0000000010011a04       0xa0 C:/Lab7/final_project/software/final_project_bsp\libhal_bsp.a(alt_get_fd.o)
                0x0000000010011a04                alt_get_fd
 .text          0x0000000010011aa4       0x90 C:/Lab7/final_project/software/final_project_bsp\libhal_bsp.a(alt_icache_flush.o)
                0x0000000010011aa4                alt_icache_flush
 .text          0x0000000010011b34       0x98 C:/Lab7/final_project/software/final_project_bsp\libhal_bsp.a(alt_instruction_exception_entry.o)
                0x0000000010011b34                alt_exception_cause_generated_bad_addr
 .text          0x0000000010011bcc        0x0 c:/intelfpga_lite/19.1/nios2eds/bin/gnu/h-x86_64-mingw32/bin/../lib/gcc/nios2-elf/8.3.1/../../../../../H-x86_64-mingw32/nios2-elf/lib\libc.a(lib_a-atexit.o)
 .text.atexit   0x0000000010011bcc       0x14 c:/intelfpga_lite/19.1/nios2eds/bin/gnu/h-x86_64-mingw32/bin/../lib/gcc/nios2-elf/8.3.1/../../../../../H-x86_64-mingw32/nios2-elf/lib\libc.a(lib_a-atexit.o)
                0x0000000010011bcc                atexit
 .text          0x0000000010011be0        0x0 c:/intelfpga_lite/19.1/nios2eds/bin/gnu/h-x86_64-mingw32/bin/../lib/gcc/nios2-elf/8.3.1/../../../../../H-x86_64-mingw32/nios2-elf/lib\libc.a(lib_a-exit.o)
 .text.exit     0x0000000010011be0       0x34 c:/intelfpga_lite/19.1/nios2eds/bin/gnu/h-x86_64-mingw32/bin/../lib/gcc/nios2-elf/8.3.1/../../../../../H-x86_64-mingw32/nios2-elf/lib\libc.a(lib_a-exit.o)
                0x0000000010011be0                exit
 .text          0x0000000010011c14        0x0 c:/intelfpga_lite/19.1/nios2eds/bin/gnu/h-x86_64-mingw32/bin/../lib/gcc/nios2-elf/8.3.1/../../../../../H-x86_64-mingw32/nios2-elf/lib\libc.a(lib_a-memcmp.o)
 .text.memcmp   0x0000000010011c14       0x8c c:/intelfpga_lite/19.1/nios2eds/bin/gnu/h-x86_64-mingw32/bin/../lib/gcc/nios2-elf/8.3.1/../../../../../H-x86_64-mingw32/nios2-elf/lib\libc.a(lib_a-memcmp.o)
                0x0000000010011c14                memcmp
 .text          0x0000000010011ca0        0x0 c:/intelfpga_lite/19.1/nios2eds/bin/gnu/h-x86_64-mingw32/bin/../lib/gcc/nios2-elf/8.3.1/../../../../../H-x86_64-mingw32/nios2-elf/lib\libc.a(lib_a-__atexit.o)
 .text.__register_exitproc
                0x0000000010011ca0       0x90 c:/intelfpga_lite/19.1/nios2eds/bin/gnu/h-x86_64-mingw32/bin/../lib/gcc/nios2-elf/8.3.1/../../../../../H-x86_64-mingw32/nios2-elf/lib\libc.a(lib_a-__atexit.o)
                0x0000000010011ca0                __register_exitproc
 .text          0x0000000010011d30        0x0 c:/intelfpga_lite/19.1/nios2eds/bin/gnu/h-x86_64-mingw32/bin/../lib/gcc/nios2-elf/8.3.1/../../../../../H-x86_64-mingw32/nios2-elf/lib\libc.a(lib_a-__call_atexit.o)
 .text.__call_exitprocs
                0x0000000010011d30      0x118 c:/intelfpga_lite/19.1/nios2eds/bin/gnu/h-x86_64-mingw32/bin/../lib/gcc/nios2-elf/8.3.1/../../../../../H-x86_64-mingw32/nios2-elf/lib\libc.a(lib_a-__call_atexit.o)
                0x0000000010011d30                __call_exitprocs
 .text          0x0000000010011e48       0x34 C:/Lab7/final_project/software/final_project_bsp\libhal_bsp.a(alt_exit.o)
                0x0000000010011e48                _exit
 *(.gnu.warning.*)
 *(.fini)
                [!provide]                        PROVIDE (__etext = ABSOLUTE (.))
                [!provide]                        PROVIDE (_etext = ABSOLUTE (.))
                [!provide]                        PROVIDE (etext = ABSOLUTE (.))
 *(.eh_frame_hdr)
                0x0000000010011e7c                . = ALIGN (0x4)
                [!provide]                        PROVIDE (__preinit_array_start = ABSOLUTE (.))
 *(.preinit_array)
                [!provide]                        PROVIDE (__preinit_array_end = ABSOLUTE (.))
                [!provide]                        PROVIDE (__init_array_start = ABSOLUTE (.))
 *(.init_array)
                [!provide]                        PROVIDE (__init_array_end = ABSOLUTE (.))
                [!provide]                        PROVIDE (__fini_array_start = ABSOLUTE (.))
 *(.fini_array)
                [!provide]                        PROVIDE (__fini_array_end = ABSOLUTE (.))
 *(.eh_frame)
 *(.gcc_except_table .gcc_except_table.*)
 *(.dynamic)
                0x0000000010011e7c                PROVIDE (__CTOR_LIST__ = ABSOLUTE (.))
 *(.ctors)
 *(SORT_BY_NAME(.ctors.*))
                0x0000000010011e7c                PROVIDE (__CTOR_END__ = ABSOLUTE (.))
                0x0000000010011e7c                PROVIDE (__DTOR_LIST__ = ABSOLUTE (.))
 *(.dtors)
 *(SORT_BY_NAME(.dtors.*))
                0x0000000010011e7c                PROVIDE (__DTOR_END__ = ABSOLUTE (.))
 *(.jcr)
                0x0000000010011e7c                . = ALIGN (0x4)

.rodata         0x0000000010011e7c      0xf20
                0x0000000010011e7c                PROVIDE (__ram_rodata_start = ABSOLUTE (.))
                0x0000000010011e7c                . = ALIGN (0x4)
 *(.rodata .rodata.* .gnu.linkonce.r.*)
 .rodata        0x0000000010011e7c      0x200 obj/default/aesop.o
                0x0000000010011e7c                aes_sbox
                0x0000000010011f7c                aes_invsbox
 .rodata        0x000000001001207c      0x728 obj/default/main.o
 .rodata        0x00000000100127a4       0x71 obj/default/usb.o
 *fill*         0x0000000010012815        0x3 
 .rodata._puts_r.str1.4
                0x0000000010012818        0x2 c:/intelfpga_lite/19.1/nios2eds/bin/gnu/h-x86_64-mingw32/bin/../lib/gcc/nios2-elf/8.3.1/../../../../../H-x86_64-mingw32/nios2-elf/lib\libc.a(lib_a-puts.o)
 *fill*         0x000000001001281a        0x2 
 .rodata.___vfprintf_internal_r.str1.4
                0x000000001001281c       0x42 c:/intelfpga_lite/19.1/nios2eds/bin/gnu/h-x86_64-mingw32/bin/../lib/gcc/nios2-elf/8.3.1/../../../../../H-x86_64-mingw32/nios2-elf/lib\libc.a(lib_a-vfprintf.o)
 .rodata.zeroes.5227
                0x000000001001285e       0x10 c:/intelfpga_lite/19.1/nios2eds/bin/gnu/h-x86_64-mingw32/bin/../lib/gcc/nios2-elf/8.3.1/../../../../../H-x86_64-mingw32/nios2-elf/lib\libc.a(lib_a-vfprintf.o)
 .rodata.blanks.5226
                0x000000001001286e       0x10 c:/intelfpga_lite/19.1/nios2eds/bin/gnu/h-x86_64-mingw32/bin/../lib/gcc/nios2-elf/8.3.1/../../../../../H-x86_64-mingw32/nios2-elf/lib\libc.a(lib_a-vfprintf.o)
 *fill*         0x000000001001287e        0x2 
 .rodata._dtoa_r.str1.4
                0x0000000010012880        0xd c:/intelfpga_lite/19.1/nios2eds/bin/gnu/h-x86_64-mingw32/bin/../lib/gcc/nios2-elf/8.3.1/../../../../../H-x86_64-mingw32/nios2-elf/lib\libc.a(lib_a-dtoa.o)
                                         0x12 (size before relaxing)
 *fill*         0x000000001001288d        0x3 
 .rodata.p05.4024
                0x0000000010012890        0xc c:/intelfpga_lite/19.1/nios2eds/bin/gnu/h-x86_64-mingw32/bin/../lib/gcc/nios2-elf/8.3.1/../../../../../H-x86_64-mingw32/nios2-elf/lib\libc.a(lib_a-mprec.o)
 .rodata.__mprec_tinytens
                0x000000001001289c       0x28 c:/intelfpga_lite/19.1/nios2eds/bin/gnu/h-x86_64-mingw32/bin/../lib/gcc/nios2-elf/8.3.1/../../../../../H-x86_64-mingw32/nios2-elf/lib\libc.a(lib_a-mprec.o)
                0x000000001001289c                __mprec_tinytens
 .rodata.__mprec_bigtens
                0x00000000100128c4       0x28 c:/intelfpga_lite/19.1/nios2eds/bin/gnu/h-x86_64-mingw32/bin/../lib/gcc/nios2-elf/8.3.1/../../../../../H-x86_64-mingw32/nios2-elf/lib\libc.a(lib_a-mprec.o)
                0x00000000100128c4                __mprec_bigtens
 .rodata.__mprec_tens
                0x00000000100128ec       0xc8 c:/intelfpga_lite/19.1/nios2eds/bin/gnu/h-x86_64-mingw32/bin/../lib/gcc/nios2-elf/8.3.1/../../../../../H-x86_64-mingw32/nios2-elf/lib\libc.a(lib_a-mprec.o)
                0x00000000100128ec                __mprec_tens
 .rodata.___vfiprintf_internal_r.str1.4
                0x00000000100129b4       0x2f c:/intelfpga_lite/19.1/nios2eds/bin/gnu/h-x86_64-mingw32/bin/../lib/gcc/nios2-elf/8.3.1/../../../../../H-x86_64-mingw32/nios2-elf/lib\libc.a(lib_a-vfiprintf.o)
 .rodata.zeroes.5204
                0x00000000100129b4       0x10 c:/intelfpga_lite/19.1/nios2eds/bin/gnu/h-x86_64-mingw32/bin/../lib/gcc/nios2-elf/8.3.1/../../../../../H-x86_64-mingw32/nios2-elf/lib\libc.a(lib_a-vfiprintf.o)
 .rodata.blanks.5203
                0x00000000100129c4       0x10 c:/intelfpga_lite/19.1/nios2eds/bin/gnu/h-x86_64-mingw32/bin/../lib/gcc/nios2-elf/8.3.1/../../../../../H-x86_64-mingw32/nios2-elf/lib\libc.a(lib_a-vfiprintf.o)
 .rodata._setlocale_r.str1.4
                0x00000000100129d4        0xa c:/intelfpga_lite/19.1/nios2eds/bin/gnu/h-x86_64-mingw32/bin/../lib/gcc/nios2-elf/8.3.1/../../../../../H-x86_64-mingw32/nios2-elf/lib\libc.a(lib_a-locale.o)
 *fill*         0x00000000100129de        0x2 
 .rodata.str1.4
                0x00000000100129e0        0x4 c:/intelfpga_lite/19.1/nios2eds/bin/gnu/h-x86_64-mingw32/bin/../lib/gcc/nios2-elf/8.3.1/../../../../../H-x86_64-mingw32/nios2-elf/lib\libc.a(lib_a-locale.o)
                                          0x5 (size before relaxing)
 .rodata._ctype_
                0x00000000100129e4      0x101 c:/intelfpga_lite/19.1/nios2eds/bin/gnu/h-x86_64-mingw32/bin/../lib/gcc/nios2-elf/8.3.1/../../../../../H-x86_64-mingw32/nios2-elf/lib\libc.a(lib_a-ctype_.o)
                0x00000000100129e4                _ctype_
 .rodata._ctype_b
                0x0000000010012ae5      0x180 c:/intelfpga_lite/19.1/nios2eds/bin/gnu/h-x86_64-mingw32/bin/../lib/gcc/nios2-elf/8.3.1/../../../../../H-x86_64-mingw32/nios2-elf/lib\libc.a(lib_a-ctype_.o)
                0x0000000010012ae5                _ctype_b
 .rodata        0x0000000010012c65      0x100 c:/intelfpga_lite/19.1/nios2eds/bin/gnu/h-x86_64-mingw32/bin/../lib/gcc/nios2-elf/8.3.1\libgcc.a(_clz.o)
                0x0000000010012c65                __clz_tab
 *fill*         0x0000000010012d65        0x3 
 .rodata        0x0000000010012d68        0xa C:/Lab7/final_project/software/final_project_bsp\libhal_bsp.a(alt_dev.o)
 *fill*         0x0000000010012d72        0x2 
 .rodata        0x0000000010012d74       0x11 C:/Lab7/final_project/software/final_project_bsp\libhal_bsp.a(alt_main.o)
 *fill*         0x0000000010012d85        0x3 
 .rodata        0x0000000010012d88       0x11 C:/Lab7/final_project/software/final_project_bsp\libhal_bsp.a(alt_sys_init.o)
 *(.rodata1)
                0x0000000010012d9c                . = ALIGN (0x4)
 *fill*         0x0000000010012d99        0x3 
                0x0000000010012d9c                PROVIDE (__ram_rodata_end = ABSOLUTE (.))
                0x0000000010011e7c                PROVIDE (__flash_rodata_start = LOADADDR (.rodata))

.rwdata         0x0000000010012d9c     0x221c load address 0x0000000010014fb8
                0x0000000010012d9c                PROVIDE (__ram_rwdata_start = ABSOLUTE (.))
                0x0000000010012d9c                . = ALIGN (0x4)
 *(.got.plt)
 *(.got)
 *(.data1)
 *(.data .data.* .gnu.linkonce.d.*)
 .data          0x0000000010012d9c        0x0 C:/Lab7/final_project/software/final_project_bsp/obj/HAL/src/crt0.o
 .data          0x0000000010012d9c      0x640 obj/default/aesop.o
                0x0000000010012d9c                gf_mul
                0x000000001001339c                Rcon
 .data          0x00000000100133dc        0x0 obj/default/core.o
 .data          0x00000000100133dc        0x0 obj/default/io_handler.o
 .data          0x00000000100133dc        0x0 obj/default/main.o
 .data          0x00000000100133dc        0x0 obj/default/usb.o
 .data          0x00000000100133dc        0x0 c:/intelfpga_lite/19.1/nios2eds/bin/gnu/h-x86_64-mingw32/bin/../lib/gcc/nios2-elf/8.3.1\libgcc.a(_muldi3.o)
 .data          0x00000000100133dc        0x0 c:/intelfpga_lite/19.1/nios2eds/bin/gnu/h-x86_64-mingw32/bin/../lib/gcc/nios2-elf/8.3.1/../../../../../H-x86_64-mingw32/nios2-elf/lib\libc.a(lib_a-memcpy.o)
 .data          0x00000000100133dc        0x0 c:/intelfpga_lite/19.1/nios2eds/bin/gnu/h-x86_64-mingw32/bin/../lib/gcc/nios2-elf/8.3.1/../../../../../H-x86_64-mingw32/nios2-elf/lib\libc.a(lib_a-printf.o)
 .data          0x00000000100133dc        0x0 c:/intelfpga_lite/19.1/nios2eds/bin/gnu/h-x86_64-mingw32/bin/../lib/gcc/nios2-elf/8.3.1/../../../../../H-x86_64-mingw32/nios2-elf/lib\libc.a(lib_a-puts.o)
 .data          0x00000000100133dc        0x0 c:/intelfpga_lite/19.1/nios2eds/bin/gnu/h-x86_64-mingw32/bin/../lib/gcc/nios2-elf/8.3.1/../../../../../H-x86_64-mingw32/nios2-elf/lib\libc.a(lib_a-strlen.o)
 .data          0x00000000100133dc        0x0 c:/intelfpga_lite/19.1/nios2eds/bin/gnu/h-x86_64-mingw32/bin/../lib/gcc/nios2-elf/8.3.1/../../../../../H-x86_64-mingw32/nios2-elf/lib\libc.a(lib_a-vfprintf.o)
 .data          0x00000000100133dc        0x0 c:/intelfpga_lite/19.1/nios2eds/bin/gnu/h-x86_64-mingw32/bin/../lib/gcc/nios2-elf/8.3.1/../../../../../H-x86_64-mingw32/nios2-elf/lib\libc.a(lib_a-wsetup.o)
 .data          0x00000000100133dc        0x0 c:/intelfpga_lite/19.1/nios2eds/bin/gnu/h-x86_64-mingw32/bin/../lib/gcc/nios2-elf/8.3.1/../../../../../H-x86_64-mingw32/nios2-elf/lib\libc.a(lib_a-dtoa.o)
 .data          0x00000000100133dc        0x0 c:/intelfpga_lite/19.1/nios2eds/bin/gnu/h-x86_64-mingw32/bin/../lib/gcc/nios2-elf/8.3.1/../../../../../H-x86_64-mingw32/nios2-elf/lib\libc.a(lib_a-fflush.o)
 .data          0x00000000100133dc        0x0 c:/intelfpga_lite/19.1/nios2eds/bin/gnu/h-x86_64-mingw32/bin/../lib/gcc/nios2-elf/8.3.1/../../../../../H-x86_64-mingw32/nios2-elf/lib\libc.a(lib_a-findfp.o)
 .data          0x00000000100133dc        0x0 c:/intelfpga_lite/19.1/nios2eds/bin/gnu/h-x86_64-mingw32/bin/../lib/gcc/nios2-elf/8.3.1/../../../../../H-x86_64-mingw32/nios2-elf/lib\libc.a(lib_a-freer.o)
 .data          0x00000000100133dc        0x0 c:/intelfpga_lite/19.1/nios2eds/bin/gnu/h-x86_64-mingw32/bin/../lib/gcc/nios2-elf/8.3.1/../../../../../H-x86_64-mingw32/nios2-elf/lib\libc.a(lib_a-fvwrite.o)
 .data          0x00000000100133dc        0x0 c:/intelfpga_lite/19.1/nios2eds/bin/gnu/h-x86_64-mingw32/bin/../lib/gcc/nios2-elf/8.3.1/../../../../../H-x86_64-mingw32/nios2-elf/lib\libc.a(lib_a-fwalk.o)
 .data          0x00000000100133dc        0x0 c:/intelfpga_lite/19.1/nios2eds/bin/gnu/h-x86_64-mingw32/bin/../lib/gcc/nios2-elf/8.3.1/../../../../../H-x86_64-mingw32/nios2-elf/lib\libc.a(lib_a-impure.o)
 .data.impure_data
                0x00000000100133dc      0x424 c:/intelfpga_lite/19.1/nios2eds/bin/gnu/h-x86_64-mingw32/bin/../lib/gcc/nios2-elf/8.3.1/../../../../../H-x86_64-mingw32/nios2-elf/lib\libc.a(lib_a-impure.o)
 .data          0x0000000010013800        0x0 c:/intelfpga_lite/19.1/nios2eds/bin/gnu/h-x86_64-mingw32/bin/../lib/gcc/nios2-elf/8.3.1/../../../../../H-x86_64-mingw32/nios2-elf/lib\libc.a(lib_a-localeconv.o)
 .data          0x0000000010013800        0x0 c:/intelfpga_lite/19.1/nios2eds/bin/gnu/h-x86_64-mingw32/bin/../lib/gcc/nios2-elf/8.3.1/../../../../../H-x86_64-mingw32/nios2-elf/lib\libc.a(lib_a-makebuf.o)
 .data          0x0000000010013800        0x0 c:/intelfpga_lite/19.1/nios2eds/bin/gnu/h-x86_64-mingw32/bin/../lib/gcc/nios2-elf/8.3.1/../../../../../H-x86_64-mingw32/nios2-elf/lib\libc.a(lib_a-mallocr.o)
 .data.__malloc_av_
                0x0000000010013800      0x408 c:/intelfpga_lite/19.1/nios2eds/bin/gnu/h-x86_64-mingw32/bin/../lib/gcc/nios2-elf/8.3.1/../../../../../H-x86_64-mingw32/nios2-elf/lib\libc.a(lib_a-mallocr.o)
                0x0000000010013800                __malloc_av_
 .data          0x0000000010013c08        0x0 c:/intelfpga_lite/19.1/nios2eds/bin/gnu/h-x86_64-mingw32/bin/../lib/gcc/nios2-elf/8.3.1/../../../../../H-x86_64-mingw32/nios2-elf/lib\libc.a(lib_a-memchr.o)
 .data          0x0000000010013c08        0x0 c:/intelfpga_lite/19.1/nios2eds/bin/gnu/h-x86_64-mingw32/bin/../lib/gcc/nios2-elf/8.3.1/../../../../../H-x86_64-mingw32/nios2-elf/lib\libc.a(lib_a-memmove.o)
 .data          0x0000000010013c08        0x0 c:/intelfpga_lite/19.1/nios2eds/bin/gnu/h-x86_64-mingw32/bin/../lib/gcc/nios2-elf/8.3.1/../../../../../H-x86_64-mingw32/nios2-elf/lib\libc.a(lib_a-memset.o)
 .data          0x0000000010013c08        0x0 c:/intelfpga_lite/19.1/nios2eds/bin/gnu/h-x86_64-mingw32/bin/../lib/gcc/nios2-elf/8.3.1/../../../../../H-x86_64-mingw32/nios2-elf/lib\libc.a(lib_a-mprec.o)
 .data          0x0000000010013c08        0x0 c:/intelfpga_lite/19.1/nios2eds/bin/gnu/h-x86_64-mingw32/bin/../lib/gcc/nios2-elf/8.3.1/../../../../../H-x86_64-mingw32/nios2-elf/lib\libc.a(lib_a-reallocr.o)
 .data          0x0000000010013c08        0x0 c:/intelfpga_lite/19.1/nios2eds/bin/gnu/h-x86_64-mingw32/bin/../lib/gcc/nios2-elf/8.3.1/../../../../../H-x86_64-mingw32/nios2-elf/lib\libc.a(lib_a-sbrkr.o)
 .data          0x0000000010013c08        0x0 c:/intelfpga_lite/19.1/nios2eds/bin/gnu/h-x86_64-mingw32/bin/../lib/gcc/nios2-elf/8.3.1/../../../../../H-x86_64-mingw32/nios2-elf/lib\libc.a(lib_a-stdio.o)
 .data          0x0000000010013c08        0x0 c:/intelfpga_lite/19.1/nios2eds/bin/gnu/h-x86_64-mingw32/bin/../lib/gcc/nios2-elf/8.3.1/../../../../../H-x86_64-mingw32/nios2-elf/lib\libc.a(lib_a-vfiprintf.o)
 .data          0x0000000010013c08        0x0 c:/intelfpga_lite/19.1/nios2eds/bin/gnu/h-x86_64-mingw32/bin/../lib/gcc/nios2-elf/8.3.1/../../../../../H-x86_64-mingw32/nios2-elf/lib\libc.a(lib_a-writer.o)
 .data          0x0000000010013c08        0x0 c:/intelfpga_lite/19.1/nios2eds/bin/gnu/h-x86_64-mingw32/bin/../lib/gcc/nios2-elf/8.3.1/../../../../../H-x86_64-mingw32/nios2-elf/lib\libc.a(closer.o)
 .data          0x0000000010013c08        0x0 c:/intelfpga_lite/19.1/nios2eds/bin/gnu/h-x86_64-mingw32/bin/../lib/gcc/nios2-elf/8.3.1/../../../../../H-x86_64-mingw32/nios2-elf/lib\libc.a(lib_a-callocr.o)
 .data          0x0000000010013c08        0x0 c:/intelfpga_lite/19.1/nios2eds/bin/gnu/h-x86_64-mingw32/bin/../lib/gcc/nios2-elf/8.3.1/../../../../../H-x86_64-mingw32/nios2-elf/lib\libc.a(lib_a-fclose.o)
 .data          0x0000000010013c08        0x0 c:/intelfpga_lite/19.1/nios2eds/bin/gnu/h-x86_64-mingw32/bin/../lib/gcc/nios2-elf/8.3.1/../../../../../H-x86_64-mingw32/nios2-elf/lib\libc.a(lib_a-fputwc.o)
 .data          0x0000000010013c08        0x0 c:/intelfpga_lite/19.1/nios2eds/bin/gnu/h-x86_64-mingw32/bin/../lib/gcc/nios2-elf/8.3.1/../../../../../H-x86_64-mingw32/nios2-elf/lib\libc.a(lib_a-fstatr.o)
 .data          0x0000000010013c08        0x0 c:/intelfpga_lite/19.1/nios2eds/bin/gnu/h-x86_64-mingw32/bin/../lib/gcc/nios2-elf/8.3.1/../../../../../H-x86_64-mingw32/nios2-elf/lib\libc.a(lib_a-int_errno.o)
 .data          0x0000000010013c08        0x0 c:/intelfpga_lite/19.1/nios2eds/bin/gnu/h-x86_64-mingw32/bin/../lib/gcc/nios2-elf/8.3.1/../../../../../H-x86_64-mingw32/nios2-elf/lib\libc.a(lib_a-isattyr.o)
 .data          0x0000000010013c08        0x0 c:/intelfpga_lite/19.1/nios2eds/bin/gnu/h-x86_64-mingw32/bin/../lib/gcc/nios2-elf/8.3.1/../../../../../H-x86_64-mingw32/nios2-elf/lib\libc.a(lib_a-locale.o)
 .data.__global_locale
                0x0000000010013c08      0x16c c:/intelfpga_lite/19.1/nios2eds/bin/gnu/h-x86_64-mingw32/bin/../lib/gcc/nios2-elf/8.3.1/../../../../../H-x86_64-mingw32/nios2-elf/lib\libc.a(lib_a-locale.o)
                0x0000000010013c08                __global_locale
 .data          0x0000000010013d74        0x0 c:/intelfpga_lite/19.1/nios2eds/bin/gnu/h-x86_64-mingw32/bin/../lib/gcc/nios2-elf/8.3.1/../../../../../H-x86_64-mingw32/nios2-elf/lib\libc.a(lib_a-lseekr.o)
 .data          0x0000000010013d74        0x0 c:/intelfpga_lite/19.1/nios2eds/bin/gnu/h-x86_64-mingw32/bin/../lib/gcc/nios2-elf/8.3.1/../../../../../H-x86_64-mingw32/nios2-elf/lib\libc.a(lib_a-mbtowc_r.o)
 .data          0x0000000010013d74        0x0 c:/intelfpga_lite/19.1/nios2eds/bin/gnu/h-x86_64-mingw32/bin/../lib/gcc/nios2-elf/8.3.1/../../../../../H-x86_64-mingw32/nios2-elf/lib\libc.a(lib_a-readr.o)
 .data          0x0000000010013d74        0x0 c:/intelfpga_lite/19.1/nios2eds/bin/gnu/h-x86_64-mingw32/bin/../lib/gcc/nios2-elf/8.3.1/../../../../../H-x86_64-mingw32/nios2-elf/lib\libc.a(lib_a-strcmp.o)
 .data          0x0000000010013d74        0x0 c:/intelfpga_lite/19.1/nios2eds/bin/gnu/h-x86_64-mingw32/bin/../lib/gcc/nios2-elf/8.3.1/../../../../../H-x86_64-mingw32/nios2-elf/lib\libc.a(lib_a-wbuf.o)
 .data          0x0000000010013d74        0x0 c:/intelfpga_lite/19.1/nios2eds/bin/gnu/h-x86_64-mingw32/bin/../lib/gcc/nios2-elf/8.3.1/../../../../../H-x86_64-mingw32/nios2-elf/lib\libc.a(lib_a-wcrtomb.o)
 .data          0x0000000010013d74        0x0 c:/intelfpga_lite/19.1/nios2eds/bin/gnu/h-x86_64-mingw32/bin/../lib/gcc/nios2-elf/8.3.1/../../../../../H-x86_64-mingw32/nios2-elf/lib\libc.a(lib_a-wctomb_r.o)
 .data          0x0000000010013d74        0x0 c:/intelfpga_lite/19.1/nios2eds/bin/gnu/h-x86_64-mingw32/bin/../lib/gcc/nios2-elf/8.3.1/../../../../../H-x86_64-mingw32/nios2-elf/lib\libc.a(lib_a-ctype_.o)
 .data          0x0000000010013d74        0x0 c:/intelfpga_lite/19.1/nios2eds/bin/gnu/h-x86_64-mingw32/bin/../lib/gcc/nios2-elf/8.3.1\libgcc.a(_udivdi3.o)
 .data          0x0000000010013d74        0x0 c:/intelfpga_lite/19.1/nios2eds/bin/gnu/h-x86_64-mingw32/bin/../lib/gcc/nios2-elf/8.3.1\libgcc.a(_umoddi3.o)
 .data          0x0000000010013d74        0x0 c:/intelfpga_lite/19.1/nios2eds/bin/gnu/h-x86_64-mingw32/bin/../lib/gcc/nios2-elf/8.3.1\libgcc.a(lib2-divmod.o)
 .data          0x0000000010013d74        0x0 c:/intelfpga_lite/19.1/nios2eds/bin/gnu/h-x86_64-mingw32/bin/../lib/gcc/nios2-elf/8.3.1\libgcc.a(adddf3.o)
 .data          0x0000000010013d74        0x0 c:/intelfpga_lite/19.1/nios2eds/bin/gnu/h-x86_64-mingw32/bin/../lib/gcc/nios2-elf/8.3.1\libgcc.a(divdf3.o)
 .data          0x0000000010013d74        0x0 c:/intelfpga_lite/19.1/nios2eds/bin/gnu/h-x86_64-mingw32/bin/../lib/gcc/nios2-elf/8.3.1\libgcc.a(eqdf2.o)
 .data          0x0000000010013d74        0x0 c:/intelfpga_lite/19.1/nios2eds/bin/gnu/h-x86_64-mingw32/bin/../lib/gcc/nios2-elf/8.3.1\libgcc.a(gedf2.o)
 .data          0x0000000010013d74        0x0 c:/intelfpga_lite/19.1/nios2eds/bin/gnu/h-x86_64-mingw32/bin/../lib/gcc/nios2-elf/8.3.1\libgcc.a(ledf2.o)
 .data          0x0000000010013d74        0x0 c:/intelfpga_lite/19.1/nios2eds/bin/gnu/h-x86_64-mingw32/bin/../lib/gcc/nios2-elf/8.3.1\libgcc.a(muldf3.o)
 .data          0x0000000010013d74        0x0 c:/intelfpga_lite/19.1/nios2eds/bin/gnu/h-x86_64-mingw32/bin/../lib/gcc/nios2-elf/8.3.1\libgcc.a(subdf3.o)
 .data          0x0000000010013d74        0x0 c:/intelfpga_lite/19.1/nios2eds/bin/gnu/h-x86_64-mingw32/bin/../lib/gcc/nios2-elf/8.3.1\libgcc.a(unorddf2.o)
 .data          0x0000000010013d74        0x0 c:/intelfpga_lite/19.1/nios2eds/bin/gnu/h-x86_64-mingw32/bin/../lib/gcc/nios2-elf/8.3.1\libgcc.a(fixdfsi.o)
 .data          0x0000000010013d74        0x0 c:/intelfpga_lite/19.1/nios2eds/bin/gnu/h-x86_64-mingw32/bin/../lib/gcc/nios2-elf/8.3.1\libgcc.a(floatsidf.o)
 .data          0x0000000010013d74        0x0 c:/intelfpga_lite/19.1/nios2eds/bin/gnu/h-x86_64-mingw32/bin/../lib/gcc/nios2-elf/8.3.1\libgcc.a(floatunsidf.o)
 .data          0x0000000010013d74        0x0 c:/intelfpga_lite/19.1/nios2eds/bin/gnu/h-x86_64-mingw32/bin/../lib/gcc/nios2-elf/8.3.1\libgcc.a(_clz.o)
 .data          0x0000000010013d74        0x0 c:/intelfpga_lite/19.1/nios2eds/bin/gnu/h-x86_64-mingw32/bin/../lib/gcc/nios2-elf/8.3.1\libgcc.a(_clzsi2.o)
 .data          0x0000000010013d74        0x0 C:/Lab7/final_project/software/final_project_bsp\libhal_bsp.a(alt_close.o)
 .data          0x0000000010013d74      0x1a8 C:/Lab7/final_project/software/final_project_bsp\libhal_bsp.a(alt_dev.o)
                0x0000000010013d74                alt_dev_null
                0x0000000010013d9c                alt_fd_list
 .data          0x0000000010013f1c        0x0 C:/Lab7/final_project/software/final_project_bsp\libhal_bsp.a(alt_errno.o)
 .data          0x0000000010013f1c        0x0 C:/Lab7/final_project/software/final_project_bsp\libhal_bsp.a(alt_fstat.o)
 .data          0x0000000010013f1c        0x0 C:/Lab7/final_project/software/final_project_bsp\libhal_bsp.a(alt_isatty.o)
 .data          0x0000000010013f1c        0x0 C:/Lab7/final_project/software/final_project_bsp\libhal_bsp.a(alt_load.o)
 .data          0x0000000010013f1c        0x0 C:/Lab7/final_project/software/final_project_bsp\libhal_bsp.a(alt_lseek.o)
 .data          0x0000000010013f1c        0x0 C:/Lab7/final_project/software/final_project_bsp\libhal_bsp.a(alt_main.o)
 .data          0x0000000010013f1c        0x0 C:/Lab7/final_project/software/final_project_bsp\libhal_bsp.a(alt_malloc_lock.o)
 .data          0x0000000010013f1c        0x0 C:/Lab7/final_project/software/final_project_bsp\libhal_bsp.a(alt_read.o)
 .data          0x0000000010013f1c        0x0 C:/Lab7/final_project/software/final_project_bsp\libhal_bsp.a(alt_release_fd.o)
 .data          0x0000000010013f1c        0x0 C:/Lab7/final_project/software/final_project_bsp\libhal_bsp.a(alt_sbrk.o)
 .data          0x0000000010013f1c        0x0 C:/Lab7/final_project/software/final_project_bsp\libhal_bsp.a(alt_usleep.o)
 .data          0x0000000010013f1c        0x0 C:/Lab7/final_project/software/final_project_bsp\libhal_bsp.a(alt_write.o)
 .data          0x0000000010013f1c     0x1060 C:/Lab7/final_project/software/final_project_bsp\libhal_bsp.a(alt_sys_init.o)
 .data          0x0000000010014f7c        0x0 C:/Lab7/final_project/software/final_project_bsp\libhal_bsp.a(altera_avalon_jtag_uart_fd.o)
 .data          0x0000000010014f7c        0x0 C:/Lab7/final_project/software/final_project_bsp\libhal_bsp.a(altera_avalon_jtag_uart_init.o)
 .data          0x0000000010014f7c        0x0 C:/Lab7/final_project/software/final_project_bsp\libhal_bsp.a(altera_avalon_jtag_uart_ioctl.o)
 .data          0x0000000010014f7c        0x0 C:/Lab7/final_project/software/final_project_bsp\libhal_bsp.a(altera_avalon_jtag_uart_read.o)
 .data          0x0000000010014f7c        0x0 C:/Lab7/final_project/software/final_project_bsp\libhal_bsp.a(altera_avalon_jtag_uart_write.o)
 .data          0x0000000010014f7c        0x0 C:/Lab7/final_project/software/final_project_bsp\libhal_bsp.a(altera_avalon_timer_sc.o)
 .data          0x0000000010014f7c        0x0 C:/Lab7/final_project/software/final_project_bsp\libhal_bsp.a(alt_alarm_start.o)
 .data          0x0000000010014f7c        0x0 C:/Lab7/final_project/software/final_project_bsp\libhal_bsp.a(alt_busy_sleep.o)
 .data          0x0000000010014f7c        0x0 C:/Lab7/final_project/software/final_project_bsp\libhal_bsp.a(alt_dcache_flush_all.o)
 .data          0x0000000010014f7c        0x0 C:/Lab7/final_project/software/final_project_bsp\libhal_bsp.a(alt_dev_llist_insert.o)
 .data          0x0000000010014f7c        0x0 C:/Lab7/final_project/software/final_project_bsp\libhal_bsp.a(alt_do_ctors.o)
 .data          0x0000000010014f7c        0x0 C:/Lab7/final_project/software/final_project_bsp\libhal_bsp.a(alt_do_dtors.o)
 .data          0x0000000010014f7c        0x0 C:/Lab7/final_project/software/final_project_bsp\libhal_bsp.a(alt_icache_flush_all.o)
 .data          0x0000000010014f7c        0x0 C:/Lab7/final_project/software/final_project_bsp\libhal_bsp.a(alt_iic.o)
 .data          0x0000000010014f7c        0x0 C:/Lab7/final_project/software/final_project_bsp\libhal_bsp.a(alt_iic_isr_register.o)
 .data          0x0000000010014f7c        0x0 C:/Lab7/final_project/software/final_project_bsp\libhal_bsp.a(alt_io_redirect.o)
 .data          0x0000000010014f7c        0x0 C:/Lab7/final_project/software/final_project_bsp\libhal_bsp.a(alt_irq_entry.o)
 .data          0x0000000010014f7c        0x0 C:/Lab7/final_project/software/final_project_bsp\libhal_bsp.a(alt_irq_handler.o)
 .data          0x0000000010014f7c        0x0 C:/Lab7/final_project/software/final_project_bsp\libhal_bsp.a(alt_irq_vars.o)
 .data          0x0000000010014f7c        0x0 C:/Lab7/final_project/software/final_project_bsp\libhal_bsp.a(alt_open.o)
 .data          0x0000000010014f7c        0x0 C:/Lab7/final_project/software/final_project_bsp\libhal_bsp.a(alt_tick.o)
 .data          0x0000000010014f7c        0x0 C:/Lab7/final_project/software/final_project_bsp\libhal_bsp.a(altera_nios2_gen2_irq.o)
 .data          0x0000000010014f7c        0x0 C:/Lab7/final_project/software/final_project_bsp\libhal_bsp.a(alt_exception_entry.o)
 .data          0x0000000010014f7c        0x0 C:/Lab7/final_project/software/final_project_bsp\libhal_bsp.a(alt_find_dev.o)
 .data          0x0000000010014f7c        0x0 C:/Lab7/final_project/software/final_project_bsp\libhal_bsp.a(alt_find_file.o)
 .data          0x0000000010014f7c        0x0 C:/Lab7/final_project/software/final_project_bsp\libhal_bsp.a(alt_get_fd.o)
 .data          0x0000000010014f7c        0x0 C:/Lab7/final_project/software/final_project_bsp\libhal_bsp.a(alt_icache_flush.o)
 .data          0x0000000010014f7c        0x0 C:/Lab7/final_project/software/final_project_bsp\libhal_bsp.a(alt_instruction_exception_entry.o)
 .data          0x0000000010014f7c        0x0 c:/intelfpga_lite/19.1/nios2eds/bin/gnu/h-x86_64-mingw32/bin/../lib/gcc/nios2-elf/8.3.1/../../../../../H-x86_64-mingw32/nios2-elf/lib\libc.a(lib_a-atexit.o)
 .data          0x0000000010014f7c        0x0 c:/intelfpga_lite/19.1/nios2eds/bin/gnu/h-x86_64-mingw32/bin/../lib/gcc/nios2-elf/8.3.1/../../../../../H-x86_64-mingw32/nios2-elf/lib\libc.a(lib_a-exit.o)
 .data          0x0000000010014f7c        0x0 c:/intelfpga_lite/19.1/nios2eds/bin/gnu/h-x86_64-mingw32/bin/../lib/gcc/nios2-elf/8.3.1/../../../../../H-x86_64-mingw32/nios2-elf/lib\libc.a(lib_a-memcmp.o)
 .data          0x0000000010014f7c        0x0 c:/intelfpga_lite/19.1/nios2eds/bin/gnu/h-x86_64-mingw32/bin/../lib/gcc/nios2-elf/8.3.1/../../../../../H-x86_64-mingw32/nios2-elf/lib\libc.a(lib_a-__atexit.o)
 .data          0x0000000010014f7c        0x0 c:/intelfpga_lite/19.1/nios2eds/bin/gnu/h-x86_64-mingw32/bin/../lib/gcc/nios2-elf/8.3.1/../../../../../H-x86_64-mingw32/nios2-elf/lib\libc.a(lib_a-__call_atexit.o)
 .data          0x0000000010014f7c        0x0 C:/Lab7/final_project/software/final_project_bsp\libhal_bsp.a(alt_exit.o)
                0x000000001001cf7c                _gp = ABSOLUTE ((. + 0x8000))
                [!provide]                        PROVIDE (gp = _gp)
 *(.rwdata .rwdata.*)
 *(.sdata .sdata.* .gnu.linkonce.s.*)
 .sdata         0x0000000010014f7c        0x3 obj/default/aesop.o
 *fill*         0x0000000010014f7f        0x1 
 .sdata._global_impure_ptr
                0x0000000010014f80        0x4 c:/intelfpga_lite/19.1/nios2eds/bin/gnu/h-x86_64-mingw32/bin/../lib/gcc/nios2-elf/8.3.1/../../../../../H-x86_64-mingw32/nios2-elf/lib\libc.a(lib_a-impure.o)
                0x0000000010014f80                _global_impure_ptr
 .sdata._impure_ptr
                0x0000000010014f84        0x4 c:/intelfpga_lite/19.1/nios2eds/bin/gnu/h-x86_64-mingw32/bin/../lib/gcc/nios2-elf/8.3.1/../../../../../H-x86_64-mingw32/nios2-elf/lib\libc.a(lib_a-impure.o)
                0x0000000010014f84                _impure_ptr
 .sdata.__malloc_sbrk_base
                0x0000000010014f88        0x4 c:/intelfpga_lite/19.1/nios2eds/bin/gnu/h-x86_64-mingw32/bin/../lib/gcc/nios2-elf/8.3.1/../../../../../H-x86_64-mingw32/nios2-elf/lib\libc.a(lib_a-mallocr.o)
                0x0000000010014f88                __malloc_sbrk_base
 .sdata.__malloc_trim_threshold
                0x0000000010014f8c        0x4 c:/intelfpga_lite/19.1/nios2eds/bin/gnu/h-x86_64-mingw32/bin/../lib/gcc/nios2-elf/8.3.1/../../../../../H-x86_64-mingw32/nios2-elf/lib\libc.a(lib_a-mallocr.o)
                0x0000000010014f8c                __malloc_trim_threshold
 .sdata         0x0000000010014f90       0x14 C:/Lab7/final_project/software/final_project_bsp\libhal_bsp.a(alt_dev.o)
                0x0000000010014f90                alt_fs_list
                0x0000000010014f98                alt_dev_list
                0x0000000010014fa0                alt_max_fd
 .sdata         0x0000000010014fa4        0x4 C:/Lab7/final_project/software/final_project_bsp\libhal_bsp.a(alt_errno.o)
                0x0000000010014fa4                alt_errno
 .sdata         0x0000000010014fa8        0x4 C:/Lab7/final_project/software/final_project_bsp\libhal_bsp.a(alt_sbrk.o)
 .sdata         0x0000000010014fac        0x4 C:/Lab7/final_project/software/final_project_bsp\libhal_bsp.a(alt_irq_vars.o)
                0x0000000010014fac                alt_priority_mask
 .sdata         0x0000000010014fb0        0x8 C:/Lab7/final_project/software/final_project_bsp\libhal_bsp.a(alt_tick.o)
                0x0000000010014fb0                alt_alarm_list
 *(.sdata2 .sdata2.* .gnu.linkonce.s2.*)
                0x0000000010014fb8                . = ALIGN (0x4)
                0x0000000010014fb8                _edata = ABSOLUTE (.)
                [!provide]                        PROVIDE (edata = ABSOLUTE (.))
                0x0000000010014fb8                PROVIDE (__ram_rwdata_end = ABSOLUTE (.))
                0x0000000010014fb8                PROVIDE (__flash_rwdata_start = LOADADDR (.rwdata))

.bss            0x00000000100171d4      0x15c
                0x00000000100171d4                __bss_start = ABSOLUTE (.)
                [!provide]                        PROVIDE (__sbss_start = ABSOLUTE (.))
                [!provide]                        PROVIDE (___sbss_start = ABSOLUTE (.))
 *(.dynsbss)
 *(.sbss .sbss.* .gnu.linkonce.sb.*)
 .sbss          0x00000000100171d4        0x4 obj/default/main.o
 .sbss.__malloc_max_total_mem
                0x00000000100171d8        0x4 c:/intelfpga_lite/19.1/nios2eds/bin/gnu/h-x86_64-mingw32/bin/../lib/gcc/nios2-elf/8.3.1/../../../../../H-x86_64-mingw32/nios2-elf/lib\libc.a(lib_a-mallocr.o)
                0x00000000100171d8                __malloc_max_total_mem
 .sbss.__malloc_max_sbrked_mem
                0x00000000100171dc        0x4 c:/intelfpga_lite/19.1/nios2eds/bin/gnu/h-x86_64-mingw32/bin/../lib/gcc/nios2-elf/8.3.1/../../../../../H-x86_64-mingw32/nios2-elf/lib\libc.a(lib_a-mallocr.o)
                0x00000000100171dc                __malloc_max_sbrked_mem
 .sbss.__malloc_top_pad
                0x00000000100171e0        0x4 c:/intelfpga_lite/19.1/nios2eds/bin/gnu/h-x86_64-mingw32/bin/../lib/gcc/nios2-elf/8.3.1/../../../../../H-x86_64-mingw32/nios2-elf/lib\libc.a(lib_a-mallocr.o)
                0x00000000100171e0                __malloc_top_pad
 .sbss          0x00000000100171e4        0x4 c:/intelfpga_lite/19.1/nios2eds/bin/gnu/h-x86_64-mingw32/bin/../lib/gcc/nios2-elf/8.3.1/../../../../../H-x86_64-mingw32/nios2-elf/lib\libc.a(lib_a-int_errno.o)
                0x00000000100171e4                errno
 .sbss._PathLocale
                0x00000000100171e8        0x4 c:/intelfpga_lite/19.1/nios2eds/bin/gnu/h-x86_64-mingw32/bin/../lib/gcc/nios2-elf/8.3.1/../../../../../H-x86_64-mingw32/nios2-elf/lib\libc.a(lib_a-locale.o)
                0x00000000100171e8                _PathLocale
 .sbss          0x00000000100171ec        0xc C:/Lab7/final_project/software/final_project_bsp\libhal_bsp.a(alt_main.o)
                0x00000000100171ec                alt_argc
                0x00000000100171f0                alt_argv
                0x00000000100171f4                alt_envp
 .sbss          0x00000000100171f8        0x4 C:/Lab7/final_project/software/final_project_bsp\libhal_bsp.a(alt_irq_vars.o)
                0x00000000100171f8                alt_irq_active
 .sbss          0x00000000100171fc        0x8 C:/Lab7/final_project/software/final_project_bsp\libhal_bsp.a(alt_tick.o)
                0x00000000100171fc                _alt_tick_rate
                0x0000000010017200                _alt_nticks
 .sbss          0x0000000010017204        0x4 C:/Lab7/final_project/software/final_project_bsp\libhal_bsp.a(alt_instruction_exception_entry.o)
                0x0000000010017204                alt_instruction_exception_handler
 *(.sbss2 .sbss2.* .gnu.linkonce.sb2.*)
 *(.scommon)
                [!provide]                        PROVIDE (__sbss_end = ABSOLUTE (.))
                [!provide]                        PROVIDE (___sbss_end = ABSOLUTE (.))
 *(.dynbss)
 *(.bss .bss.* .gnu.linkonce.b.*)
 .bss           0x0000000010017208        0x0 C:/Lab7/final_project/software/final_project_bsp/obj/HAL/src/crt0.o
 .bss           0x0000000010017208        0x0 obj/default/aesop.o
 .bss           0x0000000010017208        0x0 obj/default/core.o
 .bss           0x0000000010017208        0x0 obj/default/io_handler.o
 .bss           0x0000000010017208        0x0 obj/default/main.o
 .bss           0x0000000010017208        0x0 obj/default/usb.o
 .bss           0x0000000010017208        0x0 c:/intelfpga_lite/19.1/nios2eds/bin/gnu/h-x86_64-mingw32/bin/../lib/gcc/nios2-elf/8.3.1\libgcc.a(_muldi3.o)
 .bss           0x0000000010017208        0x0 c:/intelfpga_lite/19.1/nios2eds/bin/gnu/h-x86_64-mingw32/bin/../lib/gcc/nios2-elf/8.3.1/../../../../../H-x86_64-mingw32/nios2-elf/lib\libc.a(lib_a-memcpy.o)
 .bss           0x0000000010017208        0x0 c:/intelfpga_lite/19.1/nios2eds/bin/gnu/h-x86_64-mingw32/bin/../lib/gcc/nios2-elf/8.3.1/../../../../../H-x86_64-mingw32/nios2-elf/lib\libc.a(lib_a-printf.o)
 .bss           0x0000000010017208        0x0 c:/intelfpga_lite/19.1/nios2eds/bin/gnu/h-x86_64-mingw32/bin/../lib/gcc/nios2-elf/8.3.1/../../../../../H-x86_64-mingw32/nios2-elf/lib\libc.a(lib_a-puts.o)
 .bss           0x0000000010017208        0x0 c:/intelfpga_lite/19.1/nios2eds/bin/gnu/h-x86_64-mingw32/bin/../lib/gcc/nios2-elf/8.3.1/../../../../../H-x86_64-mingw32/nios2-elf/lib\libc.a(lib_a-strlen.o)
 .bss           0x0000000010017208        0x0 c:/intelfpga_lite/19.1/nios2eds/bin/gnu/h-x86_64-mingw32/bin/../lib/gcc/nios2-elf/8.3.1/../../../../../H-x86_64-mingw32/nios2-elf/lib\libc.a(lib_a-vfprintf.o)
 .bss           0x0000000010017208        0x0 c:/intelfpga_lite/19.1/nios2eds/bin/gnu/h-x86_64-mingw32/bin/../lib/gcc/nios2-elf/8.3.1/../../../../../H-x86_64-mingw32/nios2-elf/lib\libc.a(lib_a-wsetup.o)