Archive member included to satisfy reference by file (symbol)

c:/intelfpga_lite/19.1/nios2eds/bin/gnu/h-x86_64-mingw32/bin/../lib/gcc/nios2-elf/8.3.1/../../../../../H-x86_64-mingw32/nios2-elf/lib\libstdc++.a(new_op.o)
                              obj/default/updater.o (operator new(unsigned int))
c:/intelfpga_lite/19.1/nios2eds/bin/gnu/h-x86_64-mingw32/bin/../lib/gcc/nios2-elf/8.3.1/../../../../../H-x86_64-mingw32/nios2-elf/lib\libstdc++.a(new_handler.o)
                              c:/intelfpga_lite/19.1/nios2eds/bin/gnu/h-x86_64-mingw32/bin/../lib/gcc/nios2-elf/8.3.1/../../../../../H-x86_64-mingw32/nios2-elf/lib\libstdc++.a(new_op.o) (std::get_new_handler())
c:/intelfpga_lite/19.1/nios2eds/bin/gnu/h-x86_64-mingw32/bin/../lib/gcc/nios2-elf/8.3.1/../../../../../H-x86_64-mingw32/nios2-elf/lib\libstdc++.a(eh_catch.o)
                              obj/default/updater.o (__cxa_begin_catch)
c:/intelfpga_lite/19.1/nios2eds/bin/gnu/h-x86_64-mingw32/bin/../lib/gcc/nios2-elf/8.3.1/../../../../../H-x86_64-mingw32/nios2-elf/lib\libstdc++.a(eh_terminate.o)
                              c:/intelfpga_lite/19.1/nios2eds/bin/gnu/h-x86_64-mingw32/bin/../lib/gcc/nios2-elf/8.3.1/../../../../../H-x86_64-mingw32/nios2-elf/lib\libstdc++.a(eh_catch.o) (std::terminate())
c:/intelfpga_lite/19.1/nios2eds/bin/gnu/h-x86_64-mingw32/bin/../lib/gcc/nios2-elf/8.3.1/../../../../../H-x86_64-mingw32/nios2-elf/lib\libstdc++.a(eh_unex_handler.o)
                              c:/intelfpga_lite/19.1/nios2eds/bin/gnu/h-x86_64-mingw32/bin/../lib/gcc/nios2-elf/8.3.1/../../../../../H-x86_64-mingw32/nios2-elf/lib\libstdc++.a(eh_terminate.o) (__cxxabiv1::__unexpected_handler)
c:/intelfpga_lite/19.1/nios2eds/bin/gnu/h-x86_64-mingw32/bin/../lib/gcc/nios2-elf/8.3.1/../../../../../H-x86_64-mingw32/nios2-elf/lib\libstdc++.a(eh_throw.o)
                              c:/intelfpga_lite/19.1/nios2eds/bin/gnu/h-x86_64-mingw32/bin/../lib/gcc/nios2-elf/8.3.1/../../../../../H-x86_64-mingw32/nios2-elf/lib\libstdc++.a(new_op.o) (__cxa_throw)
c:/intelfpga_lite/19.1/nios2eds/bin/gnu/h-x86_64-mingw32/bin/../lib/gcc/nios2-elf/8.3.1/../../../../../H-x86_64-mingw32/nios2-elf/lib\libstdc++.a(del_op.o)
                              obj/default/updater.o (operator delete(void*))
c:/intelfpga_lite/19.1/nios2eds/bin/gnu/h-x86_64-mingw32/bin/../lib/gcc/nios2-elf/8.3.1/../../../../../H-x86_64-mingw32/nios2-elf/lib\libstdc++.a(bad_alloc.o)
                              c:/intelfpga_lite/19.1/nios2eds/bin/gnu/h-x86_64-mingw32/bin/../lib/gcc/nios2-elf/8.3.1/../../../../../H-x86_64-mingw32/nios2-elf/lib\libstdc++.a(new_op.o) (vtable for std::bad_alloc)
c:/intelfpga_lite/19.1/nios2eds/bin/gnu/h-x86_64-mingw32/bin/../lib/gcc/nios2-elf/8.3.1/../../../../../H-x86_64-mingw32/nios2-elf/lib\libstdc++.a(eh_personality.o)
                              obj/default/updater.o (__gxx_personality_sj0)
c:/intelfpga_lite/19.1/nios2eds/bin/gnu/h-x86_64-mingw32/bin/../lib/gcc/nios2-elf/8.3.1/../../../../../H-x86_64-mingw32/nios2-elf/lib\libstdc++.a(eh_alloc.o)
                              c:/intelfpga_lite/19.1/nios2eds/bin/gnu/h-x86_64-mingw32/bin/../lib/gcc/nios2-elf/8.3.1/../../../../../H-x86_64-mingw32/nios2-elf/lib\libstdc++.a(new_op.o) (__cxa_allocate_exception)
c:/intelfpga_lite/19.1/nios2eds/bin/gnu/h-x86_64-mingw32/bin/../lib/gcc/nios2-elf/8.3.1/../../../../../H-x86_64-mingw32/nios2-elf/lib\libstdc++.a(tree.o)
                              obj/default/updater.o (std::_Rb_tree_increment(std::_Rb_tree_node_base const*))
c:/intelfpga_lite/19.1/nios2eds/bin/gnu/h-x86_64-mingw32/bin/../lib/gcc/nios2-elf/8.3.1/../../../../../H-x86_64-mingw32/nios2-elf/lib\libstdc++.a(functexcept.o)
                              obj/default/updater.o (std::__throw_bad_alloc())
c:/intelfpga_lite/19.1/nios2eds/bin/gnu/h-x86_64-mingw32/bin/../lib/gcc/nios2-elf/8.3.1/../../../../../H-x86_64-mingw32/nios2-elf/lib\libstdc++.a(snprintf_lite.o)
                              c:/intelfpga_lite/19.1/nios2eds/bin/gnu/h-x86_64-mingw32/bin/../lib/gcc/nios2-elf/8.3.1/../../../../../H-x86_64-mingw32/nios2-elf/lib\libstdc++.a(functexcept.o) (__gnu_cxx::__snprintf_lite(char*, unsigned int, char const*, void*))
c:/intelfpga_lite/19.1/nios2eds/bin/gnu/h-x86_64-mingw32/bin/../lib/gcc/nios2-elf/8.3.1/../../../../../H-x86_64-mingw32/nios2-elf/lib\libstdc++.a(cow-stdexcept.o)
                              c:/intelfpga_lite/19.1/nios2eds/bin/gnu/h-x86_64-mingw32/bin/../lib/gcc/nios2-elf/8.3.1/../../../../../H-x86_64-mingw32/nios2-elf/lib\libstdc++.a(functexcept.o) (std::logic_error::logic_error(char const*))
c:/intelfpga_lite/19.1/nios2eds/bin/gnu/h-x86_64-mingw32/bin/../lib/gcc/nios2-elf/8.3.1/../../../../../H-x86_64-mingw32/nios2-elf/lib\libstdc++.a(eh_call.o)
                              c:/intelfpga_lite/19.1/nios2eds/bin/gnu/h-x86_64-mingw32/bin/../lib/gcc/nios2-elf/8.3.1/../../../../../H-x86_64-mingw32/nios2-elf/lib\libstdc++.a(eh_personality.o) (__cxa_call_terminate)
[...]
Memory Configuration

Name             Origin             Length             Attributes
onchip_memory2_0 0x0000000000000000 0x0000000000000010
reset            0x0000000010000000 0x0000000000000020
sdram            0x0000000010000020 0x0000000007ffffe0
*default*        0x0000000000000000 0xffffffffffffffff

Linker script and memory map

LOAD C:/Lab7/final_project/software/final_project_bsp/obj/HAL/src/crt0.o
LOAD obj/default/core.o
LOAD obj/default/io_handler.o
LOAD obj/default/logic.o
LOAD obj/default/main.o
LOAD obj/default/tile_eng_driver.o
LOAD obj/default/usb.o
LOAD obj/default/updater.o
LOAD c:/intelfpga_lite/19.1/nios2eds/bin/gnu/h-x86_64-mingw32/bin/../lib/gcc/nios2-elf/8.3.1/../../../../../H-x86_64-mingw32/nios2-elf/lib\libstdc++.a
LOAD c:/intelfpga_lite/19.1/nios2eds/bin/gnu/h-x86_64-mingw32/bin/../lib/gcc/nios2-elf/8.3.1/../../../../../H-x86_64-mingw32/nios2-elf/lib\libm.a
LOAD c:/intelfpga_lite/19.1/nios2eds/bin/gnu/h-x86_64-mingw32/bin/../lib/gcc/nios2-elf/8.3.1\libgcc.a
START GROUP
LOAD c:/intelfpga_lite/19.1/nios2eds/bin/gnu/h-x86_64-mingw32/bin/../lib/gcc/nios2-elf/8.3.1/../../../../../H-x86_64-mingw32/nios2-elf/lib\libc.a
LOAD c:/intelfpga_lite/19.1/nios2eds/bin/gnu/h-x86_64-mingw32/bin/../lib/gcc/nios2-elf/8.3.1\libgcc.a
LOAD C:/Lab7/final_project/software/final_project_bsp\libhal_bsp.a
LOAD c:/intelfpga_lite/19.1/nios2eds/bin/gnu/h-x86_64-mingw32/bin/../lib/gcc/nios2-elf/8.3.1/../../../../../H-x86_64-mingw32/nios2-elf/lib\libm.a
END GROUP
LOAD c:/intelfpga_lite/19.1/nios2eds/bin/gnu/h-x86_64-mingw32/bin/../lib/gcc/nios2-elf/8.3.1\libgcc.a
                0x0000000000000000                __alt_mem_onchip_memory2_0 = 0x0
                0x0000000010000000                __alt_mem_sdram = 0x10000000

.entry          0x0000000010000000       0x20
 *(.entry)
 .entry         0x0000000010000000       0x20 C:/Lab7/final_project/software/final_project_bsp/obj/HAL/src/crt0.o
                0x0000000010000000                __reset

.exceptions     0x0000000010000020      0x218
                0x0000000010000020                PROVIDE (__ram_exceptions_start = ABSOLUTE (.))
                0x0000000010000020                . = ALIGN (0x20)
 *(.irq)
 *(.exceptions.entry.label)
 .exceptions.entry.label
                0x0000000010000020        0x0 C:/Lab7/final_project/software/final_project_bsp\libhal_bsp.a(alt_irq_entry.o)
                0x0000000010000020                alt_irq_entry
 .exceptions.entry.label
                0x0000000010000020        0x0 C:/Lab7/final_project/software/final_project_bsp\libhal_bsp.a(alt_exception_entry.o)
                0x0000000010000020                alt_exception
 *(.exceptions.entry.user)
 *(.exceptions.entry.ecc_fatal)
 *(.exceptions.entry)
 .exceptions.entry
                0x0000000010000020       0x54 C:/Lab7/final_project/software/final_project_bsp\libhal_bsp.a(alt_exception_entry.o)
 *(.exceptions.irqtest.user)
 *(.exceptions.irqtest)
 .exceptions.irqtest
                0x0000000010000074       0x10 C:/Lab7/final_project/software/final_project_bsp\libhal_bsp.a(alt_irq_entry.o)
 *(.exceptions.irqhandler.user)
 *(.exceptions.irqhandler)
 .exceptions.irqhandler
                0x0000000010000084        0x4 C:/Lab7/final_project/software/final_project_bsp\libhal_bsp.a(alt_irq_entry.o)
 *(.exceptions.irqreturn.user)
 *(.exceptions.irqreturn)
 .exceptions.irqreturn
                0x0000000010000088        0x4 C:/Lab7/final_project/software/final_project_bsp\libhal_bsp.a(alt_irq_entry.o)
 *(.exceptions.notirq.label)
 .exceptions.notirq.label
                0x000000001000008c        0x0 C:/Lab7/final_project/software/final_project_bsp\libhal_bsp.a(alt_irq_entry.o)
 *(.exceptions.notirq.user)
 *(.exceptions.notirq)
 .exceptions.notirq
                0x000000001000008c        0x8 C:/Lab7/final_project/software/final_project_bsp\libhal_bsp.a(alt_exception_entry.o)
 *(.exceptions.soft.user)
 *(.exceptions.soft)
 *(.exceptions.unknown.user)
 *(.exceptions.unknown)
 .exceptions.unknown
                0x0000000010000094       0x14 C:/Lab7/final_project/software/final_project_bsp\libhal_bsp.a(alt_exception_entry.o)
 *(.exceptions.exit.label)
 .exceptions.exit.label
                0x00000000100000a8        0x0 C:/Lab7/final_project/software/final_project_bsp\libhal_bsp.a(alt_irq_entry.o)
 .exceptions.exit.label
                0x00000000100000a8        0x0 C:/Lab7/final_project/software/final_project_bsp\libhal_bsp.a(alt_exception_entry.o)
 *(.exceptions.exit.user)
 *(.exceptions.exit)
 .exceptions.exit
                0x00000000100000a8       0x54 C:/Lab7/final_project/software/final_project_bsp\libhal_bsp.a(alt_exception_entry.o)
 *(.exceptions)
 .exceptions    0x00000000100000fc       0xc8 C:/Lab7/final_project/software/final_project_bsp\libhal_bsp.a(alt_irq_handler.o)
                0x00000000100000fc                alt_irq_handler
 .exceptions    0x00000000100001c4       0x74 C:/Lab7/final_project/software/final_project_bsp\libhal_bsp.a(alt_instruction_exception_entry.o)
                0x00000000100001c4                alt_instruction_exception_entry
                0x0000000010000238                PROVIDE (__ram_exceptions_end = ABSOLUTE (.))
                0x0000000010000020                PROVIDE (__flash_exceptions_start = LOADADDR (.exceptions))

.text           0x0000000010000238    0x24c74
                [!provide]                        PROVIDE (stext = ABSOLUTE (.))
 *(.interp)
 *(.hash)
 *(.dynsym)
 *(.dynstr)
 *(.gnu.version)
 *(.gnu.version_d)
 *(.gnu.version_r)
 *(.rel.init)
 *(.rela.init)
 *(.rel.text .rel.text.* .rel.gnu.linkonce.t.*)
 *(.rela.text .rela.text.* .rela.gnu.linkonce.t.*)
 *(.rel.fini)
 *(.rela.fini)
 *(.rel.rodata .rel.rodata.* .rel.gnu.linkonce.r.*)
 *(.rela.rodata .rela.rodata.* .rela.gnu.linkonce.r.*)
 *(.rel.data .rel.data.* .rel.gnu.linkonce.d.*)
 *(.rela.data .rela.data.* .rela.gnu.linkonce.d.*)
 *(.rel.tdata .rel.tdata.* .rel.gnu.linkonce.td.*)
 *(.rela.tdata .rela.tdata.* .rela.gnu.linkonce.td.*)
 *(.rel.tbss .rel.tbss.* .rel.gnu.linkonce.tb.*)
 *(.rela.tbss .rela.tbss.* .rela.gnu.linkonce.tb.*)
 *(.rel.ctors)
 *(.rela.ctors)
 *(.rel.dtors)
 *(.rela.dtors)
 *(.rel.got)
 *(.rela.got)
 *(.rel.sdata .rel.sdata.* .rel.gnu.linkonce.s.*)
 *(.rela.sdata .rela.sdata.* .rela.gnu.linkonce.s.*)
 *(.rel.sbss .rel.sbss.* .rel.gnu.linkonce.sb.*)
 *(.rela.sbss .rela.sbss.* .rela.gnu.linkonce.sb.*)
 *(.rel.sdata2 .rel.sdata2.* .rel.gnu.linkonce.s2.*)
 *(.rela.sdata2 .rela.sdata2.* .rela.gnu.linkonce.s2.*)
 *(.rel.sbss2 .rel.sbss2.* .rel.gnu.linkonce.sb2.*)
 *(.rela.sbss2 .rela.sbss2.* .rela.gnu.linkonce.sb2.*)
 *(.rel.bss .rel.bss.* .rel.gnu.linkonce.b.*)
 *(.rela.bss .rela.bss.* .rela.gnu.linkonce.b.*)
 *(.rel.plt)
 *(.rela.plt)
 *(.rel.dyn)
 *(.init)
 *(.plt)
 *(.text .stub .text.* .gnu.linkonce.t.*)
 .text          0x0000000010000238       0x4c C:/Lab7/final_project/software/final_project_bsp/obj/HAL/src/crt0.o
                0x0000000010000238                _start
 .text          0x0000000010000284      0x290 obj/default/core.o
                0x0000000010000284                screen_test
 .text          0x0000000010000514      0x1d8 obj/default/io_handler.o
                0x0000000010000514                IO_init
                0x0000000010000610                IO_write
                0x0000000010000684                IO_read
 .text          0x00000000100006ec     0x3a34 obj/default/logic.o
                0x00000000100006ec                init_game
                0x0000000010000b54                tickgame
                0x0000000010001268                recur_free
                0x00000000100012b4                stack_push
                0x000000001000142c                blinkys_move
                0x0000000010001ecc                det_goal_pos
                0x00000000100021ac                pinkys_move
                0x0000000010002c64                inkys_move
                0x0000000010002fe0                clydes_move
                0x00000000100032a8                blinkyPalette
                0x0000000010003310                pinkyPalette
                0x0000000010003378                inkyPalette
                0x00000000100033e0                clydePalette
                0x0000000010003448                gbPalette
                0x00000000100034d0                textPalette
                0x0000000010003554                wallPalette
                0x00000000100035c8                initScreen
                0x0000000010003790                drawBoard
                0x0000000010003c2c                updateBoard
 .text          0x0000000010004120      0xe78 obj/default/main.o
                0x0000000010004120                main
 .text          0x0000000010004f98      0x538 obj/default/tile_eng_driver.o
                0x0000000010004f98                drawTile
                0x000000001000501c                writePaletteHelper
                0x00000000100050c4                writePalette
                0x0000000010005188                parseSpriteLine
                0x0000000010005270                parseSprite
                0x00000000100052e8                writeSprite
                0x00000000100053bc                writeText
                0x0000000010005454                clearScreen
 .text          0x00000000100054d0     0x1178 obj/default/usb.o
                0x00000000100054d0                UsbWrite
                0x000000001000552c                UsbRead
                0x0000000010005570                UsbSoftReset
                0x0000000010005624                UsbSetAddress
                0x0000000010005724                UsbGetDeviceDesc1
                0x000000001000586c                UsbGetDeviceDesc2
                0x0000000010005a44                UsbGetConfigDesc1
                0x0000000010005bd4                UsbGetConfigDesc2
                0x0000000010005e3c                UsbSetConfig
                0x0000000010005f3c                UsbClassRequest
                0x000000001000603c                UsbGetHidDesc
                0x0000000010006184                UsbGetReportDesc
                0x00000000100064c4                UsbWaitTDListDone
                0x0000000010006548                UsbGetRetryCnt
                0x00000000100065c8                UsbPrintMem
 .text          0x0000000010006648      0x32c obj/default/updater.o
                0x0000000010006648                addToSet
                0x00000000100066a0                addPendingPos
                0x0000000010006714                getOne
                0x0000000010006810                hasRemain
                0x000000001000686c                clearQueue
 .text._ZnwjPv  0x0000000010006974       0x28 obj/default/updater.o
                0x0000000010006974                operator new(unsigned int, void*)
 .text._ZNSt15_Rb_tree_headerC2Ev
                0x000000001000699c       0x3c obj/default/updater.o
                0x000000001000699c                std::_Rb_tree_header::_Rb_tree_header()
                0x000000001000699c                std::_Rb_tree_header::_Rb_tree_header()
 .text._ZNSt15_Rb_tree_header8_M_resetEv
                0x00000000100069d8       0x4c obj/default/updater.o
                0x00000000100069d8                std::_Rb_tree_header::_M_reset()
 .text._ZN9TileGroupC2E10__tile_col
                0x0000000010006a24       0x3c obj/default/updater.o
                0x0000000010006a24                TileGroup::TileGroup(__tile_col)
                0x0000000010006a24                TileGroup::TileGroup(__tile_col)
 .text._ZN9TileGroupC2Ess
                0x0000000010006a60       0x58 obj/default/updater.o
                0x0000000010006a60                TileGroup::TileGroup(short, short)
                0x0000000010006a60                TileGroup::TileGroup(short, short)
 .text._ZNK9TileGroupltERKS_
                0x0000000010006ab8       0x88 obj/default/updater.o
                0x0000000010006ab8                TileGroup::operator<(TileGroup const&) const
 .text._ZNSt8_Rb_treeI9TileGroupS0_St9_IdentityIS0_ESt4lessIS0_ESaIS0_EE13_Rb_tree_implIS4_Lb1EED2Ev
                0x0000000010006b40       0x34 obj/default/updater.o
                0x0000000010006b40                std::_Rb_tree<TileGroup, TileGroup, std::_Identity<TileGroup>, std::less<TileGroup>, std::allocator<TileGroup> >::_Rb_tree_impl<std::less<TileGroup>, true>::~_Rb_tree_impl()
                0x0000000010006b40                std::_Rb_tree<TileGroup, TileGroup, std::_Identity<TileGroup>, std::less<TileGroup>, std::allocator<TileGroup> >::_Rb_tree_impl<std::less<TileGroup>, true>::~_Rb_tree_impl()
 .text._ZNSt8_Rb_treeI9TileGroupS0_St9_IdentityIS0_ESt4lessIS0_ESaIS0_EEC2Ev
                0x0000000010006b74       0x38 obj/default/updater.o
                0x0000000010006b74                std::_Rb_tree<TileGroup, TileGroup, std::_Identity<TileGroup>, std::less<TileGroup>, std::allocator<TileGroup> >::_Rb_tree()
                0x0000000010006b74                std::_Rb_tree<TileGroup, TileGroup, std::_Identity<TileGroup>, std::less<TileGroup>, std::allocator<TileGroup> >::_Rb_tree()
 .text._ZNSt3setI9TileGroupSt4lessIS0_ESaIS0_EEC2Ev
                0x0000000010006bac       0x38 obj/default/updater.o
                0x0000000010006bac                std::set<TileGroup, std::less<TileGroup>, std::allocator<TileGroup> >::set()
                0x0000000010006bac                std::set<TileGroup, std::less<TileGroup>, std::allocator<TileGroup> >::set()
 .text._ZNSt8_Rb_treeI9TileGroupS0_St9_IdentityIS0_ESt4lessIS0_ESaIS0_EE13_Rb_tree_implIS4_Lb1EEC2Ev
                0x0000000010006be4       0x50 obj/default/updater.o
                0x0000000010006be4                std::_Rb_tree<TileGroup, TileGroup, std::_Identity<TileGroup>, std::less<TileGroup>, std::allocator<TileGroup> >::_Rb_tree_impl<std::less<TileGroup>, true>::_Rb_tree_impl()
                0x0000000010006be4                std::_Rb_tree<TileGroup, TileGroup, std::_Identity<TileGroup>, std::less<TileGroup>, std::allocator<TileGroup> >::_Rb_tree_impl<std::less<TileGroup>, true>::_Rb_tree_impl()
 .text._ZNSaISt13_Rb_tree_nodeI9TileGroupEED2Ev
                0x0000000010006c34       0x34 obj/default/updater.o
                0x0000000010006c34                std::allocator<std::_Rb_tree_node<TileGroup> >::~allocator()
                0x0000000010006c34                std::allocator<std::_Rb_tree_node<TileGroup> >::~allocator()
 .text._ZNSt8_Rb_treeI9TileGroupS0_St9_IdentityIS0_ESt4lessIS0_ESaIS0_EED2Ev
                0x0000000010006c68       0x80 obj/default/updater.o
                0x0000000010006c68                std::_Rb_tree<TileGroup, TileGroup, std::_Identity<TileGroup>, std::less<TileGroup>, std::allocator<TileGroup> >::~_Rb_tree()
                0x0000000010006c68                std::_Rb_tree<TileGroup, TileGroup, std::_Identity<TileGroup>, std::less<TileGroup>, std::allocator<TileGroup> >::~_Rb_tree()
 .text._ZNSt3setI9TileGroupSt4lessIS0_ESaIS0_EE6insertERKS0_
                0x0000000010006ce8       0x84 obj/default/updater.o
                0x0000000010006ce8                std::set<TileGroup, std::less<TileGroup>, std::allocator<TileGroup> >::insert(TileGroup const&)
 .text._ZNKSt3setI9TileGroupSt4lessIS0_ESaIS0_EE5beginEv
                0x0000000010006d6c       0x34 obj/default/updater.o
                0x0000000010006d6c                std::set<TileGroup, std::less<TileGroup>, std::allocator<TileGroup> >::begin() const
 .text._ZNKSt3setI9TileGroupSt4lessIS0_ESaIS0_EE3endEv
                0x0000000010006da0       0x34 obj/default/updater.o
                0x0000000010006da0                std::set<TileGroup, std::less<TileGroup>, std::allocator<TileGroup> >::end() const
 .text._ZNKSt23_Rb_tree_const_iteratorI9TileGroupEneERKS1_
                0x0000000010006dd4       0x38 obj/default/updater.o
                0x0000000010006dd4                std::_Rb_tree_const_iterator<TileGroup>::operator!=(std::_Rb_tree_const_iterator<TileGroup> const&) const
 .text._ZNKSt23_Rb_tree_const_iteratorI9TileGroupEdeEv
                0x0000000010006e0c       0x38 obj/default/updater.o
                0x0000000010006e0c                std::_Rb_tree_const_iterator<TileGroup>::operator*() const
 .text._ZNSt3setI9TileGroupSt4lessIS0_ESaIS0_EE5eraseERKS0_
                0x0000000010006e44       0x3c obj/default/updater.o
                0x0000000010006e44                std::set<TileGroup, std::less<TileGroup>, std::allocator<TileGroup> >::erase(TileGroup const&)
 .text._ZNSt3setI9TileGroupSt4lessIS0_ESaIS0_EE5clearEv
                0x0000000010006e80       0x38 obj/default/updater.o
                0x0000000010006e80                std::set<TileGroup, std::less<TileGroup>, std::allocator<TileGroup> >::clear()
 .text._ZNSaISt13_Rb_tree_nodeI9TileGroupEEC2Ev
                0x0000000010006eb8       0x34 obj/default/updater.o
                0x0000000010006eb8                std::allocator<std::_Rb_tree_node<TileGroup> >::allocator()
                0x0000000010006eb8                std::allocator<std::_Rb_tree_node<TileGroup> >::allocator()
 .text._ZNSt20_Rb_tree_key_compareISt4lessI9TileGroupEEC2Ev
                0x0000000010006eec       0x24 obj/default/updater.o
                0x0000000010006eec                std::_Rb_tree_key_compare<std::less<TileGroup> >::_Rb_tree_key_compare()
                0x0000000010006eec                std::_Rb_tree_key_compare<std::less<TileGroup> >::_Rb_tree_key_compare()
 .text._ZN9__gnu_cxx13new_allocatorISt13_Rb_tree_nodeI9TileGroupEED2Ev
                0x0000000010006f10       0x24 obj/default/updater.o
                0x0000000010006f10                __gnu_cxx::new_allocator<std::_Rb_tree_node<TileGroup> >::~new_allocator()
                0x0000000010006f10                __gnu_cxx::new_allocator<std::_Rb_tree_node<TileGroup> >::~new_allocator()
 .text._ZNSt8_Rb_treeI9TileGroupS0_St9_IdentityIS0_ESt4lessIS0_ESaIS0_EE8_M_eraseEPSt13_Rb_tree_nodeIS0_E
                0x0000000010006f34       0x70 obj/default/updater.o
                0x0000000010006f34                std::_Rb_tree<TileGroup, TileGroup, std::_Identity<TileGroup>, std::less<TileGroup>, std::allocator<TileGroup> >::_M_erase(std::_Rb_tree_node<TileGroup>*)
 .text._ZNSt8_Rb_treeI9TileGroupS0_St9_IdentityIS0_ESt4lessIS0_ESaIS0_EE8_M_beginEv
                0x0000000010006fa4       0x28 obj/default/updater.o
                0x0000000010006fa4                std::_Rb_tree<TileGroup, TileGroup, std::_Identity<TileGroup>, std::less<TileGroup>, std::allocator<TileGroup> >::_M_begin()
 .text._ZSt7forwardIRK9TileGroupEOT_RNSt16remove_referenceIS3_E4typeE
                0x0000000010006fcc       0x24 obj/default/updater.o
                0x0000000010006fcc                TileGroup const& std::forward<TileGroup const&>(std::remove_reference<TileGroup const&>::type&)
 .text._ZNSt8_Rb_treeI9TileGroupS0_St9_IdentityIS0_ESt4lessIS0_ESaIS0_EE16_M_insert_uniqueIRKS0_EESt4pairISt17_Rb_tree_iteratorIS0_EbEOT_
                0x0000000010006ff0      0x130 obj/default/updater.o
                0x0000000010006ff0                std::pair<std::_Rb_tree_iterator<TileGroup>, bool> std::_Rb_tree<TileGroup, TileGroup, std::_Identity<TileGroup>, std::less<TileGroup>, std::allocator<TileGroup> >::_M_insert_unique<TileGroup const&>(TileGroup const&)
 .text._ZSt7forwardIRSt17_Rb_tree_iteratorI9TileGroupEEOT_RNSt16remove_referenceIS4_E4typeE
                0x0000000010007120       0x24 obj/default/updater.o
                0x0000000010007120                std::_Rb_tree_iterator<TileGroup>& std::forward<std::_Rb_tree_iterator<TileGroup>&>(std::remove_reference<std::_Rb_tree_iterator<TileGroup>&>::type&)
 .text._ZNSt4pairISt23_Rb_tree_const_iteratorI9TileGroupEbEC2IRSt17_Rb_tree_iteratorIS1_ERbLb1EEEOT_OT0_
                0x0000000010007144       0x68 obj/default/updater.o
                0x0000000010007144                std::pair<std::_Rb_tree_const_iterator<TileGroup>, bool>::pair<std::_Rb_tree_iterator<TileGroup>&, bool&, true>(std::_Rb_tree_iterator<TileGroup>&, bool&)
                0x0000000010007144                std::pair<std::_Rb_tree_const_iterator<TileGroup>, bool>::pair<std::_Rb_tree_iterator<TileGroup>&, bool&, true>(std::_Rb_tree_iterator<TileGroup>&, bool&)
 .text._ZNKSt8_Rb_treeI9TileGroupS0_St9_IdentityIS0_ESt4lessIS0_ESaIS0_EE5beginEv
                0x00000000100071ac       0x44 obj/default/updater.o
                0x00000000100071ac                std::_Rb_tree<TileGroup, TileGroup, std::_Identity<TileGroup>, std::less<TileGroup>, std::allocator<TileGroup> >::begin() const
 .text._ZNKSt8_Rb_treeI9TileGroupS0_St9_IdentityIS0_ESt4lessIS0_ESaIS0_EE3endEv
                0x00000000100071f0       0x44 obj/default/updater.o
                0x00000000100071f0                std::_Rb_tree<TileGroup, TileGroup, std::_Identity<TileGroup>, std::less<TileGroup>, std::allocator<TileGroup> >::end() const
 .text._ZNKSt13_Rb_tree_nodeI9TileGroupE9_M_valptrEv
                0x0000000010007234       0x38 obj/default/updater.o
                0x0000000010007234                std::_Rb_tree_node<TileGroup>::_M_valptr() const
 .text._ZNSt8_Rb_treeI9TileGroupS0_St9_IdentityIS0_ESt4lessIS0_ESaIS0_EE5eraseERKS0_
                0x000000001000726c       0xa4 obj/default/updater.o
                0x000000001000726c                std::_Rb_tree<TileGroup, TileGroup, std::_Identity<TileGroup>, std::less<TileGroup>, std::allocator<TileGroup> >::erase(TileGroup const&)
 .text._ZNSt8_Rb_treeI9TileGroupS0_St9_IdentityIS0_ESt4lessIS0_ESaIS0_EE5clearEv
                0x0000000010007310       0x84 obj/default/updater.o
                0x0000000010007310                std::_Rb_tree<TileGroup, TileGroup, std::_Identity<TileGroup>, std::less<TileGroup>, std::allocator<TileGroup> >::clear()
 .text._ZN9__gnu_cxx13new_allocatorISt13_Rb_tree_nodeI9TileGroupEEC2Ev
                0x0000000010007394       0x24 obj/default/updater.o
                0x0000000010007394                __gnu_cxx::new_allocator<std::_Rb_tree_node<TileGroup> >::new_allocator()
                0x0000000010007394                __gnu_cxx::new_allocator<std::_Rb_tree_node<TileGroup> >::new_allocator()
 .text._ZNSt8_Rb_treeI9TileGroupS0_St9_IdentityIS0_ESt4lessIS0_ESaIS0_EE8_S_rightEPSt18_Rb_tree_node_base
                0x00000000100073b8       0x28 obj/default/updater.o
                0x00000000100073b8                std::_Rb_tree<TileGroup, TileGroup, std::_Identity<TileGroup>, std::less<TileGroup>, std::allocator<TileGroup> >::_S_right(std::_Rb_tree_node_base*)
 .text._ZNSt8_Rb_treeI9TileGroupS0_St9_IdentityIS0_ESt4lessIS0_ESaIS0_EE7_S_leftEPSt18_Rb_tree_node_base
                0x00000000100073e0       0x28 obj/default/updater.o
                0x00000000100073e0                std::_Rb_tree<TileGroup, TileGroup, std::_Identity<TileGroup>, std::less<TileGroup>, std::allocator<TileGroup> >::_S_left(std::_Rb_tree_node_base*)
 .text._ZNSt8_Rb_treeI9TileGroupS0_St9_IdentityIS0_ESt4lessIS0_ESaIS0_EE12_M_drop_nodeEPSt13_Rb_tree_nodeIS0_E
                0x0000000010007408       0x48 obj/default/updater.o
                0x0000000010007408                std::_Rb_tree<TileGroup, TileGroup, std::_Identity<TileGroup>, std::less<TileGroup>, std::allocator<TileGroup> >::_M_drop_node(std::_Rb_tree_node<TileGroup>*)
 .text._ZNSt4pairIPSt18_Rb_tree_node_baseS1_EC2IRPSt13_Rb_tree_nodeI9TileGroupERS1_Lb1EEEOT_OT0_
                0x0000000010007450       0x5c obj/default/updater.o
                0x0000000010007450                std::pair<std::_Rb_tree_node_base*, std::_Rb_tree_node_base*>::pair<std::_Rb_tree_node<TileGroup>*&, std::_Rb_tree_node_base*&, true>(std::_Rb_tree_node<TileGroup>*&, std::_Rb_tree_node_base*&)
                0x0000000010007450                std::pair<std::_Rb_tree_node_base*, std::_Rb_tree_node_base*>::pair<std::_Rb_tree_node<TileGroup>*&, std::_Rb_tree_node_base*&, true>(std::_Rb_tree_node<TileGroup>*&, std::_Rb_tree_node_base*&)
 .text._ZSt7forwardIRPSt13_Rb_tree_nodeI9TileGroupEEOT_RNSt16remove_referenceIS5_E4typeE
                0x00000000100074ac       0x24 obj/default/updater.o
                0x00000000100074ac                std::_Rb_tree_node<TileGroup>*& std::forward<std::_Rb_tree_node<TileGroup>*&>(std::remove_reference<std::_Rb_tree_node<TileGroup>*&>::type&)
 .text._ZNSt4pairIPSt18_Rb_tree_node_baseS1_EC2IRS1_Lb1EEEOT_RKS1_
                0x00000000100074d0       0x58 obj/default/updater.o
                0x00000000100074d0                std::pair<std::_Rb_tree_node_base*, std::_Rb_tree_node_base*>::pair<std::_Rb_tree_node_base*&, true>(std::_Rb_tree_node_base*&, std::_Rb_tree_node_base* const&)
                0x00000000100074d0                std::pair<std::_Rb_tree_node_base*, std::_Rb_tree_node_base*>::pair<std::_Rb_tree_node_base*&, true>(std::_Rb_tree_node_base*&, std::_Rb_tree_node_base* const&)
 .text._ZSt7forwardIRPSt18_Rb_tree_node_baseEOT_RNSt16remove_referenceIS3_E4typeE
                0x0000000010007528       0x24 obj/default/updater.o
                0x0000000010007528                std::_Rb_tree_node_base*& std::forward<std::_Rb_tree_node_base*&>(std::remove_reference<std::_Rb_tree_node_base*&>::type&)
 .text._ZNSt8_Rb_treeI9TileGroupS0_St9_IdentityIS0_ESt4lessIS0_ESaIS0_EE24_M_get_insert_unique_posERKS0_
                0x000000001000754c      0x1b4 obj/default/updater.o
                0x000000001000754c                std::_Rb_tree<TileGroup, TileGroup, std::_Identity<TileGroup>, std::less<TileGroup>, std::allocator<TileGroup> >::_M_get_insert_unique_pos(TileGroup const&)
 .text._ZNKSt9_IdentityI9TileGroupEclERKS0_
                0x0000000010007700       0x28 obj/default/updater.o
                0x0000000010007700                std::_Identity<TileGroup>::operator()(TileGroup const&) const
 .text._ZNSt8_Rb_treeI9TileGroupS0_St9_IdentityIS0_ESt4lessIS0_ESaIS0_EE11_Alloc_nodeC2ERS6_
                0x0000000010007728       0x34 obj/default/updater.o
                0x0000000010007728                std::_Rb_tree<TileGroup, TileGroup, std::_Identity<TileGroup>, std::less<TileGroup>, std::allocator<TileGroup> >::_Alloc_node::_Alloc_node(std::_Rb_tree<TileGroup, TileGroup, std::_Identity<TileGroup>, std::less<TileGroup>, std::allocator<TileGroup> >&)
                0x0000000010007728                std::_Rb_tree<TileGroup, TileGroup, std::_Identity<TileGroup>, std::less<TileGroup>, std::allocator<TileGroup> >::_Alloc_node::_Alloc_node(std::_Rb_tree<TileGroup, TileGroup, std::_Identity<TileGroup>, std::less<TileGroup>, std::allocator<TileGroup> >&)
 .text._ZNSt8_Rb_treeI9TileGroupS0_St9_IdentityIS0_ESt4lessIS0_ESaIS0_EE10_M_insert_IRKS0_NS6_11_Alloc_nodeEEESt17_Rb_tree_iteratorIS0_EPSt18_Rb_tree_node_baseSE_OT_RT0_
                0x000000001000775c      0x108 obj/default/updater.o
                0x000000001000775c                std::_Rb_tree_iterator<TileGroup> std::_Rb_tree<TileGroup, TileGroup, std::_Identity<TileGroup>, std::less<TileGroup>, std::allocator<TileGroup> >::_M_insert_<TileGroup const&, std::_Rb_tree<TileGroup, TileGroup, std::_Identity<TileGroup>, std::less<TileGroup>, std::allocator<TileGroup> >::_Alloc_node>(std::_Rb_tree_node_base*, std::_Rb_tree_node_base*, TileGroup const&, std::_Rb_tree<TileGroup, TileGroup, std::_Identity<TileGroup>, std::less<TileGroup>, std::allocator<TileGroup> >::_Alloc_node&)
 .text._ZSt7forwardISt17_Rb_tree_iteratorI9TileGroupEEOT_RNSt16remove_referenceIS3_E4typeE
                0x0000000010007864       0x24 obj/default/updater.o
                0x0000000010007864                std::_Rb_tree_iterator<TileGroup>&& std::forward<std::_Rb_tree_iterator<TileGroup> >(std::remove_reference<std::_Rb_tree_iterator<TileGroup> >::type&)
 .text._ZNSt4pairISt17_Rb_tree_iteratorI9TileGroupEbEC2IS2_bLb1EEEOT_OT0_
                0x0000000010007888       0x60 obj/default/updater.o
                0x0000000010007888                std::pair<std::_Rb_tree_iterator<TileGroup>, bool>::pair<std::_Rb_tree_iterator<TileGroup>, bool, true>(std::_Rb_tree_iterator<TileGroup>&&, bool&&)
                0x0000000010007888                std::pair<std::_Rb_tree_iterator<TileGroup>, bool>::pair<std::_Rb_tree_iterator<TileGroup>, bool, true>(std::_Rb_tree_iterator<TileGroup>&&, bool&&)
 .text._ZNSt17_Rb_tree_iteratorI9TileGroupEC2EPSt18_Rb_tree_node_base
                0x00000000100078e8       0x34 obj/default/updater.o
                0x00000000100078e8                std::_Rb_tree_iterator<TileGroup>::_Rb_tree_iterator(std::_Rb_tree_node_base*)
                0x00000000100078e8                std::_Rb_tree_iterator<TileGroup>::_Rb_tree_iterator(std::_Rb_tree_node_base*)
 .text._ZSt7forwardIRbEOT_RNSt16remove_referenceIS1_E4typeE
                0x000000001000791c       0x24 obj/default/updater.o
                0x000000001000791c                bool& std::forward<bool&>(std::remove_reference<bool&>::type&)
 .text._ZNSt23_Rb_tree_const_iteratorI9TileGroupEC2ERKSt17_Rb_tree_iteratorIS0_E
                0x0000000010007940       0x38 obj/default/updater.o
                0x0000000010007940                std::_Rb_tree_const_iterator<TileGroup>::_Rb_tree_const_iterator(std::_Rb_tree_iterator<TileGroup> const&)
                0x0000000010007940                std::_Rb_tree_const_iterator<TileGroup>::_Rb_tree_const_iterator(std::_Rb_tree_iterator<TileGroup> const&)
 .text._ZNSt23_Rb_tree_const_iteratorI9TileGroupEC2EPKSt18_Rb_tree_node_base
                0x0000000010007978       0x34 obj/default/updater.o
                0x0000000010007978                std::_Rb_tree_const_iterator<TileGroup>::_Rb_tree_const_iterator(std::_Rb_tree_node_base const*)
                0x0000000010007978                std::_Rb_tree_const_iterator<TileGroup>::_Rb_tree_const_iterator(std::_Rb_tree_node_base const*)
 .text._ZNK9__gnu_cxx16__aligned_membufI9TileGroupE6_M_ptrEv
                0x00000000100079ac       0x30 obj/default/updater.o
                0x00000000100079ac                __gnu_cxx::__aligned_membuf<TileGroup>::_M_ptr() const
 .text._ZNSt8_Rb_treeI9TileGroupS0_St9_IdentityIS0_ESt4lessIS0_ESaIS0_EE11equal_rangeERKS0_
                0x00000000100079dc      0x1a0 obj/default/updater.o
                0x00000000100079dc                std::_Rb_tree<TileGroup, TileGroup, std::_Identity<TileGroup>, std::less<TileGroup>, std::allocator<TileGroup> >::equal_range(TileGroup const&)
 .text._ZNKSt8_Rb_treeI9TileGroupS0_St9_IdentityIS0_ESt4lessIS0_ESaIS0_EE4sizeEv
                0x0000000010007b7c       0x28 obj/default/updater.o
                0x0000000010007b7c                std::_Rb_tree<TileGroup, TileGroup, std::_Identity<TileGroup>, std::less<TileGroup>, std::allocator<TileGroup> >::size() const
 .text._ZNSt8_Rb_treeI9TileGroupS0_St9_IdentityIS0_ESt4lessIS0_ESaIS0_EE12_M_erase_auxESt23_Rb_tree_const_iteratorIS0_ES8_
                0x0000000010007ba4      0x108 obj/default/updater.o
                0x0000000010007ba4                std::_Rb_tree<TileGroup, TileGroup, std::_Identity<TileGroup>, std::less<TileGroup>, std::allocator<TileGroup> >::_M_erase_aux(std::_Rb_tree_const_iterator<TileGroup>, std::_Rb_tree_const_iterator<TileGroup>)
 .text._ZNSt8_Rb_treeI9TileGroupS0_St9_IdentityIS0_ESt4lessIS0_ESaIS0_EE15_M_destroy_nodeEPSt13_Rb_tree_nodeIS0_E
                0x0000000010007cac       0x8c obj/default/updater.o
                0x0000000010007cac                std::_Rb_tree<TileGroup, TileGroup, std::_Identity<TileGroup>, std::less<TileGroup>, std::allocator<TileGroup> >::_M_destroy_node(std::_Rb_tree_node<TileGroup>*)
 .text._ZNSt8_Rb_treeI9TileGroupS0_St9_IdentityIS0_ESt4lessIS0_ESaIS0_EE11_M_put_nodeEPSt13_Rb_tree_nodeIS0_E
                0x0000000010007d38       0x7c obj/default/updater.o
                0x0000000010007d38                std::_Rb_tree<TileGroup, TileGroup, std::_Identity<TileGroup>, std::less<TileGroup>, std::allocator<TileGroup> >::_M_put_node(std::_Rb_tree_node<TileGroup>*)
 .text._ZNSt8_Rb_treeI9TileGroupS0_St9_IdentityIS0_ESt4lessIS0_ESaIS0_EE6_M_endEv
                0x0000000010007db4       0x28 obj/default/updater.o
                0x0000000010007db4                std::_Rb_tree<TileGroup, TileGroup, std::_Identity<TileGroup>, std::less<TileGroup>, std::allocator<TileGroup> >::_M_end()
 .text._ZNSt8_Rb_treeI9TileGroupS0_St9_IdentityIS0_ESt4lessIS0_ESaIS0_EE6_S_keyEPKSt13_Rb_tree_nodeIS0_E
                0x0000000010007ddc       0x48 obj/default/updater.o
                0x0000000010007ddc                std::_Rb_tree<TileGroup, TileGroup, std::_Identity<TileGroup>, std::less<TileGroup>, std::allocator<TileGroup> >::_S_key(std::_Rb_tree_node<TileGroup> const*)
 .text._ZNKSt4lessI9TileGroupEclERKS0_S3_
                0x0000000010007e24       0x3c obj/default/updater.o
                0x0000000010007e24                std::less<TileGroup>::operator()(TileGroup const&, TileGroup const&) const
 .text._ZNSt8_Rb_treeI9TileGroupS0_St9_IdentityIS0_ESt4lessIS0_ESaIS0_EE5beginEv
                0x0000000010007e60       0x44 obj/default/updater.o
                0x0000000010007e60                std::_Rb_tree<TileGroup, TileGroup, std::_Identity<TileGroup>, std::less<TileGroup>, std::allocator<TileGroup> >::begin()
 .text._ZNKSt17_Rb_tree_iteratorI9TileGroupEeqERKS1_
                0x0000000010007ea4       0x38 obj/default/updater.o
                0x0000000010007ea4                std::_Rb_tree_iterator<TileGroup>::operator==(std::_Rb_tree_iterator<TileGroup> const&) const
 .text._ZNSt17_Rb_tree_iteratorI9TileGroupEmmEv
                0x0000000010007edc       0x48 obj/default/updater.o
                0x0000000010007edc                std::_Rb_tree_iterator<TileGroup>::operator--()
 .text._ZNSt8_Rb_treeI9TileGroupS0_St9_IdentityIS0_ESt4lessIS0_ESaIS0_EE6_S_keyEPKSt18_Rb_tree_node_base
                0x0000000010007f24       0x48 obj/default/updater.o
                0x0000000010007f24                std::_Rb_tree<TileGroup, TileGroup, std::_Identity<TileGroup>, std::less<TileGroup>, std::allocator<TileGroup> >::_S_key(std::_Rb_tree_node_base const*)
 .text._ZNKSt8_Rb_treeI9TileGroupS0_St9_IdentityIS0_ESt4lessIS0_ESaIS0_EE11_Alloc_nodeclIRKS0_EEPSt13_Rb_tree_nodeIS0_EOT_
                0x0000000010007f6c       0x50 obj/default/updater.o
                0x0000000010007f6c                std::_Rb_tree_node<TileGroup>* std::_Rb_tree<TileGroup, TileGroup, std::_Identity<TileGroup>, std::less<TileGroup>, std::allocator<TileGroup> >::_Alloc_node::operator()<TileGroup const&>(TileGroup const&) const
 .text._ZSt7forwardIbEOT_RNSt16remove_referenceIS0_E4typeE
                0x0000000010007fbc       0x24 obj/default/updater.o
                0x0000000010007fbc                bool&& std::forward<bool>(std::remove_reference<bool>::type&)
 .text._ZNK9__gnu_cxx16__aligned_membufI9TileGroupE7_M_addrEv
                0x0000000010007fe0       0x24 obj/default/updater.o
                0x0000000010007fe0                __gnu_cxx::__aligned_membuf<TileGroup>::_M_addr() const
 .text._ZNSt8_Rb_treeI9TileGroupS0_St9_IdentityIS0_ESt4lessIS0_ESaIS0_EE14_M_lower_boundEPSt13_Rb_tree_nodeIS0_EPSt18_Rb_tree_node_baseRKS0_
                0x0000000010008004       0xa8 obj/default/updater.o
                0x0000000010008004                std::_Rb_tree<TileGroup, TileGroup, std::_Identity<TileGroup>, std::less<TileGroup>, std::allocator<TileGroup> >::_M_lower_bound(std::_Rb_tree_node<TileGroup>*, std::_Rb_tree_node_base*, TileGroup const&)
 .text._ZNSt8_Rb_treeI9TileGroupS0_St9_IdentityIS0_ESt4lessIS0_ESaIS0_EE14_M_upper_boundEPSt13_Rb_tree_nodeIS0_EPSt18_Rb_tree_node_baseRKS0_
                0x00000000100080ac       0xa4 obj/default/updater.o
                0x00000000100080ac                std::_Rb_tree<TileGroup, TileGroup, std::_Identity<TileGroup>, std::less<TileGroup>, std::allocator<TileGroup> >::_M_upper_bound(std::_Rb_tree_node<TileGroup>*, std::_Rb_tree_node_base*, TileGroup const&)
 .text._ZNSt4pairISt17_Rb_tree_iteratorI9TileGroupES2_EC2IS2_S2_Lb1EEEOT_OT0_
                0x0000000010008150       0x64 obj/default/updater.o
                0x0000000010008150                std::pair<std::_Rb_tree_iterator<TileGroup>, std::_Rb_tree_iterator<TileGroup> >::pair<std::_Rb_tree_iterator<TileGroup>, std::_Rb_tree_iterator<TileGroup>, true>(std::_Rb_tree_iterator<TileGroup>&&, std::_Rb_tree_iterator<TileGroup>&&)
                0x0000000010008150                std::pair<std::_Rb_tree_iterator<TileGroup>, std::_Rb_tree_iterator<TileGroup> >::pair<std::_Rb_tree_iterator<TileGroup>, std::_Rb_tree_iterator<TileGroup>, true>(std::_Rb_tree_iterator<TileGroup>&&, std::_Rb_tree_iterator<TileGroup>&&)
 .text._ZNKSt23_Rb_tree_const_iteratorI9TileGroupEeqERKS1_
                0x00000000100081b4       0x38 obj/default/updater.o
                0x00000000100081b4                std::_Rb_tree_const_iterator<TileGroup>::operator==(std::_Rb_tree_const_iterator<TileGroup> const&) const
 .text._ZNSt8_Rb_treeI9TileGroupS0_St9_IdentityIS0_ESt4lessIS0_ESaIS0_EE3endEv
                0x00000000100081ec       0x44 obj/default/updater.o
                0x00000000100081ec                std::_Rb_tree<TileGroup, TileGroup, std::_Identity<TileGroup>, std::less<TileGroup>, std::allocator<TileGroup> >::end()
 .text._ZNSt23_Rb_tree_const_iteratorI9TileGroupEppEi
                0x0000000010008230       0x58 obj/default/updater.o
                0x0000000010008230                std::_Rb_tree_const_iterator<TileGroup>::operator++(int)
 .text._ZNSt8_Rb_treeI9TileGroupS0_St9_IdentityIS0_ESt4lessIS0_ESaIS0_EE12_M_erase_auxESt23_Rb_tree_const_iteratorIS0_E
                0x0000000010008288       0x6c obj/default/updater.o
                0x0000000010008288                std::_Rb_tree<TileGroup, TileGroup, std::_Identity<TileGroup>, std::less<TileGroup>, std::allocator<TileGroup> >::_M_erase_aux(std::_Rb_tree_const_iterator<TileGroup>)
 .text._ZNSt8_Rb_treeI9TileGroupS0_St9_IdentityIS0_ESt4lessIS0_ESaIS0_EE21_M_get_Node_allocatorEv
                0x00000000100082f4       0x24 obj/default/updater.o
                0x00000000100082f4                std::_Rb_tree<TileGroup, TileGroup, std::_Identity<TileGroup>, std::less<TileGroup>, std::allocator<TileGroup> >::_M_get_Node_allocator()
 .text._ZNSt13_Rb_tree_nodeI9TileGroupE9_M_valptrEv
                0x0000000010008318       0x38 obj/default/updater.o
                0x0000000010008318                std::_Rb_tree_node<TileGroup>::_M_valptr()
 .text._ZNSt16allocator_traitsISaISt13_Rb_tree_nodeI9TileGroupEEE7destroyIS1_EEvRS3_PT_
                0x0000000010008350       0x3c obj/default/updater.o
                0x0000000010008350                void std::allocator_traits<std::allocator<std::_Rb_tree_node<TileGroup> > >::destroy<TileGroup>(std::allocator<std::_Rb_tree_node<TileGroup> >&, TileGroup*)
 .text._ZNSt16allocator_traitsISaISt13_Rb_tree_nodeI9TileGroupEEE10deallocateERS3_PS2_j
                0x000000001000838c       0x44 obj/default/updater.o
                0x000000001000838c                std::allocator_traits<std::allocator<std::_Rb_tree_node<TileGroup> > >::deallocate(std::allocator<std::_Rb_tree_node<TileGroup> >&, std::_Rb_tree_node<TileGroup>*, unsigned int)
 .text._ZNSt8_Rb_treeI9TileGroupS0_St9_IdentityIS0_ESt4lessIS0_ESaIS0_EE8_S_valueEPKSt13_Rb_tree_nodeIS0_E
                0x00000000100083d0       0x30 obj/default/updater.o
                0x00000000100083d0                std::_Rb_tree<TileGroup, TileGroup, std::_Identity<TileGroup>, std::less<TileGroup>, std::allocator<TileGroup> >::_S_value(std::_Rb_tree_node<TileGroup> const*)
 .text._ZNSt8_Rb_treeI9TileGroupS0_St9_IdentityIS0_ESt4lessIS0_ESaIS0_EE8_S_valueEPKSt18_Rb_tree_node_base
                0x0000000010008400       0x30 obj/default/updater.o
                0x0000000010008400                std::_Rb_tree<TileGroup, TileGroup, std::_Identity<TileGroup>, std::less<TileGroup>, std::allocator<TileGroup> >::_S_value(std::_Rb_tree_node_base const*)
 .text._ZNSt8_Rb_treeI9TileGroupS0_St9_IdentityIS0_ESt4lessIS0_ESaIS0_EE14_M_create_nodeIJRKS0_EEEPSt13_Rb_tree_nodeIS0_EDpOT_
                0x0000000010008430       0x54 obj/default/updater.o
                0x0000000010008430                std::_Rb_tree_node<TileGroup>* std::_Rb_tree<TileGroup, TileGroup, std::_Identity<TileGroup>, std::less<TileGroup>, std::allocator<TileGroup> >::_M_create_node<TileGroup const&>(TileGroup const&)
 .text._ZN9__gnu_cxx16__aligned_membufI9TileGroupE6_M_ptrEv
                0x0000000010008484       0x30 obj/default/updater.o
                0x0000000010008484                __gnu_cxx::__aligned_membuf<TileGroup>::_M_ptr()
 .text._ZN9__gnu_cxx13new_allocatorISt13_Rb_tree_nodeI9TileGroupEE7destroyIS2_EEvPT_
                0x00000000100084b4       0x28 obj/default/updater.o
                0x00000000100084b4                void __gnu_cxx::new_allocator<std::_Rb_tree_node<TileGroup> >::destroy<TileGroup>(TileGroup*)
 .text._ZN9__gnu_cxx13new_allocatorISt13_Rb_tree_nodeI9TileGroupEE10deallocateEPS3_j
                0x00000000100084dc       0x3c obj/default/updater.o
                0x00000000100084dc                __gnu_cxx::new_allocator<std::_Rb_tree_node<TileGroup> >::deallocate(std::_Rb_tree_node<TileGroup>*, unsigned int)
 .text._ZNSt8_Rb_treeI9TileGroupS0_St9_IdentityIS0_ESt4lessIS0_ESaIS0_EE11_M_get_nodeEv
                0x0000000010008518       0x3c obj/default/updater.o
                0x0000000010008518                std::_Rb_tree<TileGroup, TileGroup, std::_Identity<TileGroup>, std::less<TileGroup>, std::allocator<TileGroup> >::_M_get_node()
 .text._ZNSt8_Rb_treeI9TileGroupS0_St9_IdentityIS0_ESt4lessIS0_ESaIS0_EE17_M_construct_nodeIJRKS0_EEEvPSt13_Rb_tree_nodeIS0_EDpOT_
                0x0000000010008554      0x16c obj/default/updater.o
                0x0000000010008554                void std::_Rb_tree<TileGroup, TileGroup, std::_Identity<TileGroup>, std::less<TileGroup>, std::allocator<TileGroup> >::_M_construct_node<TileGroup const&>(std::_Rb_tree_node<TileGroup>*, TileGroup const&)
 .text._ZN9__gnu_cxx16__aligned_membufI9TileGroupE7_M_addrEv
                0x00000000100086c0       0x24 obj/default/updater.o
                0x00000000100086c0                __gnu_cxx::__aligned_membuf<TileGroup>::_M_addr()
 .text._ZNSt16allocator_traitsISaISt13_Rb_tree_nodeI9TileGroupEEE8allocateERS3_j
                0x00000000100086e4       0x3c obj/default/updater.o
                0x00000000100086e4                std::allocator_traits<std::allocator<std::_Rb_tree_node<TileGroup> > >::allocate(std::allocator<std::_Rb_tree_node<TileGroup> >&, unsigned int)
 .text._ZNSt16allocator_traitsISaISt13_Rb_tree_nodeI9TileGroupEEE9constructIS1_JRKS1_EEEvRS3_PT_DpOT0_
                0x0000000010008720       0x4c obj/default/updater.o
                0x0000000010008720                void std::allocator_traits<std::allocator<std::_Rb_tree_node<TileGroup> > >::construct<TileGroup, TileGroup const&>(std::allocator<std::_Rb_tree_node<TileGroup> >&, TileGroup*, TileGroup const&)
 .text._ZN9__gnu_cxx13new_allocatorISt13_Rb_tree_nodeI9TileGroupEE8allocateEjPKv
                0x000000001000876c       0x60 obj/default/updater.o
                0x000000001000876c                __gnu_cxx::new_allocator<std::_Rb_tree_node<TileGroup> >::allocate(unsigned int, void const*)
 .text._ZN9__gnu_cxx13new_allocatorISt13_Rb_tree_nodeI9TileGroupEE9constructIS2_JRKS2_EEEvPT_DpOT0_
                0x00000000100087cc       0x68 obj/default/updater.o
                0x00000000100087cc                void __gnu_cxx::new_allocator<std::_Rb_tree_node<TileGroup> >::construct<TileGroup, TileGroup const&>(TileGroup*, TileGroup const&)
 .text._ZNK9__gnu_cxx13new_allocatorISt13_Rb_tree_nodeI9TileGroupEE8max_sizeEv
                0x0000000010008834       0x28 obj/default/updater.o
                0x0000000010008834                __gnu_cxx::new_allocator<std::_Rb_tree_node<TileGroup> >::max_size() const
 .text._ZNSt3setI9TileGroupSt4lessIS0_ESaIS0_EED2Ev
                0x000000001000885c       0x38 obj/default/updater.o
                0x000000001000885c                std::set<TileGroup, std::less<TileGroup>, std::allocator<TileGroup> >::~set()
                0x000000001000885c                std::set<TileGroup, std::less<TileGroup>, std::allocator<TileGroup> >::~set()
 .text          0x0000000010008894        0x0 c:/intelfpga_lite/19.1/nios2eds/bin/gnu/h-x86_64-mingw32/bin/../lib/gcc/nios2-elf/8.3.1/../../../../../H-x86_64-mingw32/nios2-elf/lib\libstdc++.a(new_op.o)
 .text._Znwj    0x0000000010008894       0x70 c:/intelfpga_lite/19.1/nios2eds/bin/gnu/h-x86_64-mingw32/bin/../lib/gcc/nios2-elf/8.3.1/../../../../../H-x86_64-mingw32/nios2-elf/lib\libstdc++.a(new_op.o)
                0x0000000010008894                operator new(unsigned int)
 .text          0x0000000010008904        0x0 c:/intelfpga_lite/19.1/nios2eds/bin/gnu/h-x86_64-mingw32/bin/../lib/gcc/nios2-elf/8.3.1/../../../../../H-x86_64-mingw32/nios2-elf/lib\libstdc++.a(new_handler.o)
 .text._ZSt15set_new_handlerPFvvE
                0x0000000010008904       0x14 c:/intelfpga_lite/19.1/nios2eds/bin/gnu/h-x86_64-mingw32/bin/../lib/gcc/nios2-elf/8.3.1/../../../../../H-x86_64-mingw32/nios2-elf/lib\libstdc++.a(new_handler.o)
                0x0000000010008904                std::set_new_handler(void (*)())
 .text._ZSt15get_new_handlerv
                0x0000000010008918        0xc c:/intelfpga_lite/19.1/nios2eds/bin/gnu/h-x86_64-mingw32/bin/../lib/gcc/nios2-elf/8.3.1/../../../../../H-x86_64-mingw32/nios2-elf/lib\libstdc++.a(new_handler.o)
                0x0000000010008918                std::get_new_handler()
 .text          0x0000000010008924        0x0 c:/intelfpga_lite/19.1/nios2eds/bin/gnu/h-x86_64-mingw32/bin/../lib/gcc/nios2-elf/8.3.1/../../../../../H-x86_64-mingw32/nios2-elf/lib\libstdc++.a(eh_catch.o)
 .text.__cxa_get_exception_ptr
                0x0000000010008924        0x8 c:/intelfpga_lite/19.1/nios2eds/bin/gnu/h-x86_64-mingw32/bin/../lib/gcc/nios2-elf/8.3.1/../../../../../H-x86_64-mingw32/nios2-elf/lib\libstdc++.a(eh_catch.o)
                0x0000000010008924                __cxa_get_exception_ptr
 .text.__cxa_begin_catch
                0x000000001000892c       0xac c:/intelfpga_lite/19.1/nios2eds/bin/gnu/h-x86_64-mingw32/bin/../lib/gcc/nios2-elf/8.3.1/../../../../../H-x86_64-mingw32/nios2-elf/lib\libstdc++.a(eh_catch.o)
                0x000000001000892c                __cxa_begin_catch
 .text.__cxa_end_catch
                0x00000000100089d8       0xb0 c:/intelfpga_lite/19.1/nios2eds/bin/gnu/h-x86_64-mingw32/bin/../lib/gcc/nios2-elf/8.3.1/../../../../../H-x86_64-mingw32/nios2-elf/lib\libstdc++.a(eh_catch.o)
                0x00000000100089d8                __cxa_end_catch
 .text._ZSt18uncaught_exceptionv
                0x0000000010008a88       0x20 c:/intelfpga_lite/19.1/nios2eds/bin/gnu/h-x86_64-mingw32/bin/../lib/gcc/nios2-elf/8.3.1/../../../../../H-x86_64-mingw32/nios2-elf/lib\libstdc++.a(eh_catch.o)
                0x0000000010008a88                std::uncaught_exception()
 .text._ZSt19uncaught_exceptionsv
                0x0000000010008aa8       0x1c c:/intelfpga_lite/19.1/nios2eds/bin/gnu/h-x86_64-mingw32/bin/../lib/gcc/nios2-elf/8.3.1/../../../../../H-x86_64-mingw32/nios2-elf/lib\libstdc++.a(eh_catch.o)
                0x0000000010008aa8                std::uncaught_exceptions()
 .text          0x0000000010008ac4        0x0 c:/intelfpga_lite/19.1/nios2eds/bin/gnu/h-x86_64-mingw32/bin/../lib/gcc/nios2-elf/8.3.1/../../../../../H-x86_64-mingw32/nios2-elf/lib\libstdc++.a(eh_terminate.o)
 .text._ZN10__cxxabiv111__terminateEPFvvE
                0x0000000010008ac4       0xc8 c:/intelfpga_lite/19.1/nios2eds/bin/gnu/h-x86_64-mingw32/bin/../lib/gcc/nios2-elf/8.3.1/../../../../../H-x86_64-mingw32/nios2-elf/lib\libstdc++.a(eh_terminate.o)
                0x0000000010008ac4                __cxxabiv1::__terminate(void (*)())
 .text._ZSt9terminatev
                0x0000000010008b8c       0x14 c:/intelfpga_lite/19.1/nios2eds/bin/gnu/h-x86_64-mingw32/bin/../lib/gcc/nios2-elf/8.3.1/../../../../../H-x86_64-mingw32/nios2-elf/lib\libstdc++.a(eh_terminate.o)
                0x0000000010008b8c                std::terminate()
 .text._ZN10__cxxabiv112__unexpectedEPFvvE
                0x0000000010008ba0       0x10 c:/intelfpga_lite/19.1/nios2eds/bin/gnu/h-x86_64-mingw32/bin/../lib/gcc/nios2-elf/8.3.1/../../../../../H-x86_64-mingw32/nios2-elf/lib\libstdc++.a(eh_terminate.o)
                0x0000000010008ba0                __cxxabiv1::__unexpected(void (*)())
 .text._ZSt10unexpectedv
                0x0000000010008bb0       0x14 c:/intelfpga_lite/19.1/nios2eds/bin/gnu/h-x86_64-mingw32/bin/../lib/gcc/nios2-elf/8.3.1/../../../../../H-x86_64-mingw32/nios2-elf/lib\libstdc++.a(eh_terminate.o)
                0x0000000010008bb0                std::unexpected()
 .text._ZSt13set_terminatePFvvE
                0x0000000010008bc4       0x14 c:/intelfpga_lite/19.1/nios2eds/bin/gnu/h-x86_64-mingw32/bin/../lib/gcc/nios2-elf/8.3.1/../../../../../H-x86_64-mingw32/nios2-elf/lib\libstdc++.a(eh_terminate.o)
                0x0000000010008bc4                std::set_terminate(void (*)())
 .text._ZSt13get_terminatev
                0x0000000010008bd8        0xc c:/intelfpga_lite/19.1/nios2eds/bin/gnu/h-x86_64-mingw32/bin/../lib/gcc/nios2-elf/8.3.1/../../../../../H-x86_64-mingw32/nios2-elf/lib\libstdc++.a(eh_terminate.o)
                0x0000000010008bd8                std::get_terminate()
 .text._ZSt14set_unexpectedPFvvE
                0x0000000010008be4       0x14 c:/intelfpga_lite/19.1/nios2eds/bin/gnu/h-x86_64-mingw32/bin/../lib/gcc/nios2-elf/8.3.1/../../../../../H-x86_64-mingw32/nios2-elf/lib\libstdc++.a(eh_terminate.o)
                0x0000000010008be4                std::set_unexpected(void (*)())
 .text._ZSt14get_unexpectedv
                0x0000000010008bf8        0xc c:/intelfpga_lite/19.1/nios2eds/bin/gnu/h-x86_64-mingw32/bin/../lib/gcc/nios2-elf/8.3.1/../../../../../H-x86_64-mingw32/nios2-elf/lib\libstdc++.a(eh_terminate.o)
                0x0000000010008bf8                std::get_unexpected()
 .text          0x0000000010008c04        0x0 c:/intelfpga_lite/19.1/nios2eds/bin/gnu/h-x86_64-mingw32/bin/../lib/gcc/nios2-elf/8.3.1/../../../../../H-x86_64-mingw32/nios2-elf/lib\libstdc++.a(eh_unex_handler.o)
 .text          0x0000000010008c04        0x0 c:/intelfpga_lite/19.1/nios2eds/bin/gnu/h-x86_64-mingw32/bin/../lib/gcc/nios2-elf/8.3.1/../../../../../H-x86_64-mingw32/nios2-elf/lib\libstdc++.a(eh_throw.o)
 .text._ZL23__gxx_exception_cleanup19_Unwind_Reason_CodeP17_Unwind_Exception
                0x0000000010008c04       0x68 c:/intelfpga_lite/19.1/nios2eds/bin/gnu/h-x86_64-mingw32/bin/../lib/gcc/nios2-elf/8.3.1/../../../../../H-x86_64-mingw32/nios2-elf/lib\libstdc++.a(eh_throw.o)
 .text.__cxa_init_primary_exception
                0x0000000010008c6c       0x64 c:/intelfpga_lite/19.1/nios2eds/bin/gnu/h-x86_64-mingw32/bin/../lib/gcc/nios2-elf/8.3.1/../../../../../H-x86_64-mingw32/nios2-elf/lib\libstdc++.a(eh_throw.o)
                0x0000000010008c6c                __cxa_init_primary_exception
 .text.__cxa_throw
                0x0000000010008cd0       0x94 c:/intelfpga_lite/19.1/nios2eds/bin/gnu/h-x86_64-mingw32/bin/../lib/gcc/nios2-elf/8.3.1/../../../../../H-x86_64-mingw32/nios2-elf/lib\libstdc++.a(eh_throw.o)
                0x0000000010008cd0                __cxa_throw
 .text.__cxa_rethrow
                0x0000000010008d64       0x84 c:/intelfpga_lite/19.1/nios2eds/bin/gnu/h-x86_64-mingw32/bin/../lib/gcc/nios2-elf/8.3.1/../../../../../H-x86_64-mingw32/nios2-elf/lib\libstdc++.a(eh_throw.o)
                0x0000000010008d64                __cxa_rethrow
 .text          0x0000000010008de8        0x0 c:/intelfpga_lite/19.1/nios2eds/bin/gnu/h-x86_64-mingw32/bin/../lib/gcc/nios2-elf/8.3.1/../../../../../H-x86_64-mingw32/nios2-elf/lib\libstdc++.a(del_op.o)
 .text._ZdlPv   0x0000000010008de8        0x4 c:/intelfpga_lite/19.1/nios2eds/bin/gnu/h-x86_64-mingw32/bin/../lib/gcc/nios2-elf/8.3.1/../../../../../H-x86_64-mingw32/nios2-elf/lib\libstdc++.a(del_op.o)
                0x0000000010008de8                operator delete(void*)
 .text          0x0000000010008dec        0x0 c:/intelfpga_lite/19.1/nios2eds/bin/gnu/h-x86_64-mingw32/bin/../lib/gcc/nios2-elf/8.3.1/../../../../../H-x86_64-mingw32/nios2-elf/lib\libstdc++.a(bad_alloc.o)
 .text._ZNKSt9bad_alloc4whatEv
                0x0000000010008dec        0xc c:/intelfpga_lite/19.1/nios2eds/bin/gnu/h-x86_64-mingw32/bin/../lib/gcc/nios2-elf/8.3.1/../../../../../H-x86_64-mingw32/nios2-elf/lib\libstdc++.a(bad_alloc.o)
                0x0000000010008dec                std::bad_alloc::what() const
 .text._ZNSt9bad_allocD2Ev
                0x0000000010008df8       0x10 c:/intelfpga_lite/19.1/nios2eds/bin/gnu/h-x86_64-mingw32/bin/../lib/gcc/nios2-elf/8.3.1/../../../../../H-x86_64-mingw32/nios2-elf/lib\libstdc++.a(bad_alloc.o)
                0x0000000010008df8                std::bad_alloc::~bad_alloc()
                0x0000000010008df8                std::bad_alloc::~bad_alloc()
 .text._ZNSt9bad_allocD0Ev
                0x0000000010008e08       0x38 c:/intelfpga_lite/19.1/nios2eds/bin/gnu/h-x86_64-mingw32/bin/../lib/gcc/nios2-elf/8.3.1/../../../../../H-x86_64-mingw32/nios2-elf/lib\libstdc++.a(bad_alloc.o)
                0x0000000010008e08                std::bad_alloc::~bad_alloc()
 .text          0x0000000010008e40        0x0 c:/intelfpga_lite/19.1/nios2eds/bin/gnu/h-x86_64-mingw32/bin/../lib/gcc/nios2-elf/8.3.1/../../../../../H-x86_64-mingw32/nios2-elf/lib\libstdc++.a(eh_personality.o)
 .text._ZL16get_adjusted_ptrPKSt9type_infoS1_PPv
                0x0000000010008e40       0x88 c:/intelfpga_lite/19.1/nios2eds/bin/gnu/h-x86_64-mingw32/bin/../lib/gcc/nios2-elf/8.3.1/../../../../../H-x86_64-mingw32/nios2-elf/lib\libstdc++.a(eh_personality.o)
 .text._ZL28read_encoded_value_with_basehjPKhPj
                0x0000000010008ec8      0x1e8 c:/intelfpga_lite/19.1/nios2eds/bin/gnu/h-x86_64-mingw32/bin/../lib/gcc/nios2-elf/8.3.1/../../../../../H-x86_64-mingw32/nios2-elf/lib\libstdc++.a(eh_personality.o)
 .text._ZL15get_ttype_entryP16lsda_header_infom
                0x00000000100090b0       0x94 c:/intelfpga_lite/19.1/nios2eds/bin/gnu/h-x86_64-mingw32/bin/../lib/gcc/nios2-elf/8.3.1/../../../../../H-x86_64-mingw32/nios2-elf/lib\libstdc++.a(eh_personality.o)
 .text._ZL20check_exception_specP16lsda_header_infoPKSt9type_infoPvl
                0x0000000010009144       0xa0 c:/intelfpga_lite/19.1/nios2eds/bin/gnu/h-x86_64-mingw32/bin/../lib/gcc/nios2-elf/8.3.1/../../../../../H-x86_64-mingw32/nios2-elf/lib\libstdc++.a(eh_personality.o)
 .text._ZL21base_of_encoded_valuehP15_Unwind_Context
                0x00000000100091e4       0x70 c:/intelfpga_lite/19.1/nios2eds/bin/gnu/h-x86_64-mingw32/bin/../lib/gcc/nios2-elf/8.3.1/../../../../../H-x86_64-mingw32/nios2-elf/lib\libstdc++.a(eh_personality.o)
 .text._ZL17parse_lsda_headerP15_Unwind_ContextPKhP16lsda_header_info
                0x0000000010009254      0x12c c:/intelfpga_lite/19.1/nios2eds/bin/gnu/h-x86_64-mingw32/bin/../lib/gcc/nios2-elf/8.3.1/../../../../../H-x86_64-mingw32/nios2-elf/lib\libstdc++.a(eh_personality.o)
 .text.__gxx_personality_sj0
                0x0000000010009380      0x624 c:/intelfpga_lite/19.1/nios2eds/bin/gnu/h-x86_64-mingw32/bin/../lib/gcc/nios2-elf/8.3.1/../../../../../H-x86_64-mingw32/nios2-elf/lib\libstdc++.a(eh_personality.o)
                0x0000000010009380                __gxx_personality_sj0
 .text.__cxa_call_unexpected
                0x00000000100099a4      0x180 c:/intelfpga_lite/19.1/nios2eds/bin/gnu/h-x86_64-mingw32/bin/../lib/gcc/nios2-elf/8.3.1/../../../../../H-x86_64-mingw32/nios2-elf/lib\libstdc++.a(eh_personality.o)
                0x00000000100099a4                __cxa_call_unexpected
 .text          0x0000000010009b24        0x0 c:/intelfpga_lite/19.1/nios2eds/bin/gnu/h-x86_64-mingw32/bin/../lib/gcc/nios2-elf/8.3.1/../../../../../H-x86_64-mingw32/nios2-elf/lib\libstdc++.a(eh_alloc.o)
 .text._ZN12_GLOBAL__N_14pool4freeEPv.constprop.4
                0x0000000010009b24       0xec c:/intelfpga_lite/19.1/nios2eds/bin/gnu/h-x86_64-mingw32/bin/../lib/gcc/nios2-elf/8.3.1/../../../../../H-x86_64-mingw32/nios2-elf/lib\libstdc++.a(eh_alloc.o)
 .text._ZN12_GLOBAL__N_14pool8allocateEj.constprop.5
                0x0000000010009c10       0xa8 c:/intelfpga_lite/19.1/nios2eds/bin/gnu/h-x86_64-mingw32/bin/../lib/gcc/nios2-elf/8.3.1/../../../../../H-x86_64-mingw32/nios2-elf/lib\libstdc++.a(eh_alloc.o)
 .text._ZN9__gnu_cxx9__freeresEv
                0x0000000010009cb8       0x30 c:/intelfpga_lite/19.1/nios2eds/bin/gnu/h-x86_64-mingw32/bin/../lib/gcc/nios2-elf/8.3.1/../../../../../H-x86_64-mingw32/nios2-elf/lib\libstdc++.a(eh_alloc.o)
                0x0000000010009cb8                __gnu_cxx::__freeres()
 .text.__cxa_allocate_exception
                0x0000000010009ce8       0x58 c:/intelfpga_lite/19.1/nios2eds/bin/gnu/h-x86_64-mingw32/bin/../lib/gcc/nios2-elf/8.3.1/../../../../../H-x86_64-mingw32/nios2-elf/lib\libstdc++.a(eh_alloc.o)
                0x0000000010009ce8                __cxa_allocate_exception
 .text.__cxa_free_exception
                0x0000000010009d40       0x28 c:/intelfpga_lite/19.1/nios2eds/bin/gnu/h-x86_64-mingw32/bin/../lib/gcc/nios2-elf/8.3.1/../../../../../H-x86_64-mingw32/nios2-elf/lib\libstdc++.a(eh_alloc.o)
                0x0000000010009d40                __cxa_free_exception
 .text.__cxa_allocate_dependent_exception
                0x0000000010009d68       0x48 c:/intelfpga_lite/19.1/nios2eds/bin/gnu/h-x86_64-mingw32/bin/../lib/gcc/nios2-elf/8.3.1/../../../../../H-x86_64-mingw32/nios2-elf/lib\libstdc++.a(eh_alloc.o)
                0x0000000010009d68                __cxa_allocate_dependent_exception
 .text.__cxa_free_dependent_exception
                0x0000000010009db0       0x2c c:/intelfpga_lite/19.1/nios2eds/bin/gnu/h-x86_64-mingw32/bin/../lib/gcc/nios2-elf/8.3.1/../../../../../H-x86_64-mingw32/nios2-elf/lib\libstdc++.a(eh_alloc.o)
                0x0000000010009db0                __cxa_free_dependent_exception
 .text.startup._GLOBAL__sub_I__ZN9__gnu_cxx9__freeresEv
                0x0000000010009ddc       0x64 c:/intelfpga_lite/19.1/nios2eds/bin/gnu/h-x86_64-mingw32/bin/../lib/gcc/nios2-elf/8.3.1/../../../../../H-x86_64-mingw32/nios2-elf/lib\libstdc++.a(eh_alloc.o)
 .text          0x0000000010009e40        0x0 c:/intelfpga_lite/19.1/nios2eds/bin/gnu/h-x86_64-mingw32/bin/../lib/gcc/nios2-elf/8.3.1/../../../../../H-x86_64-mingw32/nios2-elf/lib\libstdc++.a(tree.o)
 .text._ZStL23local_Rb_tree_decrementPSt18_Rb_tree_node_base
                0x0000000010009e40       0x64 c:/intelfpga_lite/19.1/nios2eds/bin/gnu/h-x86_64-mingw32/bin/../lib/gcc/nios2-elf/8.3.1/../../../../../H-x86_64-mingw32/nios2-elf/lib\libstdc++.a(tree.o)
 .text._ZSt18_Rb_tree_incrementPSt18_Rb_tree_node_base
                0x0000000010009ea4       0x60 c:/intelfpga_lite/19.1/nios2eds/bin/gnu/h-x86_64-mingw32/bin/../lib/gcc/nios2-elf/8.3.1/../../../../../H-x86_64-mingw32/nios2-elf/lib\libstdc++.a(tree.o)
                0x0000000010009ea4                std::_Rb_tree_increment(std::_Rb_tree_node_base*)
 .text._ZSt18_Rb_tree_incrementPKSt18_Rb_tree_node_base
                0x0000000010009f04        0x4 c:/intelfpga_lite/19.1/nios2eds/bin/gnu/h-x86_64-mingw32/bin/../lib/gcc/nios2-elf/8.3.1/../../../../../H-x86_64-mingw32/nios2-elf/lib\libstdc++.a(tree.o)
                0x0000000010009f04                std::_Rb_tree_increment(std::_Rb_tree_node_base const*)
 .text._ZSt18_Rb_tree_decrementPSt18_Rb_tree_node_base
                0x0000000010009f08        0x4 c:/intelfpga_lite/19.1/nios2eds/bin/gnu/h-x86_64-mingw32/bin/../lib/gcc/nios2-elf/8.3.1/../../../../../H-x86_64-mingw32/nios2-elf/lib\libstdc++.a(tree.o)
                0x0000000010009f08                std::_Rb_tree_decrement(std::_Rb_tree_node_base*)
 .text._ZSt18_Rb_tree_decrementPKSt18_Rb_tree_node_base
                0x0000000010009f0c        0x4 c:/intelfpga_lite/19.1/nios2eds/bin/gnu/h-x86_64-mingw32/bin/../lib/gcc/nios2-elf/8.3.1/../../../../../H-x86_64-mingw32/nios2-elf/lib\libstdc++.a(tree.o)
                0x0000000010009f0c                std::_Rb_tree_decrement(std::_Rb_tree_node_base const*)
 .text._ZSt20_Rb_tree_rotate_leftPSt18_Rb_tree_node_baseRS0_
                0x0000000010009f10       0x5c c:/intelfpga_lite/19.1/nios2eds/bin/gnu/h-x86_64-mingw32/bin/../lib/gcc/nios2-elf/8.3.1/../../../../../H-x86_64-mingw32/nios2-elf/lib\libstdc++.a(tree.o)
                0x0000000010009f10                std::_Rb_tree_rotate_left(std::_Rb_tree_node_base*, std::_Rb_tree_node_base*&)
 .text._ZSt21_Rb_tree_rotate_rightPSt18_Rb_tree_node_baseRS0_
                0x0000000010009f6c       0x5c c:/intelfpga_lite/19.1/nios2eds/bin/gnu/h-x86_64-mingw32/bin/../lib/gcc/nios2-elf/8.3.1/../../../../../H-x86_64-mingw32/nios2-elf/lib\libstdc++.a(tree.o)
                0x0000000010009f6c                std::_Rb_tree_rotate_right(std::_Rb_tree_node_base*, std::_Rb_tree_node_base*&)
 .text._ZSt29_Rb_tree_insert_and_rebalancebPSt18_Rb_tree_node_baseS0_RS_
                0x0000000010009fc8      0x254 c:/intelfpga_lite/19.1/nios2eds/bin/gnu/h-x86_64-mingw32/bin/../lib/gcc/nios2-elf/8.3.1/../../../../../H-x86_64-mingw32/nios2-elf/lib\libstdc++.a(tree.o)
                0x0000000010009fc8                std::_Rb_tree_insert_and_rebalance(bool, std::_Rb_tree_node_base*, std::_Rb_tree_node_base*, std::_Rb_tree_node_base&)
 .text._ZSt28_Rb_tree_rebalance_for_erasePSt18_Rb_tree_node_baseRS_
                0x000000001000a21c      0x4b4 c:/intelfpga_lite/19.1/nios2eds/bin/gnu/h-x86_64-mingw32/bin/../lib/gcc/nios2-elf/8.3.1/../../../../../H-x86_64-mingw32/nios2-elf/lib\libstdc++.a(tree.o)
                0x000000001000a21c                std::_Rb_tree_rebalance_for_erase(std::_Rb_tree_node_base*, std::_Rb_tree_node_base&)
 .text._ZSt20_Rb_tree_black_countPKSt18_Rb_tree_node_baseS1_
                0x000000001000a6d0       0x34 c:/intelfpga_lite/19.1/nios2eds/bin/gnu/h-x86_64-mingw32/bin/../lib/gcc/nios2-elf/8.3.1/../../../../../H-x86_64-mingw32/nios2-elf/lib\libstdc++.a(tree.o)
                0x000000001000a6d0                std::_Rb_tree_black_count(std::_Rb_tree_node_base const*, std::_Rb_tree_node_base const*)
 .text          0x000000001000a704        0x0 c:/intelfpga_lite/19.1/nios2eds/bin/gnu/h-x86_64-mingw32/bin/../lib/gcc/nios2-elf/8.3.1/../../../../../H-x86_64-mingw32/nios2-elf/lib\libstdc++.a(functexcept.o)
 .text._ZSt21__throw_bad_exceptionv
                0x000000001000a704       0x34 c:/intelfpga_lite/19.1/nios2eds/bin/gnu/h-x86_64-mingw32/bin/../lib/gcc/nios2-elf/8.3.1/../../../../../H-x86_64-mingw32/nios2-elf/lib\libstdc++.a(functexcept.o)
                0x000000001000a704                std::__throw_bad_exception()
 .text._ZSt17__throw_bad_allocv
                0x000000001000a738       0x34 c:/intelfpga_lite/19.1/nios2eds/bin/gnu/h-x86_64-mingw32/bin/../lib/gcc/nios2-elf/8.3.1/../../../../../H-x86_64-mingw32/nios2-elf/lib\libstdc++.a(functexcept.o)
                0x000000001000a738                std::__throw_bad_alloc()
 .text._ZSt16__throw_bad_castv
                0x000000001000a76c       0x34 c:/intelfpga_lite/19.1/nios2eds/bin/gnu/h-x86_64-mingw32/bin/../lib/gcc/nios2-elf/8.3.1/../../../../../H-x86_64-mingw32/nios2-elf/lib\libstdc++.a(functexcept.o)
                0x000000001000a76c                std::__throw_bad_cast()
 .text._ZSt18__throw_bad_typeidv
                0x000000001000a7a0       0x34 c:/intelfpga_lite/19.1/nios2eds/bin/gnu/h-x86_64-mingw32/bin/../lib/gcc/nios2-elf/8.3.1/../../../../../H-x86_64-mingw32/nios2-elf/lib\libstdc++.a(functexcept.o)
                0x000000001000a7a0                std::__throw_bad_typeid()
 .text._ZSt19__throw_logic_errorPKc
                0x000000001000a7d4       0xac c:/intelfpga_lite/19.1/nios2eds/bin/gnu/h-x86_64-mingw32/bin/../lib/gcc/nios2-elf/8.3.1/../../../../../H-x86_64-mingw32/nios2-elf/lib\libstdc++.a(functexcept.o)
                0x000000001000a7d4                std::__throw_logic_error(char const*)
 .text._ZSt20__throw_domain_errorPKc
                0x000000001000a880       0xac c:/intelfpga_lite/19.1/nios2eds/bin/gnu/h-x86_64-mingw32/bin/../lib/gcc/nios2-elf/8.3.1/../../../../../H-x86_64-mingw32/nios2-elf/lib\libstdc++.a(functexcept.o)
                0x000000001000a880                std::__throw_domain_error(char const*)
 .text._ZSt24__throw_invalid_argumentPKc
                0x000000001000a92c       0xac c:/intelfpga_lite/19.1/nios2eds/bin/gnu/h-x86_64-mingw32/bin/../lib/gcc/nios2-elf/8.3.1/../../../../../H-x86_64-mingw32/nios2-elf/lib\libstdc++.a(functexcept.o)
                0x000000001000a92c                std::__throw_invalid_argument(char const*)
 .text._ZSt20__throw_length_errorPKc
                0x000000001000a9d8       0xac c:/intelfpga_lite/19.1/nios2eds/bin/gnu/h-x86_64-mingw32/bin/../lib/gcc/nios2-elf/8.3.1/../../../../../H-x86_64-mingw32/nios2-elf/lib\libstdc++.a(functexcept.o)
                0x000000001000a9d8                std::__throw_length_error(char const*)
 .text._ZSt20__throw_out_of_rangePKc
                0x000000001000aa84       0xac c:/intelfpga_lite/19.1/nios2eds/bin/gnu/h-x86_64-mingw32/bin/../lib/gcc/nios2-elf/8.3.1/../../../../../H-x86_64-mingw32/nios2-elf/lib\libstdc++.a(functexcept.o)
                0x000000001000aa84                std::__throw_out_of_range(char const*)
 .text._ZSt24__throw_out_of_range_fmtPKcz
                0x000000001000ab30       0xf4 c:/intelfpga_lite/19.1/nios2eds/bin/gnu/h-x86_64-mingw32/bin/../lib/gcc/nios2-elf/8.3.1/../../../../../H-x86_64-mingw32/nios2-elf/lib\libstdc++.a(functexcept.o)
                0x000000001000ab30                std::__throw_out_of_range_fmt(char const*, ...)
 .text._ZSt21__throw_runtime_errorPKc
                0x000000001000ac24       0xac c:/intelfpga_lite/19.1/nios2eds/bin/gnu/h-x86_64-mingw32/bin/../lib/gcc/nios2-elf/8.3.1/../../../../../H-x86_64-mingw32/nios2-elf/lib\libstdc++.a(functexcept.o)
                0x000000001000ac24                std::__throw_runtime_error(char const*)
 .text._ZSt19__throw_range_errorPKc
                0x000000001000acd0       0xac c:/intelfpga_lite/19.1/nios2eds/bin/gnu/h-x86_64-mingw32/bin/../lib/gcc/nios2-elf/8.3.1/../../../../../H-x86_64-mingw32/nios2-elf/lib\libstdc++.a(functexcept.o)
                0x000000001000acd0                std::__throw_range_error(char const*)
 .text._ZSt22__throw_overflow_errorPKc
                0x000000001000ad7c       0xac c:/intelfpga_lite/19.1/nios2eds/bin/gnu/h-x86_64-mingw32/bin/../lib/gcc/nios2-elf/8.3.1/../../../../../H-x86_64-mingw32/nios2-elf/lib\libstdc++.a(functexcept.o)
                0x000000001000ad7c                std::__throw_overflow_error(char const*)
 .text._ZSt23__throw_underflow_errorPKc
                0x000000001000ae28       0xac c:/intelfpga_lite/19.1/nios2eds/bin/gnu/h-x86_64-mingw32/bin/../lib/gcc/nios2-elf/8.3.1/../../../../../H-x86_64-mingw32/nios2-elf/lib\libstdc++.a(functexcept.o)
                0x000000001000ae28                std::__throw_underflow_error(char const*)
 .text          0x000000001000aed4        0x0 c:/intelfpga_lite/19.1/nios2eds/bin/gnu/h-x86_64-mingw32/bin/../lib/gcc/nios2-elf/8.3.1/../../../../../H-x86_64-mingw32/nios2-elf/lib\libstdc++.a(snprintf_lite.o)
 .text._ZN9__gnu_cxx26__throw_insufficient_spaceEPKcS1_
                0x000000001000aed4       0x80 c:/intelfpga_lite/19.1/nios2eds/bin/gnu/h-x86_64-mingw32/bin/../lib/gcc/nios2-elf/8.3.1/../../../../../H-x86_64-mingw32/nios2-elf/lib\libstdc++.a(snprintf_lite.o)
                0x000000001000aed4                __gnu_cxx::__throw_insufficient_space(char const*, char const*)
 .text._ZN9__gnu_cxx15__concat_size_tEPcjj
                0x000000001000af54       0xe0 c:/intelfpga_lite/19.1/nios2eds/bin/gnu/h-x86_64-mingw32/bin/../lib/gcc/nios2-elf/8.3.1/../../../../../H-x86_64-mingw32/nios2-elf/lib\libstdc++.a(snprintf_lite.o)
                0x000000001000af54                __gnu_cxx::__concat_size_t(char*, unsigned int, unsigned int)
 .text._ZN9__gnu_cxx15__snprintf_liteEPcjPKcPv
                0x000000001000b034      0x150 c:/intelfpga_lite/19.1/nios2eds/bin/gnu/h-x86_64-mingw32/bin/../lib/gcc/nios2-elf/8.3.1/../../../../../H-x86_64-mingw32/nios2-elf/lib\libstdc++.a(snprintf_lite.o)
                0x000000001000b034                __gnu_cxx::__snprintf_lite(char*, unsigned int, char const*, void*)
 .text          0x000000001000b184        0x0 c:/intelfpga_lite/19.1/nios2eds/bin/gnu/h-x86_64-mingw32/bin/../lib/gcc/nios2-elf/8.3.1/../../../../../H-x86_64-mingw32/nios2-elf/lib\libstdc++.a(cow-stdexcept.o)
 .text._Z27_txnal_cow_string_D1_commitPv
                0x000000001000b184       0x3c c:/intelfpga_lite/19.1/nios2eds/bin/gnu/h-x86_64-mingw32/bin/../lib/gcc/nios2-elf/8.3.1/../../../../../H-x86_64-mingw32/nios2-elf/lib\libstdc++.a(cow-stdexcept.o)
                0x000000001000b184                _txnal_cow_string_D1_commit(void*)
 .text._ZNSt11logic_errorC2ERKS_
                0x000000001000b1c0       0x70 c:/intelfpga_lite/19.1/nios2eds/bin/gnu/h-x86_64-mingw32/bin/../lib/gcc/nios2-elf/8.3.1/../../../../../H-x86_64-mingw32/nios2-elf/lib\libstdc++.a(cow-stdexcept.o)
                0x000000001000b1c0                std::logic_error::logic_error(std::logic_error const&)
                0x000000001000b1c0                std::logic_error::logic_error(std::logic_error const&)
 .text._ZNSt11logic_erroraSERKS_
                0x000000001000b230       0x68 c:/intelfpga_lite/19.1/nios2eds/bin/gnu/h-x86_64-mingw32/bin/../lib/gcc/nios2-elf/8.3.1/../../../../../H-x86_64-mingw32/nios2-elf/lib\libstdc++.a(cow-stdexcept.o)
                0x000000001000b230                std::logic_error::operator=(std::logic_error const&)
 .text._ZNSt13runtime_errorC2ERKS_
                0x000000001000b298       0x70 c:/intelfpga_lite/19.1/nios2eds/bin/gnu/h-x86_64-mingw32/bin/../lib/gcc/nios2-elf/8.3.1/../../../../../H-x86_64-mingw32/nios2-elf/lib\libstdc++.a(cow-stdexcept.o)
                0x000000001000b298                std::runtime_error::runtime_error(std::runtime_error const&)
                0x000000001000b298                std::runtime_error::runtime_error(std::runtime_error const&)
 .text._ZNSt13runtime_erroraSERKS_
                0x000000001000b308       0x68 c:/intelfpga_lite/19.1/nios2eds/bin/gnu/h-x86_64-mingw32/bin/../lib/gcc/nios2-elf/8.3.1/../../../../../H-x86_64-mingw32/nios2-elf/lib\libstdc++.a(cow-stdexcept.o)
                0x000000001000b308                std::runtime_error::operator=(std::runtime_error const&)
 .text._ZNSt11logic_errorC2EPKc
                0x000000001000b370       0xac c:/intelfpga_lite/19.1/nios2eds/bin/gnu/h-x86_64-mingw32/bin/../lib/gcc/nios2-elf/8.3.1/../../../../../H-x86_64-mingw32/nios2-elf/lib\libstdc++.a(cow-stdexcept.o)
                0x000000001000b370                std::logic_error::logic_error(char const*)
                0x000000001000b370                std::logic_error::logic_error(char const*)
 .text._ZNSt12domain_errorC2EPKc
                0x000000001000b41c       0x30 c:/intelfpga_lite/19.1/nios2eds/bin/gnu/h-x86_64-mingw32/bin/../lib/gcc/nios2-elf/8.3.1/../../../../../H-x86_64-mingw32/nios2-elf/lib\libstdc++.a(cow-stdexcept.o)
                0x000000001000b41c                std::domain_error::domain_error(char const*)
                0x000000001000b41c                std::domain_error::domain_error(char const*)
 .text._ZNSt16invalid_argumentC2EPKc
                0x000000001000b44c       0x30 c:/intelfpga_lite/19.1/nios2eds/bin/gnu/h-x86_64-mingw32/bin/../lib/gcc/nios2-elf/8.3.1/../../../../../H-x86_64-mingw32/nios2-elf/lib\libstdc++.a(cow-stdexcept.o)
                0x000000001000b44c                std::invalid_argument::invalid_argument(char const*)
                0x000000001000b44c                std::invalid_argument::invalid_argument(char const*)
 .text._ZNSt12length_errorC2EPKc
                0x000000001000b47c       0x30 c:/intelfpga_lite/19.1/nios2eds/bin/gnu/h-x86_64-mingw32/bin/../lib/gcc/nios2-elf/8.3.1/../../../../../H-x86_64-mingw32/nios2-elf/lib\libstdc++.a(cow-stdexcept.o)
                0x000000001000b47c                std::length_error::length_error(char const*)
                0x000000001000b47c                std::length_error::length_error(char const*)
 .text._ZNSt12out_of_rangeC2EPKc
                0x000000001000b4ac       0x30 c:/intelfpga_lite/19.1/nios2eds/bin/gnu/h-x86_64-mingw32/bin/../lib/gcc/nios2-elf/8.3.1/../../../../../H-x86_64-mingw32/nios2-elf/lib\libstdc++.a(cow-stdexcept.o)
                0x000000001000b4ac                std::out_of_range::out_of_range(char const*)
                0x000000001000b4ac                std::out_of_range::out_of_range(char const*)
 .text._ZNSt13runtime_errorC2EPKc
                0x000000001000b4dc       0xac c:/intelfpga_lite/19.1/nios2eds/bin/gnu/h-x86_64-mingw32/bin/../lib/gcc/nios2-elf/8.3.1/../../../../../H-x86_64-mingw32/nios2-elf/lib\libstdc++.a(cow-stdexcept.o)
                0x000000001000b4dc                std::runtime_error::runtime_error(char const*)
                0x000000001000b4dc                std::runtime_error::runtime_error(char const*)
 .text._ZNSt11range_errorC2EPKc
                0x000000001000b588       0x30 c:/intelfpga_lite/19.1/nios2eds/bin/gnu/h-x86_64-mingw32/bin/../lib/gcc/nios2-elf/8.3.1/../../../../../H-x86_64-mingw32/nios2-elf/lib\libstdc++.a(cow-stdexcept.o)
                0x000000001000b588                std::range_error::range_error(char const*)
                0x000000001000b588                std::range_error::range_error(char const*)
 .text._ZNSt14overflow_errorC2EPKc
                0x000000001000b5b8       0x30 c:/intelfpga_lite/19.1/nios2eds/bin/gnu/h-x86_64-mingw32/bin/../lib/gcc/nios2-elf/8.3.1/../../../../../H-x86_64-mingw32/nios2-elf/lib\libstdc++.a(cow-stdexcept.o)
                0x000000001000b5b8                std::overflow_error::overflow_error(char const*)
                0x000000001000b5b8                std::overflow_error::overflow_error(char const*)
 .text._ZNSt15underflow_errorC2EPKc
                0x000000001000b5e8       0x30 c:/intelfpga_lite/19.1/nios2eds/bin/gnu/h-x86_64-mingw32/bin/../lib/gcc/nios2-elf/8.3.1/../../../../../H-x86_64-mingw32/nios2-elf/lib\libstdc++.a(cow-stdexcept.o)
                0x000000001000b5e8                std::underflow_error::underflow_error(char const*)
                0x000000001000b5e8                std::underflow_error::underflow_error(char const*)
 .text._ZNSt12__sso_stringC2ERKSs
                0x000000001000b618        0xc c:/intelfpga_lite/19.1/nios2eds/bin/gnu/h-x86_64-mingw32/bin/../lib/gcc/nios2-elf/8.3.1/../../../../../H-x86_64-mingw32/nios2-elf/lib\libstdc++.a(cow-stdexcept.o)
                0x000000001000b618                std::__sso_string::__sso_string(std::string const&)
                0x000000001000b618                std::__sso_string::__sso_string(std::string const&)
 .text._ZNSt12__cow_stringC2Ev
                0x000000001000b624       0x10 c:/intelfpga_lite/19.1/nios2eds/bin/gnu/h-x86_64-mingw32/bin/../lib/gcc/nios2-elf/8.3.1/../../../../../H-x86_64-mingw32/nios2-elf/lib\libstdc++.a(cow-stdexcept.o)
                0x000000001000b624                std::__cow_string::__cow_string()
                0x000000001000b624                std::__cow_string::__cow_string()
 .text._ZNSt12__cow_stringC2ERKSs
                0x000000001000b634        0x4 c:/intelfpga_lite/19.1/nios2eds/bin/gnu/h-x86_64-mingw32/bin/../lib/gcc/nios2-elf/8.3.1/../../../../../H-x86_64-mingw32/nios2-elf/lib\libstdc++.a(cow-stdexcept.o)
                0x000000001000b634                std::__cow_string::__cow_string(std::string const&)
                0x000000001000b634                std::__cow_string::__cow_string(std::string const&)
 .text._ZNSt12__cow_stringC2EPKcj
                0x000000001000b638       0x1c c:/intelfpga_lite/19.1/nios2eds/bin/gnu/h-x86_64-mingw32/bin/../lib/gcc/nios2-elf/8.3.1/../../../../../H-x86_64-mingw32/nios2-elf/lib\libstdc++.a(cow-stdexcept.o)
                0x000000001000b638                std::__cow_string::__cow_string(char const*, unsigned int)
                0x000000001000b638                std::__cow_string::__cow_string(char const*, unsigned int)
 .text._ZNSt12__cow_stringC2ERKS_
                0x000000001000b654       0x5c c:/intelfpga_lite/19.1/nios2eds/bin/gnu/h-x86_64-mingw32/bin/../lib/gcc/nios2-elf/8.3.1/../../../../../H-x86_64-mingw32/nios2-elf/lib\libstdc++.a(cow-stdexcept.o)
                0x000000001000b654                std::__cow_string::__cow_string(std::__cow_string const&)
                0x000000001000b654                std::__cow_string::__cow_string(std::__cow_string const&)
 .text._ZNSt12__cow_stringaSERKS_
                0x000000001000b6b0       0x60 c:/intelfpga_lite/19.1/nios2eds/bin/gnu/h-x86_64-mingw32/bin/../lib/gcc/nios2-elf/8.3.1/../../../../../H-x86_64-mingw32/nios2-elf/lib\libstdc++.a(cow-stdexcept.o)
                0x000000001000b6b0                std::__cow_string::operator=(std::__cow_string const&)
 .text._ZNSt12__cow_stringD2Ev
                0x000000001000b710       0x44 c:/intelfpga_lite/19.1/nios2eds/bin/gnu/h-x86_64-mingw32/bin/../lib/gcc/nios2-elf/8.3.1/../../../../../H-x86_64-mingw32/nios2-elf/lib\libstdc++.a(cow-stdexcept.o)
                0x000000001000b710                std::__cow_string::~__cow_string()
                0x000000001000b710                std::__cow_string::~__cow_string()
 .text._ZNSt12__cow_stringC2EOS_
                0x000000001000b754       0x18 c:/intelfpga_lite/19.1/nios2eds/bin/gnu/h-x86_64-mingw32/bin/../lib/gcc/nios2-elf/8.3.1/../../../../../H-x86_64-mingw32/nios2-elf/lib\libstdc++.a(cow-stdexcept.o)
                0x000000001000b754                std::__cow_string::__cow_string(std::__cow_string&&)
                0x000000001000b754                std::__cow_string::__cow_string(std::__cow_string&&)
 .text._ZNSt12__cow_stringaSEOS_
                0x000000001000b76c       0x60 c:/intelfpga_lite/19.1/nios2eds/bin/gnu/h-x86_64-mingw32/bin/../lib/gcc/nios2-elf/8.3.1/../../../../../H-x86_64-mingw32/nios2-elf/lib\libstdc++.a(cow-stdexcept.o)
                0x000000001000b76c                std::__cow_string::operator=(std::__cow_string&&)
 .text._ZNKSt3_V214error_category10_M_messageEi
                0x000000001000b7cc      0x118 c:/intelfpga_lite/19.1/nios2eds/bin/gnu/h-x86_64-mingw32/bin/../lib/gcc/nios2-elf/8.3.1/../../../../../H-x86_64-mingw32/nios2-elf/lib\libstdc++.a(cow-stdexcept.o)
                0x000000001000b7cc                std::_V2::error_category::_M_message(int) const
 .text._Z35_txnal_cow_string_C1_for_exceptionsPvPKcS_
                0x000000001000b8e4      0x13c c:/intelfpga_lite/19.1/nios2eds/bin/gnu/h-x86_64-mingw32/bin/../lib/gcc/nios2-elf/8.3.1/../../../../../H-x86_64-mingw32/nios2-elf/lib\libstdc++.a(cow-stdexcept.o)
                0x000000001000b8e4                _txnal_cow_string_C1_for_exceptions(void*, char const*, void*)
 .text._Z23_txnal_cow_string_c_strPKv
                0x000000001000ba20        0x4 c:/intelfpga_lite/19.1/nios2eds/bin/gnu/h-x86_64-mingw32/bin/../lib/gcc/nios2-elf/8.3.1/../../../../../H-x86_64-mingw32/nios2-elf/lib\libstdc++.a(cow-stdexcept.o)
                0x000000001000ba20                _txnal_cow_string_c_str(void const*)
 .text._Z23_txnal_sso_string_c_strPKv
                0x000000001000ba24        0x4 c:/intelfpga_lite/19.1/nios2eds/bin/gnu/h-x86_64-mingw32/bin/../lib/gcc/nios2-elf/8.3.1/../../../../../H-x86_64-mingw32/nios2-elf/lib\libstdc++.a(cow-stdexcept.o)
                0x000000001000ba24                _txnal_sso_string_c_str(void const*)
 .text._Z20_txnal_cow_string_D1Pv
                0x000000001000ba28       0x2c c:/intelfpga_lite/19.1/nios2eds/bin/gnu/h-x86_64-mingw32/bin/../lib/gcc/nios2-elf/8.3.1/../../../../../H-x86_64-mingw32/nios2-elf/lib\libstdc++.a(cow-stdexcept.o)
                0x000000001000ba28                _txnal_cow_string_D1(void*)
 .text._Z26_txnal_logic_error_get_msgPv
                0x000000001000ba54        0x8 c:/intelfpga_lite/19.1/nios2eds/bin/gnu/h-x86_64-mingw32/bin/../lib/gcc/nios2-elf/8.3.1/../../../../../H-x86_64-mingw32/nios2-elf/lib\libstdc++.a(cow-stdexcept.o)
                0x000000001000ba54                _txnal_logic_error_get_msg(void*)
 .text._Z28_txnal_runtime_error_get_msgPv
                0x000000001000ba5c        0x8 c:/intelfpga_lite/19.1/nios2eds/bin/gnu/h-x86_64-mingw32/bin/../lib/gcc/nios2-elf/8.3.1/../../../../../H-x86_64-mingw32/nios2-elf/lib\libstdc++.a(cow-stdexcept.o)
                0x000000001000ba5c                _txnal_runtime_error_get_msg(void*)
 .text._ZGTtNSt11logic_errorC1EPKc
                0x000000001000ba64       0xd4 c:/intelfpga_lite/19.1/nios2eds/bin/gnu/h-x86_64-mingw32/bin/../lib/gcc/nios2-elf/8.3.1/../../../../../H-x86_64-mingw32/nios2-elf/lib\libstdc++.a(cow-stdexcept.o)
                0x000000001000ba64                transaction clone for std::logic_error::logic_error(char const*)
                0x000000001000ba64                transaction clone for std::logic_error::logic_error(char const*)
 .text._ZGTtNSt11logic_errorC1ERKNSt7__cxx1112basic_stringIcSt11char_traitsIcESaIcEEE
                0x000000001000bb38       0xe8 c:/intelfpga_lite/19.1/nios2eds/bin/gnu/h-x86_64-mingw32/bin/../lib/gcc/nios2-elf/8.3.1/../../../../../H-x86_64-mingw32/nios2-elf/lib\libstdc++.a(cow-stdexcept.o)
                0x000000001000bb38                transaction clone for std::logic_error::logic_error(std::__cxx11::basic_string<char, std::char_traits<char>, std::allocator<char> > const&)
                0x000000001000bb38                transaction clone for std::logic_error::logic_error(std::__cxx11::basic_string<char, std::char_traits<char>, std::allocator<char> > const&)
 .text._ZGTtNSt11logic_errorD1Ev
                0x000000001000bc20        0x8 c:/intelfpga_lite/19.1/nios2eds/bin/gnu/h-x86_64-mingw32/bin/../lib/gcc/nios2-elf/8.3.1/../../../../../H-x86_64-mingw32/nios2-elf/lib\libstdc++.a(cow-stdexcept.o)
                0x000000001000bc20                transaction clone for std::logic_error::~logic_error()
                0x000000001000bc20                transaction clone for std::logic_error::~logic_error()
 .text._ZGTtNSt11logic_errorD0Ev
                0x000000001000bc28       0x2c c:/intelfpga_lite/19.1/nios2eds/bin/gnu/h-x86_64-mingw32/bin/../lib/gcc/nios2-elf/8.3.1/../../../../../H-x86_64-mingw32/nios2-elf/lib\libstdc++.a(cow-stdexcept.o)
                0x000000001000bc28                transaction clone for std::logic_error::~logic_error()
 .text._ZGTtNKSt11logic_error4whatEv
                0x000000001000bc54        0x8 c:/intelfpga_lite/19.1/nios2eds/bin/gnu/h-x86_64-mingw32/bin/../lib/gcc/nios2-elf/8.3.1/../../../../../H-x86_64-mingw32/nios2-elf/lib\libstdc++.a(cow-stdexcept.o)
                0x000000001000bc54                transaction clone for std::logic_error::what() const
 .text._ZGTtNSt12domain_errorC1EPKc
                0x000000001000bc5c       0xe0 c:/intelfpga_lite/19.1/nios2eds/bin/gnu/h-x86_64-mingw32/bin/../lib/gcc/nios2-elf/8.3.1/../../../../../H-x86_64-mingw32/nios2-elf/lib\libstdc++.a(cow-stdexcept.o)
                0x000000001000bc5c                transaction clone for std::domain_error::domain_error(char const*)
                0x000000001000bc5c                transaction clone for std::domain_error::domain_error(char const*)
 .text._ZGTtNSt12domain_errorC1ERKNSt7__cxx1112basic_stringIcSt11char_traitsIcESaIcEEE
                0x000000001000bd3c       0xf4 c:/intelfpga_lite/19.1/nios2eds/bin/gnu/h-x86_64-mingw32/bin/../lib/gcc/nios2-elf/8.3.1/../../../../../H-x86_64-mingw32/nios2-elf/lib\libstdc++.a(cow-stdexcept.o)
                0x000000001000bd3c                transaction clone for std::domain_error::domain_error(std::__cxx11::basic_string<char, std::char_traits<char>, std::allocator<char> > const&)
                0x000000001000bd3c                transaction clone for std::domain_error::domain_error(std::__cxx11::basic_string<char, std::char_traits<char>, std::allocator<char> > const&)
 .text._ZGTtNSt12domain_errorD1Ev
                0x000000001000be30        0x8 c:/intelfpga_lite/19.1/nios2eds/bin/gnu/h-x86_64-mingw32/bin/../lib/gcc/nios2-elf/8.3.1/../../../../../H-x86_64-mingw32/nios2-elf/lib\libstdc++.a(cow-stdexcept.o)
                0x000000001000be30                transaction clone for std::domain_error::~domain_error()
                0x000000001000be30                transaction clone for std::domain_error::~domain_error()
 .text._ZGTtNSt12domain_errorD0Ev
                0x000000001000be38       0x2c c:/intelfpga_lite/19.1/nios2eds/bin/gnu/h-x86_64-mingw32/bin/../lib/gcc/nios2-elf/8.3.1/../../../../../H-x86_64-mingw32/nios2-elf/lib\libstdc++.a(cow-stdexcept.o)
                0x000000001000be38                transaction clone for std::domain_error::~domain_error()
 .text._ZGTtNSt16invalid_argumentC1EPKc
                0x000000001000be64       0xe0 c:/intelfpga_lite/19.1/nios2eds/bin/gnu/h-x86_64-mingw32/bin/../lib/gcc/nios2-elf/8.3.1/../../../../../H-x86_64-mingw32/nios2-elf/lib\libstdc++.a(cow-stdexcept.o)
                0x000000001000be64                transaction clone for std::invalid_argument::invalid_argument(char const*)
                0x000000001000be64                transaction clone for std::invalid_argument::invalid_argument(char const*)
 .text._ZGTtNSt16invalid_argumentC1ERKNSt7__cxx1112basic_stringIcSt11char_traitsIcESaIcEEE
                0x000000001000bf44       0xf4 c:/intelfpga_lite/19.1/nios2eds/bin/gnu/h-x86_64-mingw32/bin/../lib/gcc/nios2-elf/8.3.1/../../../../../H-x86_64-mingw32/nios2-elf/lib\libstdc++.a(cow-stdexcept.o)
                0x000000001000bf44                transaction clone for std::invalid_argument::invalid_argument(std::__cxx11::basic_string<char, std::char_traits<char>, std::allocator<char> > const&)
                0x000000001000bf44                transaction clone for std::invalid_argument::invalid_argument(std::__cxx11::basic_string<char, std::char_traits<char>, std::allocator<char> > const&)
 .text._ZGTtNSt16invalid_argumentD1Ev
                0x000000001000c038        0x8 c:/intelfpga_lite/19.1/nios2eds/bin/gnu/h-x86_64-mingw32/bin/../lib/gcc/nios2-elf/8.3.1/../../../../../H-x86_64-mingw32/nios2-elf/lib\libstdc++.a(cow-stdexcept.o)
                0x000000001000c038                transaction clone for std::invalid_argument::~invalid_argument()
                0x000000001000c038                transaction clone for std::invalid_argument::~invalid_argument()
 .text._ZGTtNSt16invalid_argumentD0Ev
                0x000000001000c040       0x2c c:/intelfpga_lite/19.1/nios2eds/bin/gnu/h-x86_64-mingw32/bin/../lib/gcc/nios2-elf/8.3.1/../../../../../H-x86_64-mingw32/nios2-elf/lib\libstdc++.a(cow-stdexcept.o)
                0x000000001000c040                transaction clone for std::invalid_argument::~invalid_argument()
 .text._ZGTtNSt12length_errorC1EPKc
                0x000000001000c06c       0xe0 c:/intelfpga_lite/19.1/nios2eds/bin/gnu/h-x86_64-mingw32/bin/../lib/gcc/nios2-elf/8.3.1/../../../../../H-x86_64-mingw32/nios2-elf/lib\libstdc++.a(cow-stdexcept.o)
                0x000000001000c06c                transaction clone for std::length_error::length_error(char const*)
                0x000000001000c06c                transaction clone for std::length_error::length_error(char const*)
 .text._ZGTtNSt12length_errorC1ERKNSt7__cxx1112basic_stringIcSt11char_traitsIcESaIcEEE
                0x000000001000c14c       0xf4 c:/intelfpga_lite/19.1/nios2eds/bin/gnu/h-x86_64-mingw32/bin/../lib/gcc/nios2-elf/8.3.1/../../../../../H-x86_64-mingw32/nios2-elf/lib\libstdc++.a(cow-stdexcept.o)
                0x000000001000c14c                transaction clone for std::length_error::length_error(std::__cxx11::basic_string<char, std::char_traits<char>, std::allocator<char> > const&)
                0x000000001000c14c                transaction clone for std::length_error::length_error(std::__cxx11::basic_string<char, std::char_traits<char>, std::allocator<char> > const&)
 .text._ZGTtNSt12length_errorD1Ev
                0x000000001000c240        0x8 c:/intelfpga_lite/19.1/nios2eds/bin/gnu/h-x86_64-mingw32/bin/../lib/gcc/nios2-elf/8.3.1/../../../../../H-x86_64-mingw32/nios2-elf/lib\libstdc++.a(cow-stdexcept.o)
                0x000000001000c240                transaction clone for std::length_error::~length_error()
                0x000000001000c240                transaction clone for std::length_error::~length_error()
 .text._ZGTtNSt12length_errorD0Ev
                0x000000001000c248       0x2c c:/intelfpga_lite/19.1/nios2eds/bin/gnu/h-x86_64-mingw32/bin/../lib/gcc/nios2-elf/8.3.1/../../../../../H-x86_64-mingw32/nios2-elf/lib\libstdc++.a(cow-stdexcept.o)
                0x000000001000c248                transaction clone for std::length_error::~length_error()
 .text._ZGTtNSt12out_of_rangeC1EPKc
                0x000000001000c274       0xe0 c:/intelfpga_lite/19.1/nios2eds/bin/gnu/h-x86_64-mingw32/bin/../lib/gcc/nios2-elf/8.3.1/../../../../../H-x86_64-mingw32/nios2-elf/lib\libstdc++.a(cow-stdexcept.o)
                0x000000001000c274                transaction clone for std::out_of_range::out_of_range(char const*)
                0x000000001000c274                transaction clone for std::out_of_range::out_of_range(char const*)
 .text._ZGTtNSt12out_of_rangeC1ERKNSt7__cxx1112basic_stringIcSt11char_traitsIcESaIcEEE
                0x000000001000c354       0xf4 c:/intelfpga_lite/19.1/nios2eds/bin/gnu/h-x86_64-mingw32/bin/../lib/gcc/nios2-elf/8.3.1/../../../../../H-x86_64-mingw32/nios2-elf/lib\libstdc++.a(cow-stdexcept.o)
                0x000000001000c354                transaction clone for std::out_of_range::out_of_range(std::__cxx11::basic_string<char, std::char_traits<char>, std::allocator<char> > const&)
                0x000000001000c354                transaction clone for std::out_of_range::out_of_range(std::__cxx11::basic_string<char, std::char_traits<char>, std::allocator<char> > const&)
 .text._ZGTtNSt12out_of_rangeD1Ev
                0x000000001000c448        0x8 c:/intelfpga_lite/19.1/nios2eds/bin/gnu/h-x86_64-mingw32/bin/../lib/gcc/nios2-elf/8.3.1/../../../../../H-x86_64-mingw32/nios2-elf/lib\libstdc++.a(cow-stdexcept.o)
                0x000000001000c448                transaction clone for std::out_of_range::~out_of_range()
                0x000000001000c448                transaction clone for std::out_of_range::~out_of_range()
 .text._ZGTtNSt12out_of_rangeD0Ev
                0x000000001000c450       0x2c c:/intelfpga_lite/19.1/nios2eds/bin/gnu/h-x86_64-mingw32/bin/../lib/gcc/nios2-elf/8.3.1/../../../../../H-x86_64-mingw32/nios2-elf/lib\libstdc++.a(cow-stdexcept.o)
                0x000000001000c450                transaction clone for std::out_of_range::~out_of_range()
 .text._ZGTtNSt13runtime_errorC1EPKc
                0x000000001000c47c       0xd4 c:/intelfpga_lite/19.1/nios2eds/bin/gnu/h-x86_64-mingw32/bin/../lib/gcc/nios2-elf/8.3.1/../../../../../H-x86_64-mingw32/nios2-elf/lib\libstdc++.a(cow-stdexcept.o)
                0x000000001000c47c                transaction clone for std::runtime_error::runtime_error(char const*)
                0x000000001000c47c                transaction clone for std::runtime_error::runtime_error(char const*)
 .text._ZGTtNSt13runtime_errorC1ERKNSt7__cxx1112basic_stringIcSt11char_traitsIcESaIcEEE
                0x000000001000c550       0xe8 c:/intelfpga_lite/19.1/nios2eds/bin/gnu/h-x86_64-mingw32/bin/../lib/gcc/nios2-elf/8.3.1/../../../../../H-x86_64-mingw32/nios2-elf/lib\libstdc++.a(cow-stdexcept.o)
                0x000000001000c550                transaction clone for std::runtime_error::runtime_error(std::__cxx11::basic_string<char, std::char_traits<char>, std::allocator<char> > const&)
                0x000000001000c550                transaction clone for std::runtime_error::runtime_error(std::__cxx11::basic_string<char, std::char_traits<char>, std::allocator<char> > const&)
 .text._ZGTtNSt13runtime_errorD1Ev
                0x000000001000c638        0x8 c:/intelfpga_lite/19.1/nios2eds/bin/gnu/h-x86_64-mingw32/bin/../lib/gcc/nios2-elf/8.3.1/../../../../../H-x86_64-mingw32/nios2-elf/lib\libstdc++.a(cow-stdexcept.o)
                0x000000001000c638                transaction clone for std::runtime_error::~runtime_error()
                0x000000001000c638                transaction clone for std::runtime_error::~runtime_error()
 .text._ZGTtNSt13runtime_errorD0Ev
                0x000000001000c640       0x2c c:/intelfpga_lite/19.1/nios2eds/bin/gnu/h-x86_64-mingw32/bin/../lib/gcc/nios2-elf/8.3.1/../../../../../H-x86_64-mingw32/nios2-elf/lib\libstdc++.a(cow-stdexcept.o)
                0x000000001000c640                transaction clone for std::runtime_error::~runtime_error()
 .text._ZGTtNKSt13runtime_error4whatEv
                0x000000001000c66c        0x8 c:/intelfpga_lite/19.1/nios2eds/bin/gnu/h-x86_64-mingw32/bin/../lib/gcc/nios2-elf/8.3.1/../../../../../H-x86_64-mingw32/nios2-elf/lib\libstdc++.a(cow-stdexcept.o)
                0x000000001000c66c                transaction clone for std::runtime_error::what() const
 .text._ZGTtNSt11range_errorC1EPKc
                0x000000001000c674       0xe0 c:/intelfpga_lite/19.1/nios2eds/bin/gnu/h-x86_64-mingw32/bin/../lib/gcc/nios2-elf/8.3.1/../../../../../H-x86_64-mingw32/nios2-elf/lib\libstdc++.a(cow-stdexcept.o)
                0x000000001000c674                transaction clone for std::range_error::range_error(char const*)
                0x000000001000c674                transaction clone for std::range_error::range_error(char const*)
 .text._ZGTtNSt11range_errorC1ERKNSt7__cxx1112basic_stringIcSt11char_traitsIcESaIcEEE
                0x000000001000c754       0xf4 c:/intelfpga_lite/19.1/nios2eds/bin/gnu/h-x86_64-mingw32/bin/../lib/gcc/nios2-elf/8.3.1/../../../../../H-x86_64-mingw32/nios2-elf/lib\libstdc++.a(cow-stdexcept.o)